Archive member included to satisfy reference by file (symbol)

/opt/st/stm32cubeide_1.6.1/plugins/com.st.stm32cube.ide.mcu.externaltools.gnu-tools-for-stm32.9-2020-q2-update.linux64_1.5.0.202011040924/tools/bin/../lib/gcc/arm-none-eabi/9.3.1/../../../../arm-none-eabi/lib/thumb/v7e-m+fp/hard/libc_nano.a(lib_a-errno.o)
                              Core/Src/syscalls.o (__errno)
/opt/st/stm32cubeide_1.6.1/plugins/com.st.stm32cube.ide.mcu.externaltools.gnu-tools-for-stm32.9-2020-q2-update.linux64_1.5.0.202011040924/tools/bin/../lib/gcc/arm-none-eabi/9.3.1/../../../../arm-none-eabi/lib/thumb/v7e-m+fp/hard/libc_nano.a(lib_a-exit.o)
                              /opt/st/stm32cubeide_1.6.1/plugins/com.st.stm32cube.ide.mcu.externaltools.gnu-tools-for-stm32.9-2020-q2-update.linux64_1.5.0.202011040924/tools/bin/../lib/gcc/arm-none-eabi/9.3.1/../../../../arm-none-eabi/lib/thumb/v7e-m+fp/hard/crt0.o (exit)
/opt/st/stm32cubeide_1.6.1/plugins/com.st.stm32cube.ide.mcu.externaltools.gnu-tools-for-stm32.9-2020-q2-update.linux64_1.5.0.202011040924/tools/bin/../lib/gcc/arm-none-eabi/9.3.1/../../../../arm-none-eabi/lib/thumb/v7e-m+fp/hard/libc_nano.a(lib_a-impure.o)
                              /opt/st/stm32cubeide_1.6.1/plugins/com.st.stm32cube.ide.mcu.externaltools.gnu-tools-for-stm32.9-2020-q2-update.linux64_1.5.0.202011040924/tools/bin/../lib/gcc/arm-none-eabi/9.3.1/../../../../arm-none-eabi/lib/thumb/v7e-m+fp/hard/libc_nano.a(lib_a-exit.o) (_global_impure_ptr)
/opt/st/stm32cubeide_1.6.1/plugins/com.st.stm32cube.ide.mcu.externaltools.gnu-tools-for-stm32.9-2020-q2-update.linux64_1.5.0.202011040924/tools/bin/../lib/gcc/arm-none-eabi/9.3.1/../../../../arm-none-eabi/lib/thumb/v7e-m+fp/hard/libc_nano.a(lib_a-init.o)
                              /opt/st/stm32cubeide_1.6.1/plugins/com.st.stm32cube.ide.mcu.externaltools.gnu-tools-for-stm32.9-2020-q2-update.linux64_1.5.0.202011040924/tools/bin/../lib/gcc/arm-none-eabi/9.3.1/../../../../arm-none-eabi/lib/thumb/v7e-m+fp/hard/crt0.o (__libc_init_array)
/opt/st/stm32cubeide_1.6.1/plugins/com.st.stm32cube.ide.mcu.externaltools.gnu-tools-for-stm32.9-2020-q2-update.linux64_1.5.0.202011040924/tools/bin/../lib/gcc/arm-none-eabi/9.3.1/../../../../arm-none-eabi/lib/thumb/v7e-m+fp/hard/libc_nano.a(lib_a-malloc.o)
                              Core/Src/main.o (malloc)
/opt/st/stm32cubeide_1.6.1/plugins/com.st.stm32cube.ide.mcu.externaltools.gnu-tools-for-stm32.9-2020-q2-update.linux64_1.5.0.202011040924/tools/bin/../lib/gcc/arm-none-eabi/9.3.1/../../../../arm-none-eabi/lib/thumb/v7e-m+fp/hard/libc_nano.a(lib_a-memcpy-stub.o)
                              Middlewares/Third_Party/FreeRTOS/Source/CMSIS_RTOS_V2/cmsis_os2.o (memcpy)
/opt/st/stm32cubeide_1.6.1/plugins/com.st.stm32cube.ide.mcu.externaltools.gnu-tools-for-stm32.9-2020-q2-update.linux64_1.5.0.202011040924/tools/bin/../lib/gcc/arm-none-eabi/9.3.1/../../../../arm-none-eabi/lib/thumb/v7e-m+fp/hard/libc_nano.a(lib_a-memset.o)
                              /opt/st/stm32cubeide_1.6.1/plugins/com.st.stm32cube.ide.mcu.externaltools.gnu-tools-for-stm32.9-2020-q2-update.linux64_1.5.0.202011040924/tools/bin/../lib/gcc/arm-none-eabi/9.3.1/../../../../arm-none-eabi/lib/thumb/v7e-m+fp/hard/crt0.o (memset)
/opt/st/stm32cubeide_1.6.1/plugins/com.st.stm32cube.ide.mcu.externaltools.gnu-tools-for-stm32.9-2020-q2-update.linux64_1.5.0.202011040924/tools/bin/../lib/gcc/arm-none-eabi/9.3.1/../../../../arm-none-eabi/lib/thumb/v7e-m+fp/hard/libc_nano.a(lib_a-nano-freer.o)
                              /opt/st/stm32cubeide_1.6.1/plugins/com.st.stm32cube.ide.mcu.externaltools.gnu-tools-for-stm32.9-2020-q2-update.linux64_1.5.0.202011040924/tools/bin/../lib/gcc/arm-none-eabi/9.3.1/../../../../arm-none-eabi/lib/thumb/v7e-m+fp/hard/libc_nano.a(lib_a-malloc.o) (_free_r)
/opt/st/stm32cubeide_1.6.1/plugins/com.st.stm32cube.ide.mcu.externaltools.gnu-tools-for-stm32.9-2020-q2-update.linux64_1.5.0.202011040924/tools/bin/../lib/gcc/arm-none-eabi/9.3.1/../../../../arm-none-eabi/lib/thumb/v7e-m+fp/hard/libc_nano.a(lib_a-nano-mallocr.o)
                              /opt/st/stm32cubeide_1.6.1/plugins/com.st.stm32cube.ide.mcu.externaltools.gnu-tools-for-stm32.9-2020-q2-update.linux64_1.5.0.202011040924/tools/bin/../lib/gcc/arm-none-eabi/9.3.1/../../../../arm-none-eabi/lib/thumb/v7e-m+fp/hard/libc_nano.a(lib_a-malloc.o) (_malloc_r)
/opt/st/stm32cubeide_1.6.1/plugins/com.st.stm32cube.ide.mcu.externaltools.gnu-tools-for-stm32.9-2020-q2-update.linux64_1.5.0.202011040924/tools/bin/../lib/gcc/arm-none-eabi/9.3.1/../../../../arm-none-eabi/lib/thumb/v7e-m+fp/hard/libc_nano.a(lib_a-printf.o)
                              Core/Src/main.o (printf)
/opt/st/stm32cubeide_1.6.1/plugins/com.st.stm32cube.ide.mcu.externaltools.gnu-tools-for-stm32.9-2020-q2-update.linux64_1.5.0.202011040924/tools/bin/../lib/gcc/arm-none-eabi/9.3.1/../../../../arm-none-eabi/lib/thumb/v7e-m+fp/hard/libc_nano.a(lib_a-puts.o)
                              Core/Src/main.o (puts)
[...]
Memory Configuration

Name             Origin             Length             Attributes
RAM              0x0000000020000000 0x0000000000050000 xrw
FLASH            0x0000000008000000 0x0000000000100000 xr
*default*        0x0000000000000000 0xffffffffffffffff

Linker script and memory map

LOAD /opt/st/stm32cubeide_1.6.1/plugins/com.st.stm32cube.ide.mcu.externaltools.gnu-tools-for-stm32.9-2020-q2-update.linux64_1.5.0.202011040924/tools/bin/../lib/gcc/arm-none-eabi/9.3.1/thumb/v7e-m+fp/hard/crti.o
LOAD /opt/st/stm32cubeide_1.6.1/plugins/com.st.stm32cube.ide.mcu.externaltools.gnu-tools-for-stm32.9-2020-q2-update.linux64_1.5.0.202011040924/tools/bin/../lib/gcc/arm-none-eabi/9.3.1/thumb/v7e-m+fp/hard/crtbegin.o
LOAD /opt/st/stm32cubeide_1.6.1/plugins/com.st.stm32cube.ide.mcu.externaltools.gnu-tools-for-stm32.9-2020-q2-update.linux64_1.5.0.202011040924/tools/bin/../lib/gcc/arm-none-eabi/9.3.1/../../../../arm-none-eabi/lib/thumb/v7e-m+fp/hard/crt0.o
LOAD Core/Src/freertos.o
LOAD Core/Src/main.o
LOAD Core/Src/stm32f7xx_hal_msp.o
LOAD Core/Src/stm32f7xx_hal_timebase_tim.o
LOAD Core/Src/stm32f7xx_it.o
LOAD Core/Src/syscalls.o
LOAD Core/Src/sysmem.o
LOAD Core/Src/system_stm32f7xx.o
LOAD Core/Startup/startup_stm32f746zgtx.o
LOAD Drivers/STM32F7xx_HAL_Driver/Src/stm32f7xx_hal.o
LOAD Drivers/STM32F7xx_HAL_Driver/Src/stm32f7xx_hal_cortex.o
LOAD Drivers/STM32F7xx_HAL_Driver/Src/stm32f7xx_hal_dma.o
LOAD Drivers/STM32F7xx_HAL_Driver/Src/stm32f7xx_hal_dma_ex.o
LOAD Drivers/STM32F7xx_HAL_Driver/Src/stm32f7xx_hal_eth.o
LOAD Drivers/STM32F7xx_HAL_Driver/Src/stm32f7xx_hal_exti.o
LOAD Drivers/STM32F7xx_HAL_Driver/Src/stm32f7xx_hal_flash.o
LOAD Drivers/STM32F7xx_HAL_Driver/Src/stm32f7xx_hal_flash_ex.o
LOAD Drivers/STM32F7xx_HAL_Driver/Src/stm32f7xx_hal_gpio.o
LOAD Drivers/STM32F7xx_HAL_Driver/Src/stm32f7xx_hal_i2c.o
LOAD Drivers/STM32F7xx_HAL_Driver/Src/stm32f7xx_hal_i2c_ex.o
LOAD Drivers/STM32F7xx_HAL_Driver/Src/stm32f7xx_hal_pcd.o
LOAD Drivers/STM32F7xx_HAL_Driver/Src/stm32f7xx_hal_pcd_ex.o
LOAD Drivers/STM32F7xx_HAL_Driver/Src/stm32f7xx_hal_pwr.o
LOAD Drivers/STM32F7xx_HAL_Driver/Src/stm32f7xx_hal_pwr_ex.o
LOAD Drivers/STM32F7xx_HAL_Driver/Src/stm32f7xx_hal_rcc.o
LOAD Drivers/STM32F7xx_HAL_Driver/Src/stm32f7xx_hal_rcc_ex.o
LOAD Drivers/STM32F7xx_HAL_Driver/Src/stm32f7xx_hal_tim.o
LOAD Drivers/STM32F7xx_HAL_Driver/Src/stm32f7xx_hal_tim_ex.o
LOAD Drivers/STM32F7xx_HAL_Driver/Src/stm32f7xx_hal_uart.o
LOAD Drivers/STM32F7xx_HAL_Driver/Src/stm32f7xx_hal_uart_ex.o
LOAD Drivers/STM32F7xx_HAL_Driver/Src/stm32f7xx_ll_usb.o
LOAD Middlewares/Third_Party/FreeRTOS/Source/CMSIS_RTOS_V2/cmsis_os2.o
LOAD Middlewares/Third_Party/FreeRTOS/Source/croutine.o
LOAD Middlewares/Third_Party/FreeRTOS/Source/event_groups.o
LOAD Middlewares/Third_Party/FreeRTOS/Source/list.o
LOAD Middlewares/Third_Party/FreeRTOS/Source/queue.o
LOAD Middlewares/Third_Party/FreeRTOS/Source/stream_buffer.o
LOAD Middlewares/Third_Party/FreeRTOS/Source/tasks.o
LOAD Middlewares/Third_Party/FreeRTOS/Source/timers.o
LOAD Middlewares/Third_Party/FreeRTOS/Source/portable/GCC/ARM_CM7/r0p1/port.o
LOAD Middlewares/Third_Party/FreeRTOS/Source/portable/MemMang/heap_4.o
START GROUP
LOAD /opt/st/stm32cubeide_1.6.1/plugins/com.st.stm32cube.ide.mcu.externaltools.gnu-tools-for-stm32.9-2020-q2-update.linux64_1.5.0.202011040924/tools/bin/../lib/gcc/arm-none-eabi/9.3.1/../../../../arm-none-eabi/lib/thumb/v7e-m+fp/hard/libc_nano.a
LOAD /opt/st/stm32cubeide_1.6.1/plugins/com.st.stm32cube.ide.mcu.externaltools.gnu-tools-for-stm32.9-2020-q2-update.linux64_1.5.0.202011040924/tools/bin/../lib/gcc/arm-none-eabi/9.3.1/../../../../arm-none-eabi/lib/thumb/v7e-m+fp/hard/libm.a
END GROUP
START GROUP
LOAD /opt/st/stm32cubeide_1.6.1/plugins/com.st.stm32cube.ide.mcu.externaltools.gnu-tools-for-stm32.9-2020-q2-update.linux64_1.5.0.202011040924/tools/bin/../lib/gcc/arm-none-eabi/9.3.1/thumb/v7e-m+fp/hard/libgcc.a
LOAD /opt/st/stm32cubeide_1.6.1/plugins/com.st.stm32cube.ide.mcu.externaltools.gnu-tools-for-stm32.9-2020-q2-update.linux64_1.5.0.202011040924/tools/bin/../lib/gcc/arm-none-eabi/9.3.1/../../../../arm-none-eabi/lib/thumb/v7e-m+fp/hard/libc_nano.a
END GROUP
START GROUP
LOAD /opt/st/stm32cubeide_1.6.1/plugins/com.st.stm32cube.ide.mcu.externaltools.gnu-tools-for-stm32.9-2020-q2-update.linux64_1.5.0.202011040924/tools/bin/../lib/gcc/arm-none-eabi/9.3.1/thumb/v7e-m+fp/hard/libgcc.a
LOAD /opt/st/stm32cubeide_1.6.1/plugins/com.st.stm32cube.ide.mcu.externaltools.gnu-tools-for-stm32.9-2020-q2-update.linux64_1.5.0.202011040924/tools/bin/../lib/gcc/arm-none-eabi/9.3.1/../../../../arm-none-eabi/lib/thumb/v7e-m+fp/hard/libc_nano.a
LOAD /opt/st/stm32cubeide_1.6.1/plugins/com.st.stm32cube.ide.mcu.externaltools.gnu-tools-for-stm32.9-2020-q2-update.linux64_1.5.0.202011040924/tools/bin/../lib/gcc/arm-none-eabi/9.3.1/../../../../arm-none-eabi/lib/thumb/v7e-m+fp/hard/libnosys.a
END GROUP
START GROUP
LOAD /opt/st/stm32cubeide_1.6.1/plugins/com.st.stm32cube.ide.mcu.externaltools.gnu-tools-for-stm32.9-2020-q2-update.linux64_1.5.0.202011040924/tools/bin/../lib/gcc/arm-none-eabi/9.3.1/thumb/v7e-m+fp/hard/libgcc.a
LOAD /opt/st/stm32cubeide_1.6.1/plugins/com.st.stm32cube.ide.mcu.externaltools.gnu-tools-for-stm32.9-2020-q2-update.linux64_1.5.0.202011040924/tools/bin/../lib/gcc/arm-none-eabi/9.3.1/../../../../arm-none-eabi/lib/thumb/v7e-m+fp/hard/libc_nano.a
LOAD /opt/st/stm32cubeide_1.6.1/plugins/com.st.stm32cube.ide.mcu.externaltools.gnu-tools-for-stm32.9-2020-q2-update.linux64_1.5.0.202011040924/tools/bin/../lib/gcc/arm-none-eabi/9.3.1/../../../../arm-none-eabi/lib/thumb/v7e-m+fp/hard/libnosys.a
END GROUP
LOAD /opt/st/stm32cubeide_1.6.1/plugins/com.st.stm32cube.ide.mcu.externaltools.gnu-tools-for-stm32.9-2020-q2-update.linux64_1.5.0.202011040924/tools/bin/../lib/gcc/arm-none-eabi/9.3.1/thumb/v7e-m+fp/hard/crtend.o
LOAD /opt/st/stm32cubeide_1.6.1/plugins/com.st.stm32cube.ide.mcu.externaltools.gnu-tools-for-stm32.9-2020-q2-update.linux64_1.5.0.202011040924/tools/bin/../lib/gcc/arm-none-eabi/9.3.1/thumb/v7e-m+fp/hard/crtn.o
                0x0000000020050000                _estack = (ORIGIN (RAM) + LENGTH (RAM))
                0x0000000000000200                _Min_Heap_Size = 0x200
                0x0000000000000400                _Min_Stack_Size = 0x400

.isr_vector     0x0000000008000000      0x1c8
                0x0000000008000000                . = ALIGN (0x4)
 *(.isr_vector)
 .isr_vector    0x0000000008000000      0x1c8 Core/Startup/startup_stm32f746zgtx.o
                0x0000000008000000                g_pfnVectors
                0x00000000080001c8                . = ALIGN (0x4)

.text           0x00000000080001d0     0x900c
                0x00000000080001d0                . = ALIGN (0x4)
 *(.text)
 .text          0x00000000080001d0       0x40 /opt/st/stm32cubeide_1.6.1/plugins/com.st.stm32cube.ide.mcu.externaltools.gnu-tools-for-stm32.9-2020-q2-update.linux64_1.5.0.202011040924/tools/bin/../lib/gcc/arm-none-eabi/9.3.1/thumb/v7e-m+fp/hard/crtbegin.o
 .text          0x0000000008000210       0xa0 /opt/st/stm32cubeide_1.6.1/plugins/com.st.stm32cube.ide.mcu.externaltools.gnu-tools-for-stm32.9-2020-q2-update.linux64_1.5.0.202011040924/tools/bin/../lib/gcc/arm-none-eabi/9.3.1/../../../../arm-none-eabi/lib/thumb/v7e-m+fp/hard/libc_nano.a(lib_a-memchr.o)
                0x0000000008000210                memchr
 .text          0x00000000080002b0       0x30 /opt/st/stm32cubeide_1.6.1/plugins/com.st.stm32cube.ide.mcu.externaltools.gnu-tools-for-stm32.9-2020-q2-update.linux64_1.5.0.202011040924/tools/bin/../lib/gcc/arm-none-eabi/9.3.1/thumb/v7e-m+fp/hard/libgcc.a(_aeabi_uldivmod.o)
                0x00000000080002b0                __aeabi_uldivmod
 .text          0x00000000080002e0      0x2c4 /opt/st/stm32cubeide_1.6.1/plugins/com.st.stm32cube.ide.mcu.externaltools.gnu-tools-for-stm32.9-2020-q2-update.linux64_1.5.0.202011040924/tools/bin/../lib/gcc/arm-none-eabi/9.3.1/thumb/v7e-m+fp/hard/libgcc.a(_udivmoddi4.o)
                0x00000000080002e0                __udivmoddi4
 .text          0x00000000080005a4        0x4 /opt/st/stm32cubeide_1.6.1/plugins/com.st.stm32cube.ide.mcu.externaltools.gnu-tools-for-stm32.9-2020-q2-update.linux64_1.5.0.202011040924/tools/bin/../lib/gcc/arm-none-eabi/9.3.1/thumb/v7e-m+fp/hard/libgcc.a(_dvmd_tls.o)
                0x00000000080005a4                __aeabi_ldiv0
                0x00000000080005a4                __aeabi_idiv0
 *(.text*)
 .text.__io_putchar
                0x00000000080005a8       0x24 Core/Src/main.o
                0x00000000080005a8                __io_putchar
 .text.main     0x00000000080005cc      0x1ec Core/Src/main.o
                0x00000000080005cc                main
 .text.SystemClock_Config
                0x00000000080007b8      0x120 Core/Src/main.o
                0x00000000080007b8                SystemClock_Config
 .text.MX_USART3_UART_Init
                0x00000000080008d8       0x60 Core/Src/main.o
 .text.MX_USB_OTG_FS_PCD_Init
                0x0000000008000938       0x5c Core/Src/main.o
 .text.MX_GPIO_Init
                0x0000000008000994      0x144 Core/Src/main.o
 .text.serviceTask
                0x0000000008000ad8       0xe4 Core/Src/main.o
                0x0000000008000ad8                serviceTask
 .text.teamTask
                0x0000000008000bbc       0x40 Core/Src/main.o
                0x0000000008000bbc                teamTask
 .text.StartDefaultTask
                0x0000000008000bfc       0x80 Core/Src/main.o
                0x0000000008000bfc                StartDefaultTask
 .text.dispatch
                0x0000000008000c7c       0xa8 Core/Src/main.o
                0x0000000008000c7c                dispatch
 .text.HAL_TIM_PeriodElapsedCallback
                0x0000000008000d24       0x24 Core/Src/main.o
                0x0000000008000d24                HAL_TIM_PeriodElapsedCallback
 .text.Error_Handler
                0x0000000008000d48        0xa Core/Src/main.o
                0x0000000008000d48                Error_Handler
 *fill*         0x0000000008000d52        0x2 
 .text.HAL_MspInit
                0x0000000008000d54       0x50 Core/Src/stm32f7xx_hal_msp.o
                0x0000000008000d54                HAL_MspInit
 .text.HAL_UART_MspInit
                0x0000000008000da4       0x88 Core/Src/stm32f7xx_hal_msp.o
                0x0000000008000da4                HAL_UART_MspInit
 .text.HAL_PCD_MspInit
                0x0000000008000e2c       0xb8 Core/Src/stm32f7xx_hal_msp.o
                0x0000000008000e2c                HAL_PCD_MspInit
 .text.HAL_InitTick
                0x0000000008000ee4       0xac Core/Src/stm32f7xx_hal_timebase_tim.o
                0x0000000008000ee4                HAL_InitTick
 .text.NMI_Handler
                0x0000000008000f90        0x6 Core/Src/stm32f7xx_it.o
                0x0000000008000f90                NMI_Handler
 .text.HardFault_Handler
                0x0000000008000f96        0x6 Core/Src/stm32f7xx_it.o
                0x0000000008000f96                HardFault_Handler
 .text.MemManage_Handler
                0x0000000008000f9c        0x6 Core/Src/stm32f7xx_it.o
                0x0000000008000f9c                MemManage_Handler
 .text.BusFault_Handler
                0x0000000008000fa2        0x6 Core/Src/stm32f7xx_it.o
                0x0000000008000fa2                BusFault_Handler
 .text.UsageFault_Handler
                0x0000000008000fa8        0x6 Core/Src/stm32f7xx_it.o
                0x0000000008000fa8                UsageFault_Handler
 .text.DebugMon_Handler
                0x0000000008000fae        0xe Core/Src/stm32f7xx_it.o
                0x0000000008000fae                DebugMon_Handler
 .text.TIM1_UP_TIM10_IRQHandler
                0x0000000008000fbc       0x14 Core/Src/stm32f7xx_it.o
                0x0000000008000fbc                TIM1_UP_TIM10_IRQHandler
 .text._getpid  0x0000000008000fd0       0x10 Core/Src/syscalls.o
                0x0000000008000fd0                _getpid
 .text._kill    0x0000000008000fe0       0x20 Core/Src/syscalls.o
                0x0000000008000fe0                _kill
 .text._exit    0x0000000008001000       0x14 Core/Src/syscalls.o
                0x0000000008001000                _exit
 .text._read    0x0000000008001014       0x3a Core/Src/syscalls.o
                0x0000000008001014                _read
 .text._write   0x000000000800104e       0x38 Core/Src/syscalls.o
                0x000000000800104e                _write
 .text._close   0x0000000008001086       0x18 Core/Src/syscalls.o
                0x0000000008001086                _close
 .text._fstat   0x000000000800109e       0x20 Core/Src/syscalls.o
                0x000000000800109e                _fstat
 .text._isatty  0x00000000080010be       0x16 Core/Src/syscalls.o
                0x00000000080010be                _isatty
 .text._lseek   0x00000000080010d4       0x1a Core/Src/syscalls.o
                0x00000000080010d4                _lseek
 *fill*         0x00000000080010ee        0x2 
 .text._sbrk    0x00000000080010f0       0x6c Core/Src/sysmem.o
                0x00000000080010f0                _sbrk
 .text.SystemInit
                0x000000000800115c       0x24 Core/Src/system_stm32f7xx.o
                0x000000000800115c                SystemInit
 .text.Reset_Handler
                0x0000000008001180       0x50 Core/Startup/startup_stm32f746zgtx.o
                0x0000000008001180                Reset_Handler
 .text.Default_Handler
                0x00000000080011d0        0x2 Core/Startup/startup_stm32f746zgtx.o
                0x00000000080011d0                RTC_Alarm_IRQHandler
                0x00000000080011d0                EXTI2_IRQHandler
                0x00000000080011d0                TIM8_CC_IRQHandler
                0x00000000080011d0                UART8_IRQHandler
                0x00000000080011d0                SPI4_IRQHandler
                0x00000000080011d0                TIM1_CC_IRQHandler
                0x00000000080011d0                DMA2_Stream5_IRQHandler
                0x00000000080011d0                DMA1_Stream5_IRQHandler
                0x00000000080011d0                PVD_IRQHandler
                0x00000000080011d0                TAMP_STAMP_IRQHandler
                0x00000000080011d0                CAN2_RX1_IRQHandler
                0x00000000080011d0                EXTI3_IRQHandler
                0x00000000080011d0                TIM8_TRG_COM_TIM14_IRQHandler
                0x00000000080011d0                TIM8_UP_TIM13_IRQHandler
                0x00000000080011d0                I2C3_ER_IRQHandler
                0x00000000080011d0                EXTI0_IRQHandler
                0x00000000080011d0                I2C2_EV_IRQHandler
                0x00000000080011d0                DMA1_Stream2_IRQHandler
                0x00000000080011d0                CAN1_RX0_IRQHandler
                0x00000000080011d0                FPU_IRQHandler
                0x00000000080011d0                OTG_HS_WKUP_IRQHandler
                0x00000000080011d0                LTDC_ER_IRQHandler
                0x00000000080011d0                CAN2_SCE_IRQHandler
                0x00000000080011d0                DMA2_Stream2_IRQHandler
                0x00000000080011d0                SPI1_IRQHandler
                0x00000000080011d0                TIM6_DAC_IRQHandler
                0x00000000080011d0                TIM1_BRK_TIM9_IRQHandler
                0x00000000080011d0                DCMI_IRQHandler
                0x00000000080011d0                CAN2_RX0_IRQHandler
                0x00000000080011d0                DMA2_Stream3_IRQHandler
                0x00000000080011d0                SAI2_IRQHandler
                0x00000000080011d0                USART6_IRQHandler
                0x00000000080011d0                USART3_IRQHandler
                0x00000000080011d0                CAN1_RX1_IRQHandler
                0x00000000080011d0                UART5_IRQHandler
                0x00000000080011d0                DMA2_Stream0_IRQHandler
                0x00000000080011d0                TIM4_IRQHandler
                0x00000000080011d0                QUADSPI_IRQHandler
                0x00000000080011d0                I2C1_EV_IRQHandler
                0x00000000080011d0                DMA1_Stream6_IRQHandler
                0x00000000080011d0                DMA1_Stream1_IRQHandler
                0x00000000080011d0                UART4_IRQHandler
                0x00000000080011d0                TIM3_IRQHandler
                0x00000000080011d0                RCC_IRQHandler
                0x00000000080011d0                TIM8_BRK_TIM12_IRQHandler
                0x00000000080011d0                Default_Handler
                0x00000000080011d0                CEC_IRQHandler
                0x00000000080011d0                EXTI15_10_IRQHandler
                0x00000000080011d0                ADC_IRQHandler
                0x00000000080011d0                DMA1_Stream7_IRQHandler
                0x00000000080011d0                SPI5_IRQHandler
                0x00000000080011d0                TIM7_IRQHandler
                0x00000000080011d0                SDMMC1_IRQHandler
                0x00000000080011d0                CAN2_TX_IRQHandler
                0x00000000080011d0                TIM5_IRQHandler
                0x00000000080011d0                DMA2_Stream7_IRQHandler
                0x00000000080011d0                I2C3_EV_IRQHandler
                0x00000000080011d0                EXTI9_5_IRQHandler
                0x00000000080011d0                RTC_WKUP_IRQHandler
                0x00000000080011d0                LTDC_IRQHandler
                0x00000000080011d0                ETH_WKUP_IRQHandler
                0x00000000080011d0                SPDIF_RX_IRQHandler
                0x00000000080011d0                SPI2_IRQHandler
                0x00000000080011d0                OTG_HS_EP1_IN_IRQHandler
                0x00000000080011d0                DMA1_Stream0_IRQHandler
                0x00000000080011d0                CAN1_TX_IRQHandler
                0x00000000080011d0                EXTI4_IRQHandler
                0x00000000080011d0                RNG_IRQHandler
                0x00000000080011d0                ETH_IRQHandler
                0x00000000080011d0                OTG_HS_EP1_OUT_IRQHandler
                0x00000000080011d0                WWDG_IRQHandler
                0x00000000080011d0                SPI6_IRQHandler
                0x00000000080011d0                I2C4_EV_IRQHandler
                0x00000000080011d0                TIM2_IRQHandler
                0x00000000080011d0                OTG_FS_WKUP_IRQHandler
                0x00000000080011d0                TIM1_TRG_COM_TIM11_IRQHandler
                0x00000000080011d0                OTG_HS_IRQHandler
                0x00000000080011d0                DMA2D_IRQHandler
                0x00000000080011d0                EXTI1_IRQHandler
                0x00000000080011d0                UART7_IRQHandler
                0x00000000080011d0                USART2_IRQHandler
                0x00000000080011d0                I2C2_ER_IRQHandler
                0x00000000080011d0                DMA2_Stream1_IRQHandler
                0x00000000080011d0                CAN1_SCE_IRQHandler
                0x00000000080011d0                FLASH_IRQHandler
                0x00000000080011d0                DMA2_Stream4_IRQHandler
                0x00000000080011d0                USART1_IRQHandler
                0x00000000080011d0                OTG_FS_IRQHandler
                0x00000000080011d0                SPI3_IRQHandler
                0x00000000080011d0                DMA1_Stream4_IRQHandler
                0x00000000080011d0                I2C1_ER_IRQHandler
                0x00000000080011d0                FMC_IRQHandler
                0x00000000080011d0                LPTIM1_IRQHandler
                0x00000000080011d0                I2C4_ER_IRQHandler
                0x00000000080011d0                DMA2_Stream6_IRQHandler
                0x00000000080011d0                SAI1_IRQHandler
                0x00000000080011d0                DMA1_Stream3_IRQHandler
 .text.HAL_Init
                0x00000000080011d2       0x1a Drivers/STM32F7xx_HAL_Driver/Src/stm32f7xx_hal.o
                0x00000000080011d2                HAL_Init
 .text.HAL_IncTick
                0x00000000080011ec       0x28 Drivers/STM32F7xx_HAL_Driver/Src/stm32f7xx_hal.o
                0x00000000080011ec                HAL_IncTick
 .text.HAL_GetTick
                0x0000000008001214       0x18 Drivers/STM32F7xx_HAL_Driver/Src/stm32f7xx_hal.o
                0x0000000008001214                HAL_GetTick
 .text.HAL_Delay
                0x000000000800122c       0x48 Drivers/STM32F7xx_HAL_Driver/Src/stm32f7xx_hal.o
                0x000000000800122c                HAL_Delay
 .text.__NVIC_SetPriorityGrouping
                0x0000000008001274       0x48 Drivers/STM32F7xx_HAL_Driver/Src/stm32f7xx_hal_cortex.o
 .text.__NVIC_GetPriorityGrouping
                0x00000000080012bc       0x1c Drivers/STM32F7xx_HAL_Driver/Src/stm32f7xx_hal_cortex.o
 .text.__NVIC_EnableIRQ
                0x00000000080012d8       0x3c Drivers/STM32F7xx_HAL_Driver/Src/stm32f7xx_hal_cortex.o
 .text.__NVIC_SetPriority
                0x0000000008001314       0x54 Drivers/STM32F7xx_HAL_Driver/Src/stm32f7xx_hal_cortex.o
 .text.NVIC_EncodePriority
                0x0000000008001368       0x66 Drivers/STM32F7xx_HAL_Driver/Src/stm32f7xx_hal_cortex.o
 .text.HAL_NVIC_SetPriorityGrouping
                0x00000000080013ce       0x16 Drivers/STM32F7xx_HAL_Driver/Src/stm32f7xx_hal_cortex.o
                0x00000000080013ce                HAL_NVIC_SetPriorityGrouping
 .text.HAL_NVIC_SetPriority
                0x00000000080013e4       0x38 Drivers/STM32F7xx_HAL_Driver/Src/stm32f7xx_hal_cortex.o
                0x00000000080013e4                HAL_NVIC_SetPriority
 .text.HAL_NVIC_EnableIRQ
                0x000000000800141c       0x1c Drivers/STM32F7xx_HAL_Driver/Src/stm32f7xx_hal_cortex.o
                0x000000000800141c                HAL_NVIC_EnableIRQ
 .text.HAL_GPIO_Init
                0x0000000008001438      0x358 Drivers/STM32F7xx_HAL_Driver/Src/stm32f7xx_hal_gpio.o
                0x0000000008001438                HAL_GPIO_Init
 .text.HAL_GPIO_WritePin
                0x0000000008001790       0x32 Drivers/STM32F7xx_HAL_Driver/Src/stm32f7xx_hal_gpio.o
                0x0000000008001790                HAL_GPIO_WritePin
 .text.HAL_PCD_Init
                0x00000000080017c2      0x248 Drivers/STM32F7xx_HAL_Driver/Src/stm32f7xx_hal_pcd.o
                0x00000000080017c2                HAL_PCD_Init
 *fill*         0x0000000008001a0a        0x2 
 .text.HAL_PCDEx_ActivateLPM
                0x0000000008001a0c       0x48 Drivers/STM32F7xx_HAL_Driver/Src/stm32f7xx_hal_pcd_ex.o
                0x0000000008001a0c                HAL_PCDEx_ActivateLPM
 .text.HAL_PWR_EnableBkUpAccess
                0x0000000008001a54       0x20 Drivers/STM32F7xx_HAL_Driver/Src/stm32f7xx_hal_pwr.o
                0x0000000008001a54                HAL_PWR_EnableBkUpAccess
 .text.HAL_RCC_OscConfig
                0x0000000008001a74      0x548 Drivers/STM32F7xx_HAL_Driver/Src/stm32f7xx_hal_rcc.o
                0x0000000008001a74                HAL_RCC_OscConfig
 .text.HAL_RCC_ClockConfig
                0x0000000008001fbc      0x1d8 Drivers/STM32F7xx_HAL_Driver/Src/stm32f7xx_hal_rcc.o
                0x0000000008001fbc                HAL_RCC_ClockConfig
 .text.HAL_RCC_GetSysClockFreq
                0x0000000008002194      0x1c4 Drivers/STM32F7xx_HAL_Driver/Src/stm32f7xx_hal_rcc.o
                0x0000000008002194                HAL_RCC_GetSysClockFreq
 .text.HAL_RCC_GetHCLKFreq
                0x0000000008002358       0x18 Drivers/STM32F7xx_HAL_Driver/Src/stm32f7xx_hal_rcc.o
                0x0000000008002358                HAL_RCC_GetHCLKFreq
 .text.HAL_RCC_GetPCLK1Freq
                0x0000000008002370       0x28 Drivers/STM32F7xx_HAL_Driver/Src/stm32f7xx_hal_rcc.o
                0x0000000008002370                HAL_RCC_GetPCLK1Freq
 .text.HAL_RCC_GetPCLK2Freq
                0x0000000008002398       0x28 Drivers/STM32F7xx_HAL_Driver/Src/stm32f7xx_hal_rcc.o
                0x0000000008002398                HAL_RCC_GetPCLK2Freq
 .text.HAL_RCC_GetClockConfig
                0x00000000080023c0       0x64 Drivers/STM32F7xx_HAL_Driver/Src/stm32f7xx_hal_rcc.o
                0x00000000080023c0                HAL_RCC_GetClockConfig
 .text.HAL_RCCEx_PeriphCLKConfig
                0x0000000008002424      0x7e0 Drivers/STM32F7xx_HAL_Driver/Src/stm32f7xx_hal_rcc_ex.o
                0x0000000008002424                HAL_RCCEx_PeriphCLKConfig
 .text.HAL_TIM_Base_Init
                0x0000000008002c04       0xae Drivers/STM32F7xx_HAL_Driver/Src/stm32f7xx_hal_tim.o
                0x0000000008002c04                HAL_TIM_Base_Init
 .text.HAL_TIM_Base_MspInit
                0x0000000008002cb2       0x14 Drivers/STM32F7xx_HAL_Driver/Src/stm32f7xx_hal_tim.o
                0x0000000008002cb2                HAL_TIM_Base_MspInit
 *fill*         0x0000000008002cc6        0x2 
 .text.HAL_TIM_Base_Start_IT
                0x0000000008002cc8       0xf0 Drivers/STM32F7xx_HAL_Driver/Src/stm32f7xx_hal_tim.o
                0x0000000008002cc8                HAL_TIM_Base_Start_IT
 .text.HAL_TIM_IRQHandler
                0x0000000008002db8      0x23e Drivers/STM32F7xx_HAL_Driver/Src/stm32f7xx_hal_tim.o
                0x0000000008002db8                HAL_TIM_IRQHandler
 .text.HAL_TIM_OC_DelayElapsedCallback
                0x0000000008002ff6       0x14 Drivers/STM32F7xx_HAL_Driver/Src/stm32f7xx_hal_tim.o
                0x0000000008002ff6                HAL_TIM_OC_DelayElapsedCallback
 .text.HAL_TIM_IC_CaptureCallback
                0x000000000800300a       0x14 Drivers/STM32F7xx_HAL_Driver/Src/stm32f7xx_hal_tim.o
                0x000000000800300a                HAL_TIM_IC_CaptureCallback
 .text.HAL_TIM_PWM_PulseFinishedCallback
                0x000000000800301e       0x14 Drivers/STM32F7xx_HAL_Driver/Src/stm32f7xx_hal_tim.o
                0x000000000800301e                HAL_TIM_PWM_PulseFinishedCallback
 .text.HAL_TIM_TriggerCallback
                0x0000000008003032       0x14 Drivers/STM32F7xx_HAL_Driver/Src/stm32f7xx_hal_tim.o
                0x0000000008003032                HAL_TIM_TriggerCallback
 *fill*         0x0000000008003046        0x2 
 .text.TIM_Base_SetConfig
                0x0000000008003048      0x140 Drivers/STM32F7xx_HAL_Driver/Src/stm32f7xx_hal_tim.o
                0x0000000008003048                TIM_Base_SetConfig
 .text.HAL_TIMEx_CommutCallback
                0x0000000008003188       0x14 Drivers/STM32F7xx_HAL_Driver/Src/stm32f7xx_hal_tim_ex.o
                0x0000000008003188                HAL_TIMEx_CommutCallback
 .text.HAL_TIMEx_BreakCallback
                0x000000000800319c       0x14 Drivers/STM32F7xx_HAL_Driver/Src/stm32f7xx_hal_tim_ex.o
                0x000000000800319c                HAL_TIMEx_BreakCallback
 .text.HAL_TIMEx_Break2Callback
                0x00000000080031b0       0x14 Drivers/STM32F7xx_HAL_Driver/Src/stm32f7xx_hal_tim_ex.o
                0x00000000080031b0                HAL_TIMEx_Break2Callback
 .text.HAL_UART_Init
                0x00000000080031c4       0x9c Drivers/STM32F7xx_HAL_Driver/Src/stm32f7xx_hal_uart.o
                0x00000000080031c4                HAL_UART_Init
 .text.HAL_UART_Transmit
                0x0000000008003260      0x126 Drivers/STM32F7xx_HAL_Driver/Src/stm32f7xx_hal_uart.o
                0x0000000008003260                HAL_UART_Transmit
 *fill*         0x0000000008003386        0x2 
 .text.UART_SetConfig
                0x0000000008003388      0x4c4 Drivers/STM32F7xx_HAL_Driver/Src/stm32f7xx_hal_uart.o
                0x0000000008003388                UART_SetConfig
 .text.UART_AdvFeatureConfig
                0x000000000800384c      0x144 Drivers/STM32F7xx_HAL_Driver/Src/stm32f7xx_hal_uart.o
                0x000000000800384c                UART_AdvFeatureConfig
 .text.UART_CheckIdleState
                0x0000000008003990       0x66 Drivers/STM32F7xx_HAL_Driver/Src/stm32f7xx_hal_uart.o
                0x0000000008003990                UART_CheckIdleState
 .text.UART_WaitOnFlagUntilTimeout
                0x00000000080039f6       0xf8 Drivers/STM32F7xx_HAL_Driver/Src/stm32f7xx_hal_uart.o
                0x00000000080039f6                UART_WaitOnFlagUntilTimeout
 *fill*         0x0000000008003aee        0x2 
 .text.USB_CoreInit
                0x0000000008003af0       0xb0 Drivers/STM32F7xx_HAL_Driver/Src/stm32f7xx_ll_usb.o
                0x0000000008003af0                USB_CoreInit
 .text.USB_DisableGlobalInt
                0x0000000008003ba0       0x22 Drivers/STM32F7xx_HAL_Driver/Src/stm32f7xx_ll_usb.o
                0x0000000008003ba0                USB_DisableGlobalInt
 .text.USB_SetCurrentMode
                0x0000000008003bc2       0x54 Drivers/STM32F7xx_HAL_Driver/Src/stm32f7xx_ll_usb.o
                0x0000000008003bc2                USB_SetCurrentMode
 *fill*         0x0000000008003c16        0x2 
 .text.USB_DevInit
                0x0000000008003c18      0x2dc Drivers/STM32F7xx_HAL_Driver/Src/stm32f7xx_ll_usb.o
                0x0000000008003c18                USB_DevInit
 .text.USB_FlushTxFifo
                0x0000000008003ef4       0x4c Drivers/STM32F7xx_HAL_Driver/Src/stm32f7xx_ll_usb.o
                0x0000000008003ef4                USB_FlushTxFifo
 .text.USB_FlushRxFifo
                0x0000000008003f40       0x44 Drivers/STM32F7xx_HAL_Driver/Src/stm32f7xx_ll_usb.o
                0x0000000008003f40                USB_FlushRxFifo
 .text.USB_SetDevSpeed
                0x0000000008003f84       0x32 Drivers/STM32F7xx_HAL_Driver/Src/stm32f7xx_ll_usb.o
                0x0000000008003f84                USB_SetDevSpeed
 .text.USB_DevDisconnect
                0x0000000008003fb6       0x42 Drivers/STM32F7xx_HAL_Driver/Src/stm32f7xx_ll_usb.o
                0x0000000008003fb6                USB_DevDisconnect
 .text.USB_CoreReset
                0x0000000008003ff8       0x68 Drivers/STM32F7xx_HAL_Driver/Src/stm32f7xx_ll_usb.o
 .text.SVC_Setup
                0x0000000008004060        0xe Middlewares/Third_Party/FreeRTOS/Source/CMSIS_RTOS_V2/cmsis_os2.o
 *fill*         0x000000000800406e        0x2 
 .text.osKernelInitialize
                0x0000000008004070       0x68 Middlewares/Third_Party/FreeRTOS/Source/CMSIS_RTOS_V2/cmsis_os2.o
                0x0000000008004070                osKernelInitialize
 .text.osKernelStart
                0x00000000080040d8       0x6c Middlewares/Third_Party/FreeRTOS/Source/CMSIS_RTOS_V2/cmsis_os2.o
                0x00000000080040d8                osKernelStart
 .text.osThreadNew
                0x0000000008004144      0x14c Middlewares/Third_Party/FreeRTOS/Source/CMSIS_RTOS_V2/cmsis_os2.o
                0x0000000008004144                osThreadNew
 .text.osThreadExit
                0x0000000008004290        0xc Middlewares/Third_Party/FreeRTOS/Source/CMSIS_RTOS_V2/cmsis_os2.o
                0x0000000008004290                osThreadExit
 .text.osDelay  0x000000000800429c       0x5c Middlewares/Third_Party/FreeRTOS/Source/CMSIS_RTOS_V2/cmsis_os2.o
                0x000000000800429c                osDelay
 .text.osMutexNew
                0x00000000080042f8      0x134 Middlewares/Third_Party/FreeRTOS/Source/CMSIS_RTOS_V2/cmsis_os2.o
                0x00000000080042f8                osMutexNew
 .text.osMutexAcquire
                0x000000000800442c       0xbc Middlewares/Third_Party/FreeRTOS/Source/CMSIS_RTOS_V2/cmsis_os2.o
                0x000000000800442c                osMutexAcquire
 .text.osMutexRelease
                0x00000000080044e8       0xa0 Middlewares/Third_Party/FreeRTOS/Source/CMSIS_RTOS_V2/cmsis_os2.o
                0x00000000080044e8                osMutexRelease
 .text.osSemaphoreNew
                0x0000000008004588      0x138 Middlewares/Third_Party/FreeRTOS/Source/CMSIS_RTOS_V2/cmsis_os2.o
                0x0000000008004588                osSemaphoreNew
 .text.osSemaphoreAcquire
                0x00000000080046c0       0xcc Middlewares/Third_Party/FreeRTOS/Source/CMSIS_RTOS_V2/cmsis_os2.o
                0x00000000080046c0                osSemaphoreAcquire
 .text.osSemaphoreRelease
                0x000000000800478c       0xb0 Middlewares/Third_Party/FreeRTOS/Source/CMSIS_RTOS_V2/cmsis_os2.o
                0x000000000800478c                osSemaphoreRelease
 .text.osMessageQueueNew
                0x000000000800483c      0x10c Middlewares/Third_Party/FreeRTOS/Source/CMSIS_RTOS_V2/cmsis_os2.o
                0x000000000800483c                osMessageQueueNew
 .text.osMessageQueuePut
                0x0000000008004948       0xe8 Middlewares/Third_Party/FreeRTOS/Source/CMSIS_RTOS_V2/cmsis_os2.o
                0x0000000008004948                osMessageQueuePut
 .text.osMessageQueueGet
                0x0000000008004a30       0xe4 Middlewares/Third_Party/FreeRTOS/Source/CMSIS_RTOS_V2/cmsis_os2.o
                0x0000000008004a30                osMessageQueueGet
 .text.vApplicationGetIdleTaskMemory
                0x0000000008004b14       0x34 Middlewares/Third_Party/FreeRTOS/Source/CMSIS_RTOS_V2/cmsis_os2.o
                0x0000000008004b14                vApplicationGetIdleTaskMemory
 .text.vApplicationGetTimerTaskMemory
                0x0000000008004b48       0x34 Middlewares/Third_Party/FreeRTOS/Source/CMSIS_RTOS_V2/cmsis_os2.o
                0x0000000008004b48                vApplicationGetTimerTaskMemory
 .text.vListInitialise
                0x0000000008004b7c       0x40 Middlewares/Third_Party/FreeRTOS/Source/list.o
                0x0000000008004b7c                vListInitialise
 .text.vListInitialiseItem
                0x0000000008004bbc       0x1a Middlewares/Third_Party/FreeRTOS/Source/list.o
                0x0000000008004bbc                vListInitialiseItem
 .text.vListInsertEnd
                0x0000000008004bd6       0x48 Middlewares/Third_Party/FreeRTOS/Source/list.o
                0x0000000008004bd6                vListInsertEnd
 .text.vListInsert
                0x0000000008004c1e       0x72 Middlewares/Third_Party/FreeRTOS/Source/list.o
                0x0000000008004c1e                vListInsert
 .text.uxListRemove
                0x0000000008004c90       0x54 Middlewares/Third_Party/FreeRTOS/Source/list.o
                0x0000000008004c90                uxListRemove
 .text.xQueueGenericReset
                0x0000000008004ce4       0xd4 Middlewares/Third_Party/FreeRTOS/Source/queue.o
                0x0000000008004ce4                xQueueGenericReset
 .text.xQueueGenericCreateStatic
                0x0000000008004db8      0x104 Middlewares/Third_Party/FreeRTOS/Source/queue.o
                0x0000000008004db8                xQueueGenericCreateStatic
 .text.xQueueGenericCreate
                0x0000000008004ebc       0x84 Middlewares/Third_Party/FreeRTOS/Source/queue.o
                0x0000000008004ebc                xQueueGenericCreate
 .text.prvInitialiseNewQueue
                0x0000000008004f40       0x46 Middlewares/Third_Party/FreeRTOS/Source/queue.o
 .text.prvInitialiseMutex
                0x0000000008004f86       0x34 Middlewares/Third_Party/FreeRTOS/Source/queue.o
 .text.xQueueCreateMutex
                0x0000000008004fba       0x30 Middlewares/Third_Party/FreeRTOS/Source/queue.o
                0x0000000008004fba                xQueueCreateMutex
 .text.xQueueCreateMutexStatic
                0x0000000008004fea       0x36 Middlewares/Third_Party/FreeRTOS/Source/queue.o
                0x0000000008004fea                xQueueCreateMutexStatic
 .text.xQueueGiveMutexRecursive
                0x0000000008005020       0x6c Middlewares/Third_Party/FreeRTOS/Source/queue.o
                0x0000000008005020                xQueueGiveMutexRecursive
 .text.xQueueTakeMutexRecursive
                0x000000000800508c       0x70 Middlewares/Third_Party/FreeRTOS/Source/queue.o
                0x000000000800508c                xQueueTakeMutexRecursive
 .text.xQueueCreateCountingSemaphoreStatic
                0x00000000080050fc       0x76 Middlewares/Third_Party/FreeRTOS/Source/queue.o
                0x00000000080050fc                xQueueCreateCountingSemaphoreStatic
 .text.xQueueCreateCountingSemaphore
                0x0000000008005172       0x6e Middlewares/Third_Party/FreeRTOS/Source/queue.o
                0x0000000008005172                xQueueCreateCountingSemaphore
 .text.xQueueGenericSend
                0x00000000080051e0      0x20c Middlewares/Third_Party/FreeRTOS/Source/queue.o
                0x00000000080051e0                xQueueGenericSend
 .text.xQueueGenericSendFromISR
                0x00000000080053ec      0x140 Middlewares/Third_Party/FreeRTOS/Source/queue.o
                0x00000000080053ec                xQueueGenericSendFromISR
 .text.xQueueGiveFromISR
                0x000000000800552c      0x12a Middlewares/Third_Party/FreeRTOS/Source/queue.o
                0x000000000800552c                xQueueGiveFromISR
 *fill*         0x0000000008005656        0x2 
 .text.xQueueReceive
                0x0000000008005658      0x1cc Middlewares/Third_Party/FreeRTOS/Source/queue.o
                0x0000000008005658                xQueueReceive
 .text.xQueueSemaphoreTake
                0x0000000008005824      0x228 Middlewares/Third_Party/FreeRTOS/Source/queue.o
                0x0000000008005824                xQueueSemaphoreTake
 .text.xQueueReceiveFromISR
                0x0000000008005a4c      0x10c Middlewares/Third_Party/FreeRTOS/Source/queue.o
                0x0000000008005a4c                xQueueReceiveFromISR
 .text.vQueueDelete
                0x0000000008005b58       0x4a Middlewares/Third_Party/FreeRTOS/Source/queue.o
                0x0000000008005b58                vQueueDelete
 .text.prvGetDisinheritPriorityAfterTimeout
                0x0000000008005ba2       0x30 Middlewares/Third_Party/FreeRTOS/Source/queue.o
 .text.prvCopyDataToQueue
                0x0000000008005bd2       0xd4 Middlewares/Third_Party/FreeRTOS/Source/queue.o
 .text.prvCopyDataFromQueue
                0x0000000008005ca6       0x4c Middlewares/Third_Party/FreeRTOS/Source/queue.o
 .text.prvUnlockQueue
                0x0000000008005cf2       0xa4 Middlewares/Third_Party/FreeRTOS/Source/queue.o
 .text.prvIsQueueEmpty
                0x0000000008005d96       0x2c Middlewares/Third_Party/FreeRTOS/Source/queue.o
 .text.prvIsQueueFull
                0x0000000008005dc2       0x30 Middlewares/Third_Party/FreeRTOS/Source/queue.o
 *fill*         0x0000000008005df2        0x2 
 .text.vQueueAddToRegistry
                0x0000000008005df4       0x54 Middlewares/Third_Party/FreeRTOS/Source/queue.o
                0x0000000008005df4                vQueueAddToRegistry
 .text.vQueueUnregisterQueue
                0x0000000008005e48       0x54 Middlewares/Third_Party/FreeRTOS/Source/queue.o
                0x0000000008005e48                vQueueUnregisterQueue
 .text.vQueueWaitForMessageRestricted
                0x0000000008005e9c       0x68 Middlewares/Third_Party/FreeRTOS/Source/queue.o
                0x0000000008005e9c                vQueueWaitForMessageRestricted
 .text.xTaskCreateStatic
                0x0000000008005f04       0xc6 Middlewares/Third_Party/FreeRTOS/Source/tasks.o
                0x0000000008005f04                xTaskCreateStatic
 .text.xTaskCreate
                0x0000000008005fca       0x8a Middlewares/Third_Party/FreeRTOS/Source/tasks.o
                0x0000000008005fca                xTaskCreate
 .text.prvInitialiseNewTask
                0x0000000008006054      0x122 Middlewares/Third_Party/FreeRTOS/Source/tasks.o
 *fill*         0x0000000008006176        0x2 
 .text.prvAddNewTaskToReadyList
                0x0000000008006178       0xe0 Middlewares/Third_Party/FreeRTOS/Source/tasks.o
 .text.vTaskDelete
                0x0000000008006258       0xe8 Middlewares/Third_Party/FreeRTOS/Source/tasks.o
                0x0000000008006258                vTaskDelete
 .text.vTaskDelay
                0x0000000008006340       0x6c Middlewares/Third_Party/FreeRTOS/Source/tasks.o
                0x0000000008006340                vTaskDelay
 .text.vTaskStartScheduler
                0x00000000080063ac       0xd4 Middlewares/Third_Party/FreeRTOS/Source/tasks.o
                0x00000000080063ac                vTaskStartScheduler
 .text.vTaskSuspendAll
                0x0000000008006480       0x1c Middlewares/Third_Party/FreeRTOS/Source/tasks.o
                0x0000000008006480                vTaskSuspendAll
 .text.xTaskResumeAll
                0x000000000800649c      0x140 Middlewares/Third_Party/FreeRTOS/Source/tasks.o
                0x000000000800649c                xTaskResumeAll
 .text.xTaskGetTickCount
                0x00000000080065dc       0x20 Middlewares/Third_Party/FreeRTOS/Source/tasks.o
                0x00000000080065dc                xTaskGetTickCount
 .text.xTaskIncrementTick
                0x00000000080065fc      0x178 Middlewares/Third_Party/FreeRTOS/Source/tasks.o
                0x00000000080065fc                xTaskIncrementTick
 .text.vTaskSwitchContext
                0x0000000008006774       0xc0 Middlewares/Third_Party/FreeRTOS/Source/tasks.o
                0x0000000008006774                vTaskSwitchContext
 .text.vTaskPlaceOnEventList
                0x0000000008006834       0x4c Middlewares/Third_Party/FreeRTOS/Source/tasks.o
                0x0000000008006834                vTaskPlaceOnEventList
 .text.vTaskPlaceOnEventListRestricted
                0x0000000008006880       0x5c Middlewares/Third_Party/FreeRTOS/Source/tasks.o
                0x0000000008006880                vTaskPlaceOnEventListRestricted
 .text.xTaskRemoveFromEventList
                0x00000000080068dc       0xcc Middlewares/Third_Party/FreeRTOS/Source/tasks.o
                0x00000000080068dc                xTaskRemoveFromEventList
 .text.vTaskInternalSetTimeOutState
                0x00000000080069a8       0x2c Middlewares/Third_Party/FreeRTOS/Source/tasks.o
                0x00000000080069a8                vTaskInternalSetTimeOutState
 .text.xTaskCheckForTimeOut
                0x00000000080069d4       0xcc Middlewares/Third_Party/FreeRTOS/Source/tasks.o
                0x00000000080069d4                xTaskCheckForTimeOut
 .text.vTaskMissedYield
                0x0000000008006aa0       0x18 Middlewares/Third_Party/FreeRTOS/Source/tasks.o
                0x0000000008006aa0                vTaskMissedYield
 .text.prvIdleTask
                0x0000000008006ab8       0x30 Middlewares/Third_Party/FreeRTOS/Source/tasks.o
 .text.prvInitialiseTaskLists
                0x0000000008006ae8       0x80 Middlewares/Third_Party/FreeRTOS/Source/tasks.o
 .text.prvCheckTasksWaitingTermination
                0x0000000008006b68       0x5c Middlewares/Third_Party/FreeRTOS/Source/tasks.o
 .text.prvDeleteTCB
                0x0000000008006bc4       0x62 Middlewares/Third_Party/FreeRTOS/Source/tasks.o
 *fill*         0x0000000008006c26        0x2 
 .text.prvResetNextTaskUnblockTime
                0x0000000008006c28       0x40 Middlewares/Third_Party/FreeRTOS/Source/tasks.o
 .text.xTaskGetCurrentTaskHandle
                0x0000000008006c68       0x20 Middlewares/Third_Party/FreeRTOS/Source/tasks.o
                0x0000000008006c68                xTaskGetCurrentTaskHandle
 .text.xTaskGetSchedulerState
                0x0000000008006c88       0x3c Middlewares/Third_Party/FreeRTOS/Source/tasks.o
                0x0000000008006c88                xTaskGetSchedulerState
 .text.xTaskPriorityInherit
                0x0000000008006cc4       0xd0 Middlewares/Third_Party/FreeRTOS/Source/tasks.o
                0x0000000008006cc4                xTaskPriorityInherit
 .text.xTaskPriorityDisinherit
                0x0000000008006d94       0xe4 Middlewares/Third_Party/FreeRTOS/Source/tasks.o
                0x0000000008006d94                xTaskPriorityDisinherit
 .text.vTaskPriorityDisinheritAfterTimeout
                0x0000000008006e78      0x10c Middlewares/Third_Party/FreeRTOS/Source/tasks.o
                0x0000000008006e78                vTaskPriorityDisinheritAfterTimeout
 .text.pvTaskIncrementMutexHeldCount
                0x0000000008006f84       0x28 Middlewares/Third_Party/FreeRTOS/Source/tasks.o
                0x0000000008006f84                pvTaskIncrementMutexHeldCount
 .text.prvAddCurrentTaskToDelayedList
                0x0000000008006fac       0xa8 Middlewares/Third_Party/FreeRTOS/Source/tasks.o
 .text.xTimerCreateTimerTask
                0x0000000008007054       0x94 Middlewares/Third_Party/FreeRTOS/Source/timers.o
                0x0000000008007054                xTimerCreateTimerTask
 .text.xTimerGenericCommand
                0x00000000080070e8       0xa0 Middlewares/Third_Party/FreeRTOS/Source/timers.o
                0x00000000080070e8                xTimerGenericCommand
 .text.prvProcessExpiredTimer
                0x0000000008007188       0x9c Middlewares/Third_Party/FreeRTOS/Source/timers.o
 .text.prvTimerTask
                0x0000000008007224       0x24 Middlewares/Third_Party/FreeRTOS/Source/timers.o
 .text.prvProcessTimerOrBlockTask
                0x0000000008007248       0x9c Middlewares/Third_Party/FreeRTOS/Source/timers.o
 .text.prvGetNextExpireTime
                0x00000000080072e4       0x48 Middlewares/Third_Party/FreeRTOS/Source/timers.o
 .text.prvSampleTimeNow
                0x000000000800732c       0x40 Middlewares/Third_Party/FreeRTOS/Source/timers.o
 .text.prvInsertTimerInActiveList
                0x000000000800736c       0x84 Middlewares/Third_Party/FreeRTOS/Source/timers.o
 .text.prvProcessReceivedCommands
                0x00000000080073f0      0x1d0 Middlewares/Third_Party/FreeRTOS/Source/timers.o
 .text.prvSwitchTimerLists
                0x00000000080075c0       0xcc Middlewares/Third_Party/FreeRTOS/Source/timers.o
 .text.prvCheckForValidListAndQueue
                0x000000000800768c       0x80 Middlewares/Third_Party/FreeRTOS/Source/timers.o
 .text.pxPortInitialiseStack
                0x000000000800770c       0x68 Middlewares/Third_Party/FreeRTOS/Source/portable/GCC/ARM_CM7/r0p1/port.o
                0x000000000800770c                pxPortInitialiseStack
 .text.prvTaskExitError
                0x0000000008007774       0x60 Middlewares/Third_Party/FreeRTOS/Source/portable/GCC/ARM_CM7/r0p1/port.o
 *fill*         0x00000000080077d4        0xc 
 .text.SVC_Handler
                0x00000000080077e0       0x28 Middlewares/Third_Party/FreeRTOS/Source/portable/GCC/ARM_CM7/r0p1/port.o
                0x00000000080077e0                SVC_Handler
 .text.prvPortStartFirstTask
                0x0000000008007808       0x28 Middlewares/Third_Party/FreeRTOS/Source/portable/GCC/ARM_CM7/r0p1/port.o
 .text.xPortStartScheduler
                0x0000000008007830       0xfc Middlewares/Third_Party/FreeRTOS/Source/portable/GCC/ARM_CM7/r0p1/port.o
                0x0000000008007830                xPortStartScheduler
 .text.vPortEnterCritical
                0x000000000800792c       0x68 Middlewares/Third_Party/FreeRTOS/Source/portable/GCC/ARM_CM7/r0p1/port.o
                0x000000000800792c                vPortEnterCritical
 .text.vPortExitCritical
                0x0000000008007994       0x58 Middlewares/Third_Party/FreeRTOS/Source/portable/GCC/ARM_CM7/r0p1/port.o
                0x0000000008007994                vPortExitCritical
 *fill*         0x00000000080079ec        0x4 
 .text.PendSV_Handler
                0x00000000080079f0       0x68 Middlewares/Third_Party/FreeRTOS/Source/portable/GCC/ARM_CM7/r0p1/port.o
                0x00000000080079f0                PendSV_Handler
 .text.SysTick_Handler
                0x0000000008007a58       0x48 Middlewares/Third_Party/FreeRTOS/Source/portable/GCC/ARM_CM7/r0p1/port.o
                0x0000000008007a58                SysTick_Handler
 .text.vPortSetupTimerInterrupt
                0x0000000008007aa0       0x48 Middlewares/Third_Party/FreeRTOS/Source/portable/GCC/ARM_CM7/r0p1/port.o
                0x0000000008007aa0                vPortSetupTimerInterrupt
 .text.vPortEnableVFP
                0x0000000008007ae8       0x14 Middlewares/Third_Party/FreeRTOS/Source/portable/GCC/ARM_CM7/r0p1/port.o
 .text.vPortValidateInterruptPriority
                0x0000000008007afc       0x88 Middlewares/Third_Party/FreeRTOS/Source/portable/GCC/ARM_CM7/r0p1/port.o
                0x0000000008007afc                vPortValidateInterruptPriority
 .text.pvPortMalloc
                0x0000000008007b84      0x194 Middlewares/Third_Party/FreeRTOS/Source/portable/MemMang/heap_4.o
                0x0000000008007b84                pvPortMalloc
 .text.vPortFree
                0x0000000008007d18       0xbc Middlewares/Third_Party/FreeRTOS/Source/portable/MemMang/heap_4.o
                0x0000000008007d18                vPortFree
 .text.prvHeapInit
                0x0000000008007dd4       0xc4 Middlewares/Third_Party/FreeRTOS/Source/portable/MemMang/heap_4.o
 .text.prvInsertBlockIntoFreeList
                0x0000000008007e98       0xb4 Middlewares/Third_Party/FreeRTOS/Source/portable/MemMang/heap_4.o
 .text.__errno  0x0000000008007f4c        0xc /opt/st/stm32cubeide_1.6.1/plugins/com.st.stm32cube.ide.mcu.externaltools.gnu-tools-for-stm32.9-2020-q2-update.linux64_1.5.0.202011040924/tools/bin/../lib/gcc/arm-none-eabi/9.3.1/../../../../arm-none-eabi/lib/thumb/v7e-m+fp/hard/libc_nano.a(lib_a-errno.o)
                0x0000000008007f4c                __errno
 .text.__libc_init_array
                0x0000000008007f58       0x48 /opt/st/stm32cubeide_1.6.1/plugins/com.st.stm32cube.ide.mcu.externaltools.gnu-tools-for-stm32.9-2020-q2-update.linux64_1.5.0.202011040924/tools/bin/../lib/gcc/arm-none-eabi/9.3.1/../../../../arm-none-eabi/lib/thumb/v7e-m+fp/hard/libc_nano.a(lib_a-init.o)
                0x0000000008007f58                __libc_init_array
 .text.malloc   0x0000000008007fa0       0x10 /opt/st/stm32cubeide_1.6.1/plugins/com.st.stm32cube.ide.mcu.externaltools.gnu-tools-for-stm32.9-2020-q2-update.linux64_1.5.0.202011040924/tools/bin/../lib/gcc/arm-none-eabi/9.3.1/../../../../arm-none-eabi/lib/thumb/v7e-m+fp/hard/libc_nano.a(lib_a-malloc.o)
                0x0000000008007fa0                malloc
 .text.free     0x0000000008007fb0       0x10 /opt/st/stm32cubeide_1.6.1/plugins/com.st.stm32cube.ide.mcu.externaltools.gnu-tools-for-stm32.9-2020-q2-update.linux64_1.5.0.202011040924/tools/bin/../lib/gcc/arm-none-eabi/9.3.1/../../../../arm-none-eabi/lib/thumb/v7e-m+fp/hard/libc_nano.a(lib_a-malloc.o)
                0x0000000008007fb0                free
 .text.memcpy   0x0000000008007fc0       0x1c /opt/st/stm32cubeide_1.6.1/plugins/com.st.stm32cube.ide.mcu.externaltools.gnu-tools-for-stm32.9-2020-q2-update.linux64_1.5.0.202011040924/tools/bin/../lib/gcc/arm-none-eabi/9.3.1/../../../../arm-none-eabi/lib/thumb/v7e-m+fp/hard/libc_nano.a(lib_a-memcpy-stub.o)
                0x0000000008007fc0                memcpy
 .text.memset   0x0000000008007fdc       0x10 /opt/st/stm32cubeide_1.6.1/plugins/com.st.stm32cube.ide.mcu.externaltools.gnu-tools-for-stm32.9-2020-q2-update.linux64_1.5.0.202011040924/tools/bin/../lib/gcc/arm-none-eabi/9.3.1/../../../../arm-none-eabi/lib/thumb/v7e-m+fp/hard/libc_nano.a(lib_a-memset.o)
                0x0000000008007fdc                memset
 .text._free_r  0x0000000008007fec       0xa0 /opt/st/stm32cubeide_1.6.1/plugins/com.st.stm32cube.ide.mcu.externaltools.gnu-tools-for-stm32.9-2020-q2-update.linux64_1.5.0.202011040924/tools/bin/../lib/gcc/arm-none-eabi/9.3.1/../../../../arm-none-eabi/lib/thumb/v7e-m+fp/hard/libc_nano.a(lib_a-nano-freer.o)
                0x0000000008007fec                _free_r
 .text._malloc_r
                0x000000000800808c       0xb4 /opt/st/stm32cubeide_1.6.1/plugins/com.st.stm32cube.ide.mcu.externaltools.gnu-tools-for-stm32.9-2020-q2-update.linux64_1.5.0.202011040924/tools/bin/../lib/gcc/arm-none-eabi/9.3.1/../../../../arm-none-eabi/lib/thumb/v7e-m+fp/hard/libc_nano.a(lib_a-nano-mallocr.o)
                0x000000000800808c                _malloc_r
 .text.printf   0x0000000008008140       0x30 /opt/st/stm32cubeide_1.6.1/plugins/com.st.stm32cube.ide.mcu.externaltools.gnu-tools-for-stm32.9-2020-q2-update.linux64_1.5.0.202011040924/tools/bin/../lib/gcc/arm-none-eabi/9.3.1/../../../../arm-none-eabi/lib/thumb/v7e-m+fp/hard/libc_nano.a(lib_a-printf.o)
                0x0000000008008140                printf
                0x0000000008008140                iprintf
 .text._puts_r  0x0000000008008170       0xdc /opt/st/stm32cubeide_1.6.1/plugins/com.st.stm32cube.ide.mcu.externaltools.gnu-tools-for-stm32.9-2020-q2-update.linux64_1.5.0.202011040924/tools/bin/../lib/gcc/arm-none-eabi/9.3.1/../../../../arm-none-eabi/lib/thumb/v7e-m+fp/hard/libc_nano.a(lib_a-puts.o)
                0x0000000008008170                _puts_r
 .text.puts     0x000000000800824c       0x10 /opt/st/stm32cubeide_1.6.1/plugins/com.st.stm32cube.ide.mcu.externaltools.gnu-tools-for-stm32.9-2020-q2-update.linux64_1.5.0.202011040924/tools/bin/../lib/gcc/arm-none-eabi/9.3.1/../../../../arm-none-eabi/lib/thumb/v7e-m+fp/hard/libc_nano.a(lib_a-puts.o)
                0x000000000800824c                puts
 .text.srand    0x000000000800825c       0x5c /opt/st/stm32cubeide_1.6.1/plugins/com.st.stm32cube.ide.mcu.externaltools.gnu-tools-for-stm32.9-2020-q2-update.linux64_1.5.0.202011040924/tools/bin/../lib/gcc/arm-none-eabi/9.3.1/../../../../arm-none-eabi/lib/thumb/v7e-m+fp/hard/libc_nano.a(lib_a-rand.o)
                0x000000000800825c                srand
 .text.rand     0x00000000080082b8       0x80 /opt/st/stm32cubeide_1.6.1/plugins/com.st.stm32cube.ide.mcu.externaltools.gnu-tools-for-stm32.9-2020-q2-update.linux64_1.5.0.202011040924/tools/bin/../lib/gcc/arm-none-eabi/9.3.1/../../../../arm-none-eabi/lib/thumb/v7e-m+fp/hard/libc_nano.a(lib_a-rand.o)
                0x00000000080082b8                rand
 .text._sbrk_r  0x0000000008008338       0x20 /opt/st/stm32cubeide_1.6.1/plugins/com.st.stm32cube.ide.mcu.externaltools.gnu-tools-for-stm32.9-2020-q2-update.linux64_1.5.0.202011040924/tools/bin/../lib/gcc/arm-none-eabi/9.3.1/../../../../arm-none-eabi/lib/thumb/v7e-m+fp/hard/libc_nano.a(lib_a-sbrkr.o)
                0x0000000008008338                _sbrk_r
 .text.time     0x0000000008008358       0x34 /opt/st/stm32cubeide_1.6.1/plugins/com.st.stm32cube.ide.mcu.externaltools.gnu-tools-for-stm32.9-2020-q2-update.linux64_1.5.0.202011040924/tools/bin/../lib/gcc/arm-none-eabi/9.3.1/../../../../arm-none-eabi/lib/thumb/v7e-m+fp/hard/libc_nano.a(lib_a-time.o)
                0x0000000008008358                time
 .text.__swbuf_r
                0x000000000800838c       0xa4 /opt/st/stm32cubeide_1.6.1/plugins/com.st.stm32cube.ide.mcu.externaltools.gnu-tools-for-stm32.9-2020-q2-update.linux64_1.5.0.202011040924/tools/bin/../lib/gcc/arm-none-eabi/9.3.1/../../../../arm-none-eabi/lib/thumb/v7e-m+fp/hard/libc_nano.a(lib_a-wbuf.o)
                0x000000000800838c                __swbuf_r
 .text.__swsetup_r
                0x0000000008008430       0xdc /opt/st/stm32cubeide_1.6.1/plugins/com.st.stm32cube.ide.mcu.externaltools.gnu-tools-for-stm32.9-2020-q2-update.linux64_1.5.0.202011040924/tools/bin/../lib/gcc/arm-none-eabi/9.3.1/../../../../arm-none-eabi/lib/thumb/v7e-m+fp/hard/libc_nano.a(lib_a-wsetup.o)
                0x0000000008008430                __swsetup_r
 .text.__assert_func
                0x000000000800850c       0x3c /opt/st/stm32cubeide_1.6.1/plugins/com.st.stm32cube.ide.mcu.externaltools.gnu-tools-for-stm32.9-2020-q2-update.linux64_1.5.0.202011040924/tools/bin/../lib/gcc/arm-none-eabi/9.3.1/../../../../arm-none-eabi/lib/thumb/v7e-m+fp/hard/libc_nano.a(lib_a-assert.o)
                0x000000000800850c                __assert_func
 .text.__sflush_r
                0x0000000008008548      0x10c /opt/st/stm32cubeide_1.6.1/plugins/com.st.stm32cube.ide.mcu.externaltools.gnu-tools-for-stm32.9-2020-q2-update.linux64_1.5.0.202011040924/tools/bin/../lib/gcc/arm-none-eabi/9.3.1/../../../../arm-none-eabi/lib/thumb/v7e-m+fp/hard/libc_nano.a(lib_a-fflush.o)
                0x0000000008008548                __sflush_r
 .text._fflush_r
                0x0000000008008654       0x78 /opt/st/stm32cubeide_1.6.1/plugins/com.st.stm32cube.ide.mcu.externaltools.gnu-tools-for-stm32.9-2020-q2-update.linux64_1.5.0.202011040924/tools/bin/../lib/gcc/arm-none-eabi/9.3.1/../../../../arm-none-eabi/lib/thumb/v7e-m+fp/hard/libc_nano.a(lib_a-fflush.o)
                0x0000000008008654                _fflush_r
 .text.std      0x00000000080086cc       0x48 /opt/st/stm32cubeide_1.6.1/plugins/com.st.stm32cube.ide.mcu.externaltools.gnu-tools-for-stm32.9-2020-q2-update.linux64_1.5.0.202011040924/tools/bin/../lib/gcc/arm-none-eabi/9.3.1/../../../../arm-none-eabi/lib/thumb/v7e-m+fp/hard/libc_nano.a(lib_a-findfp.o)
 .text._cleanup_r
                0x0000000008008714        0xc /opt/st/stm32cubeide_1.6.1/plugins/com.st.stm32cube.ide.mcu.externaltools.gnu-tools-for-stm32.9-2020-q2-update.linux64_1.5.0.202011040924/tools/bin/../lib/gcc/arm-none-eabi/9.3.1/../../../../arm-none-eabi/lib/thumb/v7e-m+fp/hard/libc_nano.a(lib_a-findfp.o)
                0x0000000008008714                _cleanup_r
 .text.__sfmoreglue
                0x0000000008008720       0x2c /opt/st/stm32cubeide_1.6.1/plugins/com.st.stm32cube.ide.mcu.externaltools.gnu-tools-for-stm32.9-2020-q2-update.linux64_1.5.0.202011040924/tools/bin/../lib/gcc/arm-none-eabi/9.3.1/../../../../arm-none-eabi/lib/thumb/v7e-m+fp/hard/libc_nano.a(lib_a-findfp.o)
                0x0000000008008720                __sfmoreglue
 .text.__sfp_lock_acquire
                0x000000000800874c        0xc /opt/st/stm32cubeide_1.6.1/plugins/com.st.stm32cube.ide.mcu.externaltools.gnu-tools-for-stm32.9-2020-q2-update.linux64_1.5.0.202011040924/tools/bin/../lib/gcc/arm-none-eabi/9.3.1/../../../../arm-none-eabi/lib/thumb/v7e-m+fp/hard/libc_nano.a(lib_a-findfp.o)
                0x000000000800874c                __sfp_lock_acquire
 .text.__sfp_lock_release
                0x0000000008008758        0xc /opt/st/stm32cubeide_1.6.1/plugins/com.st.stm32cube.ide.mcu.externaltools.gnu-tools-for-stm32.9-2020-q2-update.linux64_1.5.0.202011040924/tools/bin/../lib/gcc/arm-none-eabi/9.3.1/../../../../arm-none-eabi/lib/thumb/v7e-m+fp/hard/libc_nano.a(lib_a-findfp.o)
                0x0000000008008758                __sfp_lock_release
 .text.__sinit_lock_acquire
                0x0000000008008764        0xc /opt/st/stm32cubeide_1.6.1/plugins/com.st.stm32cube.ide.mcu.externaltools.gnu-tools-for-stm32.9-2020-q2-update.linux64_1.5.0.202011040924/tools/bin/../lib/gcc/arm-none-eabi/9.3.1/../../../../arm-none-eabi/lib/thumb/v7e-m+fp/hard/libc_nano.a(lib_a-findfp.o)
                0x0000000008008764                __sinit_lock_acquire
 .text.__sinit_lock_release
                0x0000000008008770        0xc /opt/st/stm32cubeide_1.6.1/plugins/com.st.stm32cube.ide.mcu.externaltools.gnu-tools-for-stm32.9-2020-q2-update.linux64_1.5.0.202011040924/tools/bin/../lib/gcc/arm-none-eabi/9.3.1/../../../../arm-none-eabi/lib/thumb/v7e-m+fp/hard/libc_nano.a(lib_a-findfp.o)
                0x0000000008008770                __sinit_lock_release
 .text.__sinit  0x000000000800877c       0x70 /opt/st/stm32cubeide_1.6.1/plugins/com.st.stm32cube.ide.mcu.externaltools.gnu-tools-for-stm32.9-2020-q2-update.linux64_1.5.0.202011040924/tools/bin/../lib/gcc/arm-none-eabi/9.3.1/../../../../arm-none-eabi/lib/thumb/v7e-m+fp/hard/libc_nano.a(lib_a-findfp.o)
                0x000000000800877c                __sinit
 .text.__sfp    0x00000000080087ec       0x8c /opt/st/stm32cubeide_1.6.1/plugins/com.st.stm32cube.ide.mcu.externaltools.gnu-tools-for-stm32.9-2020-q2-update.linux64_1.5.0.202011040924/tools/bin/../lib/gcc/arm-none-eabi/9.3.1/../../../../arm-none-eabi/lib/thumb/v7e-m+fp/hard/libc_nano.a(lib_a-findfp.o)
                0x00000000080087ec                __sfp
 .text.fprintf  0x0000000008008878       0x24 /opt/st/stm32cubeide_1.6.1/plugins/com.st.stm32cube.ide.mcu.externaltools.gnu-tools-for-stm32.9-2020-q2-update.linux64_1.5.0.202011040924/tools/bin/../lib/gcc/arm-none-eabi/9.3.1/../../../../arm-none-eabi/lib/thumb/v7e-m+fp/hard/libc_nano.a(lib_a-fprintf.o)
                0x0000000008008878                fprintf
                0x0000000008008878                fiprintf
 .text._fwalk_reent
                0x000000000800889c       0x3e /opt/st/stm32cubeide_1.6.1/plugins/com.st.stm32cube.ide.mcu.externaltools.gnu-tools-for-stm32.9-2020-q2-update.linux64_1.5.0.202011040924/tools/bin/../lib/gcc/arm-none-eabi/9.3.1/../../../../arm-none-eabi/lib/thumb/v7e-m+fp/hard/libc_nano.a(lib_a-fwalk.o)
                0x000000000800889c                _fwalk_reent
 *fill*         0x00000000080088da        0x2 
 .text._gettimeofday_r
                0x00000000080088dc       0x24 /opt/st/stm32cubeide_1.6.1/plugins/com.st.stm32cube.ide.mcu.externaltools.gnu-tools-for-stm32.9-2020-q2-update.linux64_1.5.0.202011040924/tools/bin/../lib/gcc/arm-none-eabi/9.3.1/../../../../arm-none-eabi/lib/thumb/v7e-m+fp/hard/libc_nano.a(lib_a-gettimeofdayr.o)
                0x00000000080088dc                _gettimeofday_r
 .text.__retarget_lock_init_recursive
                0x0000000008008900        0x2 /opt/st/stm32cubeide_1.6.1/plugins/com.st.stm32cube.ide.mcu.externaltools.gnu-tools-for-stm32.9-2020-q2-update.linux64_1.5.0.202011040924/tools/bin/../lib/gcc/arm-none-eabi/9.3.1/../../../../arm-none-eabi/lib/thumb/v7e-m+fp/hard/libc_nano.a(lib_a-lock.o)
                0x0000000008008900                __retarget_lock_init_recursive
 .text.__retarget_lock_acquire_recursive
                0x0000000008008902        0x2 /opt/st/stm32cubeide_1.6.1/plugins/com.st.stm32cube.ide.mcu.externaltools.gnu-tools-for-stm32.9-2020-q2-update.linux64_1.5.0.202011040924/tools/bin/../lib/gcc/arm-none-eabi/9.3.1/../../../../arm-none-eabi/lib/thumb/v7e-m+fp/hard/libc_nano.a(lib_a-lock.o)
                0x0000000008008902                __retarget_lock_acquire_recursive
 .text.__retarget_lock_release_recursive
                0x0000000008008904        0x2 /opt/st/stm32cubeide_1.6.1/plugins/com.st.stm32cube.ide.mcu.externaltools.gnu-tools-for-stm32.9-2020-q2-update.linux64_1.5.0.202011040924/tools/bin/../lib/gcc/arm-none-eabi/9.3.1/../../../../arm-none-eabi/lib/thumb/v7e-m+fp/hard/libc_nano.a(lib_a-lock.o)
                0x0000000008008904                __retarget_lock_release_recursive
 .text.__swhatbuf_r
                0x0000000008008906       0x48 /opt/st/stm32cubeide_1.6.1/plugins/com.st.stm32cube.ide.mcu.externaltools.gnu-tools-for-stm32.9-2020-q2-update.linux64_1.5.0.202011040924/tools/bin/../lib/gcc/arm-none-eabi/9.3.1/../../../../arm-none-eabi/lib/thumb/v7e-m+fp/hard/libc_nano.a(lib_a-makebuf.o)
                0x0000000008008906                __swhatbuf_r
 *fill*         0x000000000800894e        0x2 
 .text.__smakebuf_r
                0x0000000008008950       0x80 /opt/st/stm32cubeide_1.6.1/plugins/com.st.stm32cube.ide.mcu.externaltools.gnu-tools-for-stm32.9-2020-q2-update.linux64_1.5.0.202011040924/tools/bin/../lib/gcc/arm-none-eabi/9.3.1/../../../../arm-none-eabi/lib/thumb/v7e-m+fp/hard/libc_nano.a(lib_a-makebuf.o)
                0x0000000008008950                __smakebuf_r
 .text.__malloc_lock
                0x00000000080089d0        0xc /opt/st/stm32cubeide_1.6.1/plugins/com.st.stm32cube.ide.mcu.externaltools.gnu-tools-for-stm32.9-2020-q2-update.linux64_1.5.0.202011040924/tools/bin/../lib/gcc/arm-none-eabi/9.3.1/../../../../arm-none-eabi/lib/thumb/v7e-m+fp/hard/libc_nano.a(lib_a-mlock.o)
                0x00000000080089d0                __malloc_lock
 .text.__malloc_unlock
                0x00000000080089dc        0xc /opt/st/stm32cubeide_1.6.1/plugins/com.st.stm32cube.ide.mcu.externaltools.gnu-tools-for-stm32.9-2020-q2-update.linux64_1.5.0.202011040924/tools/bin/../lib/gcc/arm-none-eabi/9.3.1/../../../../arm-none-eabi/lib/thumb/v7e-m+fp/hard/libc_nano.a(lib_a-mlock.o)
                0x00000000080089dc                __malloc_unlock
 .text.__sfputc_r
                0x00000000080089e8       0x2e /opt/st/stm32cubeide_1.6.1/plugins/com.st.stm32cube.ide.mcu.externaltools.gnu-tools-for-stm32.9-2020-q2-update.linux64_1.5.0.202011040924/tools/bin/../lib/gcc/arm-none-eabi/9.3.1/../../../../arm-none-eabi/lib/thumb/v7e-m+fp/hard/libc_nano.a(lib_a-nano-vfprintf.o)
 .text.__sfputs_r
                0x0000000008008a16       0x24 /opt/st/stm32cubeide_1.6.1/plugins/com.st.stm32cube.ide.mcu.externaltools.gnu-tools-for-stm32.9-2020-q2-update.linux64_1.5.0.202011040924/tools/bin/../lib/gcc/arm-none-eabi/9.3.1/../../../../arm-none-eabi/lib/thumb/v7e-m+fp/hard/libc_nano.a(lib_a-nano-vfprintf.o)
                0x0000000008008a16                __sfputs_r
 *fill*         0x0000000008008a3a        0x2 
 .text._vfprintf_r
                0x0000000008008a3c      0x260 /opt/st/stm32cubeide_1.6.1/plugins/com.st.stm32cube.ide.mcu.externaltools.gnu-tools-for-stm32.9-2020-q2-update.linux64_1.5.0.202011040924/tools/bin/../lib/gcc/arm-none-eabi/9.3.1/../../../../arm-none-eabi/lib/thumb/v7e-m+fp/hard/libc_nano.a(lib_a-nano-vfprintf.o)
                0x0000000008008a3c                _vfiprintf_r
                0x0000000008008a3c                _vfprintf_r
 .text._printf_common
                0x0000000008008c9c       0xda /opt/st/stm32cubeide_1.6.1/plugins/com.st.stm32cube.ide.mcu.externaltools.gnu-tools-for-stm32.9-2020-q2-update.linux64_1.5.0.202011040924/tools/bin/../lib/gcc/arm-none-eabi/9.3.1/../../../../arm-none-eabi/lib/thumb/v7e-m+fp/hard/libc_nano.a(lib_a-nano-vfprintf_i.o)
                0x0000000008008c9c                _printf_common
 *fill*         0x0000000008008d76        0x2 
 .text._printf_i
                0x0000000008008d78      0x24c /opt/st/stm32cubeide_1.6.1/plugins/com.st.stm32cube.ide.mcu.externaltools.gnu-tools-for-stm32.9-2020-q2-update.linux64_1.5.0.202011040924/tools/bin/../lib/gcc/arm-none-eabi/9.3.1/../../../../arm-none-eabi/lib/thumb/v7e-m+fp/hard/libc_nano.a(lib_a-nano-vfprintf_i.o)
                0x0000000008008d78                _printf_i
 .text.__sread  0x0000000008008fc4       0x22 /opt/st/stm32cubeide_1.6.1/plugins/com.st.stm32cube.ide.mcu.externaltools.gnu-tools-for-stm32.9-2020-q2-update.linux64_1.5.0.202011040924/tools/bin/../lib/gcc/arm-none-eabi/9.3.1/../../../../arm-none-eabi/lib/thumb/v7e-m+fp/hard/libc_nano.a(lib_a-stdio.o)
                0x0000000008008fc4                __sread
 .text.__swrite
                0x0000000008008fe6       0x38 /opt/st/stm32cubeide_1.6.1/plugins/com.st.stm32cube.ide.mcu.externaltools.gnu-tools-for-stm32.9-2020-q2-update.linux64_1.5.0.202011040924/tools/bin/../lib/gcc/arm-none-eabi/9.3.1/../../../../arm-none-eabi/lib/thumb/v7e-m+fp/hard/libc_nano.a(lib_a-stdio.o)
                0x0000000008008fe6                __swrite
 .text.__sseek  0x000000000800901e       0x24 /opt/st/stm32cubeide_1.6.1/plugins/com.st.stm32cube.ide.mcu.externaltools.gnu-tools-for-stm32.9-2020-q2-update.linux64_1.5.0.202011040924/tools/bin/../lib/gcc/arm-none-eabi/9.3.1/../../../../arm-none-eabi/lib/thumb/v7e-m+fp/hard/libc_nano.a(lib_a-stdio.o)
                0x000000000800901e                __sseek
 .text.__sclose
                0x0000000008009042        0x8 /opt/st/stm32cubeide_1.6.1/plugins/com.st.stm32cube.ide.mcu.externaltools.gnu-tools-for-stm32.9-2020-q2-update.linux64_1.5.0.202011040924/tools/bin/../lib/gcc/arm-none-eabi/9.3.1/../../../../arm-none-eabi/lib/thumb/v7e-m+fp/hard/libc_nano.a(lib_a-stdio.o)
                0x0000000008009042                __sclose
 *fill*         0x000000000800904a        0x2 
 .text._write_r
                0x000000000800904c       0x24 /opt/st/stm32cubeide_1.6.1/plugins/com.st.stm32cube.ide.mcu.externaltools.gnu-tools-for-stm32.9-2020-q2-update.linux64_1.5.0.202011040924/tools/bin/../lib/gcc/arm-none-eabi/9.3.1/../../../../arm-none-eabi/lib/thumb/v7e-m+fp/hard/libc_nano.a(lib_a-writer.o)
                0x000000000800904c                _write_r
 .text.abort    0x0000000008009070        0xe /opt/st/stm32cubeide_1.6.1/plugins/com.st.stm32cube.ide.mcu.externaltools.gnu-tools-for-stm32.9-2020-q2-update.linux64_1.5.0.202011040924/tools/bin/../lib/gcc/arm-none-eabi/9.3.1/../../../../arm-none-eabi/lib/thumb/v7e-m+fp/hard/libc_nano.a(lib_a-abort.o)
                0x0000000008009070                abort
 *fill*         0x000000000800907e        0x2 
 .text._close_r
                0x0000000008009080       0x20 /opt/st/stm32cubeide_1.6.1/plugins/com.st.stm32cube.ide.mcu.externaltools.gnu-tools-for-stm32.9-2020-q2-update.linux64_1.5.0.202011040924/tools/bin/../lib/gcc/arm-none-eabi/9.3.1/../../../../arm-none-eabi/lib/thumb/v7e-m+fp/hard/libc_nano.a(lib_a-closer.o)
                0x0000000008009080                _close_r
 .text._fstat_r
                0x00000000080090a0       0x24 /opt/st/stm32cubeide_1.6.1/plugins/com.st.stm32cube.ide.mcu.externaltools.gnu-tools-for-stm32.9-2020-q2-update.linux64_1.5.0.202011040924/tools/bin/../lib/gcc/arm-none-eabi/9.3.1/../../../../arm-none-eabi/lib/thumb/v7e-m+fp/hard/libc_nano.a(lib_a-fstatr.o)
                0x00000000080090a0                _fstat_r
 .text._isatty_r
                0x00000000080090c4       0x20 /opt/st/stm32cubeide_1.6.1/plugins/com.st.stm32cube.ide.mcu.externaltools.gnu-tools-for-stm32.9-2020-q2-update.linux64_1.5.0.202011040924/tools/bin/../lib/gcc/arm-none-eabi/9.3.1/../../../../arm-none-eabi/lib/thumb/v7e-m+fp/hard/libc_nano.a(lib_a-isattyr.o)
                0x00000000080090c4                _isatty_r
 .text._lseek_r
                0x00000000080090e4       0x24 /opt/st/stm32cubeide_1.6.1/plugins/com.st.stm32cube.ide.mcu.externaltools.gnu-tools-for-stm32.9-2020-q2-update.linux64_1.5.0.202011040924/tools/bin/../lib/gcc/arm-none-eabi/9.3.1/../../../../arm-none-eabi/lib/thumb/v7e-m+fp/hard/libc_nano.a(lib_a-lseekr.o)
                0x00000000080090e4                _lseek_r
 .text._read_r  0x0000000008009108       0x24 /opt/st/stm32cubeide_1.6.1/plugins/com.st.stm32cube.ide.mcu.externaltools.gnu-tools-for-stm32.9-2020-q2-update.linux64_1.5.0.202011040924/tools/bin/../lib/gcc/arm-none-eabi/9.3.1/../../../../arm-none-eabi/lib/thumb/v7e-m+fp/hard/libc_nano.a(lib_a-readr.o)
                0x0000000008009108                _read_r
 .text._raise_r
                0x000000000800912c       0x50 /opt/st/stm32cubeide_1.6.1/plugins/com.st.stm32cube.ide.mcu.externaltools.gnu-tools-for-stm32.9-2020-q2-update.linux64_1.5.0.202011040924/tools/bin/../lib/gcc/arm-none-eabi/9.3.1/../../../../arm-none-eabi/lib/thumb/v7e-m+fp/hard/libc_nano.a(lib_a-signal.o)
                0x000000000800912c                _raise_r
 .text.raise    0x000000000800917c       0x10 /opt/st/stm32cubeide_1.6.1/plugins/com.st.stm32cube.ide.mcu.externaltools.gnu-tools-for-stm32.9-2020-q2-update.linux64_1.5.0.202011040924/tools/bin/../lib/gcc/arm-none-eabi/9.3.1/../../../../arm-none-eabi/lib/thumb/v7e-m+fp/hard/libc_nano.a(lib_a-signal.o)
                0x000000000800917c                raise
 .text._kill_r  0x000000000800918c       0x24 /opt/st/stm32cubeide_1.6.1/plugins/com.st.stm32cube.ide.mcu.externaltools.gnu-tools-for-stm32.9-2020-q2-update.linux64_1.5.0.202011040924/tools/bin/../lib/gcc/arm-none-eabi/9.3.1/../../../../arm-none-eabi/lib/thumb/v7e-m+fp/hard/libc_nano.a(lib_a-signalr.o)
                0x000000000800918c                _kill_r
 .text._getpid_r
                0x00000000080091b0        0x4 /opt/st/stm32cubeide_1.6.1/plugins/com.st.stm32cube.ide.mcu.externaltools.gnu-tools-for-stm32.9-2020-q2-update.linux64_1.5.0.202011040924/tools/bin/../lib/gcc/arm-none-eabi/9.3.1/../../../../arm-none-eabi/lib/thumb/v7e-m+fp/hard/libc_nano.a(lib_a-signalr.o)
                0x00000000080091b0                _getpid_r
 .text._gettimeofday
                0x00000000080091b4       0x10 /opt/st/stm32cubeide_1.6.1/plugins/com.st.stm32cube.ide.mcu.externaltools.gnu-tools-for-stm32.9-2020-q2-update.linux64_1.5.0.202011040924/tools/bin/../lib/gcc/arm-none-eabi/9.3.1/../../../../arm-none-eabi/lib/thumb/v7e-m+fp/hard/libnosys.a(gettod.o)
                0x00000000080091b4                _gettimeofday
 *(.glue_7)
 .glue_7        0x00000000080091c4        0x0 linker stubs
 *(.glue_7t)
 .glue_7t       0x00000000080091c4        0x0 linker stubs
 *(.eh_frame)
 .eh_frame      0x00000000080091c4        0x0 /opt/st/stm32cubeide_1.6.1/plugins/com.st.stm32cube.ide.mcu.externaltools.gnu-tools-for-stm32.9-2020-q2-update.linux64_1.5.0.202011040924/tools/bin/../lib/gcc/arm-none-eabi/9.3.1/thumb/v7e-m+fp/hard/crtbegin.o
 *(.init)
 .init          0x00000000080091c4        0x4 /opt/st/stm32cubeide_1.6.1/plugins/com.st.stm32cube.ide.mcu.externaltools.gnu-tools-for-stm32.9-2020-q2-update.linux64_1.5.0.202011040924/tools/bin/../lib/gcc/arm-none-eabi/9.3.1/thumb/v7e-m+fp/hard/crti.o
                0x00000000080091c4                _init
 .init          0x00000000080091c8        0x8 /opt/st/stm32cubeide_1.6.1/plugins/com.st.stm32cube.ide.mcu.externaltools.gnu-tools-for-stm32.9-2020-q2-update.linux64_1.5.0.202011040924/tools/bin/../lib/gcc/arm-none-eabi/9.3.1/thumb/v7e-m+fp/hard/crtn.o
 *(.fini)
 .fini          0x00000000080091d0        0x4 /opt/st/stm32cubeide_1.6.1/plugins/com.st.stm32cube.ide.mcu.externaltools.gnu-tools-for-stm32.9-2020-q2-update.linux64_1.5.0.202011040924/tools/bin/../lib/gcc/arm-none-eabi/9.3.1/thumb/v7e-m+fp/hard/crti.o
                0x00000000080091d0                _fini
 .fini          0x00000000080091d4        0x8 /opt/st/stm32cubeide_1.6.1/plugins/com.st.stm32cube.ide.mcu.externaltools.gnu-tools-for-stm32.9-2020-q2-update.linux64_1.5.0.202011040924/tools/bin/../lib/gcc/arm-none-eabi/9.3.1/thumb/v7e-m+fp/hard/crtn.o
                0x00000000080091dc                . = ALIGN (0x4)
                0x00000000080091dc                _etext = .

.vfp11_veneer   0x00000000080091dc        0x0
 .vfp11_veneer  0x00000000080091dc        0x0 linker stubs

.v4_bx          0x00000000080091dc        0x0
 .v4_bx         0x00000000080091dc        0x0 linker stubs

.iplt           0x00000000080091dc        0x0
 .iplt          0x00000000080091dc        0x0 /opt/st/stm32cubeide_1.6.1/plugins/com.st.stm32cube.ide.mcu.externaltools.gnu-tools-for-stm32.9-2020-q2-update.linux64_1.5.0.202011040924/tools/bin/../lib/gcc/arm-none-eabi/9.3.1/thumb/v7e-m+fp/hard/crtbegin.o

.rodata         0x00000000080091dc      0x358
                0x00000000080091dc                . = ALIGN (0x4)
 *(.rodata)
 .rodata        0x00000000080091dc      0x17a Core/Src/main.o
 *fill*         0x0000000008009356        0x2 
 .rodata        0x0000000008009358        0x5 Middlewares/Third_Party/FreeRTOS/Source/tasks.o
 *fill*         0x000000000800935d        0x3 
 .rodata        0x0000000008009360        0xd Middlewares/Third_Party/FreeRTOS/Source/timers.o
 *(.rodata*)
 *fill*         0x000000000800936d        0x3 
 .rodata.defaultTask_attributes
                0x0000000008009370       0x24 Core/Src/main.o
                0x0000000008009370                defaultTask_attributes
 .rodata.dispatcher_attributes
                0x0000000008009394       0x24 Core/Src/main.o
                0x0000000008009394                dispatcher_attributes
 .rodata.dispatcherQueue_attributes
                0x00000000080093b8       0x18 Core/Src/main.o
                0x00000000080093b8                dispatcherQueue_attributes
 .rodata.AHBPrescTable
                0x00000000080093d0       0x10 Core/Src/system_stm32f7xx.o
                0x00000000080093d0                AHBPrescTable
 .rodata.APBPrescTable
                0x00000000080093e0        0x8 Core/Src/system_stm32f7xx.o
                0x00000000080093e0                APBPrescTable
 .rodata._global_impure_ptr
                0x00000000080093e8        0x4 /opt/st/stm32cubeide_1.6.1/plugins/com.st.stm32cube.ide.mcu.externaltools.gnu-tools-for-stm32.9-2020-q2-update.linux64_1.5.0.202011040924/tools/bin/../lib/gcc/arm-none-eabi/9.3.1/../../../../arm-none-eabi/lib/thumb/v7e-m+fp/hard/libc_nano.a(lib_a-impure.o)
                0x00000000080093e8                _global_impure_ptr
 .rodata.srand.str1.1
                0x00000000080093ec       0x76 /opt/st/stm32cubeide_1.6.1/plugins/com.st.stm32cube.ide.mcu.externaltools.gnu-tools-for-stm32.9-2020-q2-update.linux64_1.5.0.202011040924/tools/bin/../lib/gcc/arm-none-eabi/9.3.1/../../../../arm-none-eabi/lib/thumb/v7e-m+fp/hard/libc_nano.a(lib_a-rand.o)
 .rodata.__assert_func.str1.1
                0x0000000008009462       0x3c /opt/st/stm32cubeide_1.6.1/plugins/com.st.stm32cube.ide.mcu.externaltools.gnu-tools-for-stm32.9-2020-q2-update.linux64_1.5.0.202011040924/tools/bin/../lib/gcc/arm-none-eabi/9.3.1/../../../../arm-none-eabi/lib/thumb/v7e-m+fp/hard/libc_nano.a(lib_a-assert.o)
                                         0x3d (size before relaxing)
 *fill*         0x000000000800949e        0x2 
 .rodata.__sf_fake_stderr
                0x00000000080094a0       0x20 /opt/st/stm32cubeide_1.6.1/plugins/com.st.stm32cube.ide.mcu.externaltools.gnu-tools-for-stm32.9-2020-q2-update.linux64_1.5.0.202011040924/tools/bin/../lib/gcc/arm-none-eabi/9.3.1/../../../../arm-none-eabi/lib/thumb/v7e-m+fp/hard/libc_nano.a(lib_a-findfp.o)
                0x00000000080094a0                __sf_fake_stderr
 .rodata.__sf_fake_stdin
                0x00000000080094c0       0x20 /opt/st/stm32cubeide_1.6.1/plugins/com.st.stm32cube.ide.mcu.externaltools.gnu-tools-for-stm32.9-2020-q2-update.linux64_1.5.0.202011040924/tools/bin/../lib/gcc/arm-none-eabi/9.3.1/../../../../arm-none-eabi/lib/thumb/v7e-m+fp/hard/libc_nano.a(lib_a-findfp.o)
                0x00000000080094c0                __sf_fake_stdin
 .rodata.__sf_fake_stdout
                0x00000000080094e0       0x20 /opt/st/stm32cubeide_1.6.1/plugins/com.st.stm32cube.ide.mcu.externaltools.gnu-tools-for-stm32.9-2020-q2-update.linux64_1.5.0.202011040924/tools/bin/../lib/gcc/arm-none-eabi/9.3.1/../../../../arm-none-eabi/lib/thumb/v7e-m+fp/hard/libc_nano.a(lib_a-findfp.o)
                0x00000000080094e0                __sf_fake_stdout
 .rodata._vfprintf_r.str1.1
                0x0000000008009500       0x11 /opt/st/stm32cubeide_1.6.1/plugins/com.st.stm32cube.ide.mcu.externaltools.gnu-tools-for-stm32.9-2020-q2-update.linux64_1.5.0.202011040924/tools/bin/../lib/gcc/arm-none-eabi/9.3.1/../../../../arm-none-eabi/lib/thumb/v7e-m+fp/hard/libc_nano.a(lib_a-nano-vfprintf.o)
 .rodata._printf_i.str1.1
                0x0000000008009511       0x22 /opt/st/stm32cubeide_1.6.1/plugins/com.st.stm32cube.ide.mcu.externaltools.gnu-tools-for-stm32.9-2020-q2-update.linux64_1.5.0.202011040924/tools/bin/../lib/gcc/arm-none-eabi/9.3.1/../../../../arm-none-eabi/lib/thumb/v7e-m+fp/hard/libc_nano.a(lib_a-nano-vfprintf_i.o)
                0x0000000008009534                . = ALIGN (0x4)
 *fill*         0x0000000008009533        0x1 

.ARM.extab      0x0000000008009534        0x0
                0x0000000008009534                . = ALIGN (0x4)
 *(.ARM.extab* .gnu.linkonce.armextab.*)
                0x0000000008009534                . = ALIGN (0x4)

.ARM            0x0000000008009534        0x8
                0x0000000008009534                . = ALIGN (0x4)
                0x0000000008009534                __exidx_start = .
 *(.ARM.exidx*)
 .ARM.exidx     0x0000000008009534        0x8 /opt/st/stm32cubeide_1.6.1/plugins/com.st.stm32cube.ide.mcu.externaltools.gnu-tools-for-stm32.9-2020-q2-update.linux64_1.5.0.202011040924/tools/bin/../lib/gcc/arm-none-eabi/9.3.1/thumb/v7e-m+fp/hard/libgcc.a(_udivmoddi4.o)
                0x000000000800953c                __exidx_end = .
                0x000000000800953c                . = ALIGN (0x4)

.rel.dyn        0x000000000800953c        0x0
 .rel.iplt      0x000000000800953c        0x0 /opt/st/stm32cubeide_1.6.1/plugins/com.st.stm32cube.ide.mcu.externaltools.gnu-tools-for-stm32.9-2020-q2-update.linux64_1.5.0.202011040924/tools/bin/../lib/gcc/arm-none-eabi/9.3.1/thumb/v7e-m+fp/hard/crtbegin.o

.preinit_array  0x000000000800953c        0x0
                0x000000000800953c                . = ALIGN (0x4)
                0x000000000800953c                PROVIDE (__preinit_array_start = .)
 *(.preinit_array*)
                0x000000000800953c                PROVIDE (__preinit_array_end = .)
                0x000000000800953c                . = ALIGN (0x4)

.init_array     0x000000000800953c        0x4
                0x000000000800953c                . = ALIGN (0x4)
                0x000000000800953c                PROVIDE (__init_array_start = .)
 *(SORT_BY_NAME(.init_array.*))
 *(.init_array*)
 .init_array    0x000000000800953c        0x4 /opt/st/stm32cubeide_1.6.1/plugins/com.st.stm32cube.ide.mcu.externaltools.gnu-tools-for-stm32.9-2020-q2-update.linux64_1.5.0.202011040924/tools/bin/../lib/gcc/arm-none-eabi/9.3.1/thumb/v7e-m+fp/hard/crtbegin.o
                0x0000000008009540                PROVIDE (__init_array_end = .)
                0x0000000008009540                . = ALIGN (0x4)

.fini_array     0x0000000008009540        0x4
                0x0000000008009540                . = ALIGN (0x4)
                [!provide]                        PROVIDE (__fini_array_start = .)
 *(SORT_BY_NAME(.fini_array.*))
 *(.fini_array*)
 .fini_array    0x0000000008009540        0x4 /opt/st/stm32cubeide_1.6.1/plugins/com.st.stm32cube.ide.mcu.externaltools.gnu-tools-for-stm32.9-2020-q2-update.linux64_1.5.0.202011040924/tools/bin/../lib/gcc/arm-none-eabi/9.3.1/thumb/v7e-m+fp/hard/crtbegin.o
                [!provide]                        PROVIDE (__fini_array_end = .)
                0x0000000008009544                . = ALIGN (0x4)
                0x0000000008009544                _sidata = LOADADDR (.data)

.data           0x0000000020000000       0x84 load address 0x0000000008009544
                0x0000000020000000                . = ALIGN (0x4)
                0x0000000020000000                _sdata = .
 *(.data)
 *(.data*)
 .data.names    0x0000000020000000        0x4 Core/Src/main.o
                0x0000000020000000                names
 .data.queue_names
                0x0000000020000004        0x4 Core/Src/main.o
                0x0000000020000004                queue_names
 .data.sema_names
                0x0000000020000008        0x4 Core/Src/main.o
                0x0000000020000008                sema_names
 .data.mtx_names
                0x000000002000000c        0x4 Core/Src/main.o
                0x000000002000000c                mtx_names
 .data.SystemCoreClock
                0x0000000020000010        0x4 Core/Src/system_stm32f7xx.o
                0x0000000020000010                SystemCoreClock
 .data.uwTickPrio
                0x0000000020000014        0x4 Drivers/STM32F7xx_HAL_Driver/Src/stm32f7xx_hal.o
                0x0000000020000014                uwTickPrio
 .data.uwTickFreq
                0x0000000020000018        0x1 Drivers/STM32F7xx_HAL_Driver/Src/stm32f7xx_hal.o
                0x0000000020000018                uwTickFreq
 *fill*         0x0000000020000019        0x3 
 .data.uxCriticalNesting
                0x000000002000001c        0x4 Middlewares/Third_Party/FreeRTOS/Source/portable/GCC/ARM_CM7/r0p1/port.o
 .data._impure_ptr
                0x0000000020000020        0x4 /opt/st/stm32cubeide_1.6.1/plugins/com.st.stm32cube.ide.mcu.externaltools.gnu-tools-for-stm32.9-2020-q2-update.linux64_1.5.0.202011040924/tools/bin/../lib/gcc/arm-none-eabi/9.3.1/../../../../arm-none-eabi/lib/thumb/v7e-m+fp/hard/libc_nano.a(lib_a-impure.o)
                0x0000000020000020                _impure_ptr
 .data.impure_data
                0x0000000020000024       0x60 /opt/st/stm32cubeide_1.6.1/plugins/com.st.stm32cube.ide.mcu.externaltools.gnu-tools-for-stm32.9-2020-q2-update.linux64_1.5.0.202011040924/tools/bin/../lib/gcc/arm-none-eabi/9.3.1/../../../../arm-none-eabi/lib/thumb/v7e-m+fp/hard/libc_nano.a(lib_a-impure.o)
 *(.RamFunc)
 *(.RamFunc*)
                0x0000000020000084                . = ALIGN (0x4)
                0x0000000020000084                _edata = .

.igot.plt       0x0000000020000084        0x0 load address 0x00000000080095c8
 .igot.plt      0x0000000020000084        0x0 /opt/st/stm32cubeide_1.6.1/plugins/com.st.stm32cube.ide.mcu.externaltools.gnu-tools-for-stm32.9-2020-q2-update.linux64_1.5.0.202011040924/tools/bin/../lib/gcc/arm-none-eabi/9.3.1/thumb/v7e-m+fp/hard/crtbegin.o
                0x0000000020000084                . = ALIGN (0x4)

.bss            0x0000000020000084     0x4ec0 load address 0x00000000080095c8
                0x0000000020000084                _sbss = .
                0x0000000020000084                __bss_start__ = _sbss
 *(.bss)
 .bss           0x0000000020000084       0x1c /opt/st/stm32cubeide_1.6.1/plugins/com.st.stm32cube.ide.mcu.externaltools.gnu-tools-for-stm32.9-2020-q2-update.linux64_1.5.0.202011040924/tools/bin/../lib/gcc/arm-none-eabi/9.3.1/thumb/v7e-m+fp/hard/crtbegin.o
 *(.bss*)
 .bss.__sbrk_heap_end
                0x00000000200000a0        0x4 Core/Src/sysmem.o
 .bss.KernelState
                0x00000000200000a4        0x4 Middlewares/Third_Party/FreeRTOS/Source/CMSIS_RTOS_V2/cmsis_os2.o
 .bss.Idle_TCB  0x00000000200000a8       0x5c Middlewares/Third_Party/FreeRTOS/Source/CMSIS_RTOS_V2/cmsis_os2.o
 .bss.Idle_Stack
                0x0000000020000104      0x200 Middlewares/Third_Party/FreeRTOS/Source/CMSIS_RTOS_V2/cmsis_os2.o
 .bss.Timer_TCB
                0x0000000020000304       0x5c Middlewares/Third_Party/FreeRTOS/Source/CMSIS_RTOS_V2/cmsis_os2.o
 .bss.Timer_Stack
                0x0000000020000360      0x400 Middlewares/Third_Party/FreeRTOS/Source/CMSIS_RTOS_V2/cmsis_os2.o
 .bss.pxCurrentTCB
                0x0000000020000760        0x4 Middlewares/Third_Party/FreeRTOS/Source/tasks.o
                0x0000000020000760                pxCurrentTCB
 .bss.pxReadyTasksLists
                0x0000000020000764      0x460 Middlewares/Third_Party/FreeRTOS/Source/tasks.o
 .bss.xDelayedTaskList1
                0x0000000020000bc4       0x14 Middlewares/Third_Party/FreeRTOS/Source/tasks.o
 .bss.xDelayedTaskList2
                0x0000000020000bd8       0x14 Middlewares/Third_Party/FreeRTOS/Source/tasks.o
 .bss.pxDelayedTaskList
                0x0000000020000bec        0x4 Middlewares/Third_Party/FreeRTOS/Source/tasks.o
 .bss.pxOverflowDelayedTaskList
                0x0000000020000bf0        0x4 Middlewares/Third_Party/FreeRTOS/Source/tasks.o
 .bss.xPendingReadyList
                0x0000000020000bf4       0x14 Middlewares/Third_Party/FreeRTOS/Source/tasks.o
 .bss.xTasksWaitingTermination
                0x0000000020000c08       0x14 Middlewares/Third_Party/FreeRTOS/Source/tasks.o
 .bss.uxDeletedTasksWaitingCleanUp
                0x0000000020000c1c        0x4 Middlewares/Third_Party/FreeRTOS/Source/tasks.o
 .bss.xSuspendedTaskList
                0x0000000020000c20       0x14 Middlewares/Third_Party/FreeRTOS/Source/tasks.o
 .bss.uxCurrentNumberOfTasks
                0x0000000020000c34        0x4 Middlewares/Third_Party/FreeRTOS/Source/tasks.o
 .bss.xTickCount
                0x0000000020000c38        0x4 Middlewares/Third_Party/FreeRTOS/Source/tasks.o
 .bss.uxTopReadyPriority
                0x0000000020000c3c        0x4 Middlewares/Third_Party/FreeRTOS/Source/tasks.o
 .bss.xSchedulerRunning
                0x0000000020000c40        0x4 Middlewares/Third_Party/FreeRTOS/Source/tasks.o
 .bss.uxPendedTicks
                0x0000000020000c44        0x4 Middlewares/Third_Party/FreeRTOS/Source/tasks.o
 .bss.xYieldPending
                0x0000000020000c48        0x4 Middlewares/Third_Party/FreeRTOS/Source/tasks.o
 .bss.xNumOfOverflows
                0x0000000020000c4c        0x4 Middlewares/Third_Party/FreeRTOS/Source/tasks.o
 .bss.uxTaskNumber
                0x0000000020000c50        0x4 Middlewares/Third_Party/FreeRTOS/Source/tasks.o
 .bss.xNextTaskUnblockTime
                0x0000000020000c54        0x4 Middlewares/Third_Party/FreeRTOS/Source/tasks.o
 .bss.xIdleTaskHandle
                0x0000000020000c58        0x4 Middlewares/Third_Party/FreeRTOS/Source/tasks.o
 .bss.uxSchedulerSuspended
                0x0000000020000c5c        0x4 Middlewares/Third_Party/FreeRTOS/Source/tasks.o
 .bss.xActiveTimerList1
                0x0000000020000c60       0x14 Middlewares/Third_Party/FreeRTOS/Source/timers.o
 .bss.xActiveTimerList2
                0x0000000020000c74       0x14 Middlewares/Third_Party/FreeRTOS/Source/timers.o
 .bss.pxCurrentTimerList
                0x0000000020000c88        0x4 Middlewares/Third_Party/FreeRTOS/Source/timers.o
 .bss.pxOverflowTimerList
                0x0000000020000c8c        0x4 Middlewares/Third_Party/FreeRTOS/Source/timers.o
 .bss.xTimerQueue
                0x0000000020000c90        0x4 Middlewares/Third_Party/FreeRTOS/Source/timers.o
 .bss.xTimerTaskHandle
                0x0000000020000c94        0x4 Middlewares/Third_Party/FreeRTOS/Source/timers.o
 .bss.xLastTime.6901
                0x0000000020000c98        0x4 Middlewares/Third_Party/FreeRTOS/Source/timers.o
 .bss.ucStaticTimerQueueStorage.6952
                0x0000000020000c9c       0xa0 Middlewares/Third_Party/FreeRTOS/Source/timers.o
 .bss.xStaticTimerQueue.6951
                0x0000000020000d3c       0x50 Middlewares/Third_Party/FreeRTOS/Source/timers.o
 .bss.ucMaxSysCallPriority
                0x0000000020000d8c        0x1 Middlewares/Third_Party/FreeRTOS/Source/portable/GCC/ARM_CM7/r0p1/port.o
 *fill*         0x0000000020000d8d        0x3 
 .bss.ulMaxPRIGROUPValue
                0x0000000020000d90        0x4 Middlewares/Third_Party/FreeRTOS/Source/portable/GCC/ARM_CM7/r0p1/port.o
 .bss.ucHeap    0x0000000020000d94     0x3c00 Middlewares/Third_Party/FreeRTOS/Source/portable/MemMang/heap_4.o
 .bss.xStart    0x0000000020004994        0x8 Middlewares/Third_Party/FreeRTOS/Source/portable/MemMang/heap_4.o
 .bss.pxEnd     0x000000002000499c        0x4 Middlewares/Third_Party/FreeRTOS/Source/portable/MemMang/heap_4.o
 .bss.xFreeBytesRemaining
                0x00000000200049a0        0x4 Middlewares/Third_Party/FreeRTOS/Source/portable/MemMang/heap_4.o
 .bss.xMinimumEverFreeBytesRemaining
                0x00000000200049a4        0x4 Middlewares/Third_Party/FreeRTOS/Source/portable/MemMang/heap_4.o
 .bss.xBlockAllocatedBit
                0x00000000200049a8        0x4 Middlewares/Third_Party/FreeRTOS/Source/portable/MemMang/heap_4.o
 .bss.__malloc_free_list
                0x00000000200049ac        0x4 /opt/st/stm32cubeide_1.6.1/plugins/com.st.stm32cube.ide.mcu.externaltools.gnu-tools-for-stm32.9-2020-q2-update.linux64_1.5.0.202011040924/tools/bin/../lib/gcc/arm-none-eabi/9.3.1/../../../../arm-none-eabi/lib/thumb/v7e-m+fp/hard/libc_nano.a(lib_a-nano-mallocr.o)
                0x00000000200049ac                __malloc_free_list
 .bss.__malloc_sbrk_start
                0x00000000200049b0        0x4 /opt/st/stm32cubeide_1.6.1/plugins/com.st.stm32cube.ide.mcu.externaltools.gnu-tools-for-stm32.9-2020-q2-update.linux64_1.5.0.202011040924/tools/bin/../lib/gcc/arm-none-eabi/9.3.1/../../../../arm-none-eabi/lib/thumb/v7e-m+fp/hard/libc_nano.a(lib_a-nano-mallocr.o)
                0x00000000200049b0                __malloc_sbrk_start
 *(COMMON)
 COMMON         0x00000000200049b4      0x4f0 Core/Src/main.o
                0x00000000200049b4                defaultTaskHandle
                0x00000000200049b8                huart3
                0x0000000020004a3c                hpcd_USB_OTG_FS
                0x0000000020004e40                services
                0x0000000020004e54                dispatcherHandle
                0x0000000020004e58                heth
                0x0000000020004ea0                dispatcherQueueHandle
 COMMON         0x0000000020004ea4       0x4c Core/Src/stm32f7xx_hal_timebase_tim.o
                0x0000000020004ea4                htim1
 COMMON         0x0000000020004ef0        0x4 Drivers/STM32F7xx_HAL_Driver/Src/stm32f7xx_hal.o
                0x0000000020004ef0                uwTick
 COMMON         0x0000000020004ef4       0x40 Middlewares/Third_Party/FreeRTOS/Source/queue.o
                0x0000000020004ef4                xQueueRegistry
 COMMON         0x0000000020004f34        0x9 /opt/st/stm32cubeide_1.6.1/plugins/com.st.stm32cube.ide.mcu.externaltools.gnu-tools-for-stm32.9-2020-q2-update.linux64_1.5.0.202011040924/tools/bin/../lib/gcc/arm-none-eabi/9.3.1/../../../../arm-none-eabi/lib/thumb/v7e-m+fp/hard/libc_nano.a(lib_a-lock.o)
                0x0000000020004f34                __lock___atexit_recursive_mutex
                0x0000000020004f35                __lock___arc4random_mutex
                0x0000000020004f36                __lock___env_recursive_mutex
                0x0000000020004f37                __lock___sinit_recursive_mutex
                0x0000000020004f38                __lock___malloc_recursive_mutex
                0x0000000020004f39                __lock___at_quick_exit_mutex
                0x0000000020004f3a                __lock___dd_hash_mutex
                0x0000000020004f3b                __lock___tz_mutex
                0x0000000020004f3c                __lock___sfp_recursive_mutex
 *fill*         0x0000000020004f3d        0x3 
 COMMON         0x0000000020004f40        0x4 /opt/st/stm32cubeide_1.6.1/plugins/com.st.stm32cube.ide.mcu.externaltools.gnu-tools-for-stm32.9-2020-q2-update.linux64_1.5.0.202011040924/tools/bin/../lib/gcc/arm-none-eabi/9.3.1/../../../../arm-none-eabi/lib/thumb/v7e-m+fp/hard/libc_nano.a(lib_a-reent.o)
                0x0000000020004f40                errno
                0x0000000020004f44                . = ALIGN (0x4)
                0x0000000020004f44                _ebss = .
                0x0000000020004f44                __bss_end__ = _ebss

._user_heap_stack
                0x0000000020004f44      0x604 load address 0x00000000080095c8
                0x0000000020004f48                . = ALIGN (0x8)
 *fill*         0x0000000020004f44        0x4 
                [!provide]                        PROVIDE (end = .)
                0x0000000020004f48                PROVIDE (_end = .)
                0x0000000020005148                . = (. + _Min_Heap_Size)
 *fill*         0x0000000020004f48      0x200 
                0x0000000020005548                . = (. + _Min_Stack_Size)
 *fill*         0x0000000020005148      0x400 
                0x0000000020005548                . = ALIGN (0x8)

/DISCARD/
 libc.a(*)
 libm.a(*)
 libgcc.a(*)

.ARM.attributes
                0x0000000000000000       0x30
 *(.ARM.attributes)
 .ARM.attributes