Archive member included to satisfy reference by file (symbol)

/home/max/ide/stm32cubeide_1.5.1/plugins/com.st.stm32cube.ide.mcu.externaltools.gnu-tools-for-stm32.9-2020-q2-update.linux64_1.5.0.202011040924/tools/bin/../lib/gcc/arm-none-eabi/9.3.1/../../../../arm-none-eabi/lib/thumb/v7e-m+fp/hard/libc_nano.a(lib_a-errno.o)
                              Core/Src/syscalls.o (__errno)
/home/max/ide/stm32cubeide_1.5.1/plugins/com.st.stm32cube.ide.mcu.externaltools.gnu-tools-for-stm32.9-2020-q2-update.linux64_1.5.0.202011040924/tools/bin/../lib/gcc/arm-none-eabi/9.3.1/../../../../arm-none-eabi/lib/thumb/v7e-m+fp/hard/libc_nano.a(lib_a-exit.o)
                              /home/max/ide/stm32cubeide_1.5.1/plugins/com.st.stm32cube.ide.mcu.externaltools.gnu-tools-for-stm32.9-2020-q2-update.linux64_1.5.0.202011040924/tools/bin/../lib/gcc/arm-none-eabi/9.3.1/../../../../arm-none-eabi/lib/thumb/v7e-m+fp/hard/crt0.o (exit)
/home/max/ide/stm32cubeide_1.5.1/plugins/com.st.stm32cube.ide.mcu.externaltools.gnu-tools-for-stm32.9-2020-q2-update.linux64_1.5.0.202011040924/tools/bin/../lib/gcc/arm-none-eabi/9.3.1/../../../../arm-none-eabi/lib/thumb/v7e-m+fp/hard/libc_nano.a(lib_a-impure.o)
                              /home/max/ide/stm32cubeide_1.5.1/plugins/com.st.stm32cube.ide.mcu.externaltools.gnu-tools-for-stm32.9-2020-q2-update.linux64_1.5.0.202011040924/tools/bin/../lib/gcc/arm-none-eabi/9.3.1/../../../../arm-none-eabi/lib/thumb/v7e-m+fp/hard/libc_nano.a(lib_a-exit.o) (_global_impure_ptr)
/home/max/ide/stm32cubeide_1.5.1/plugins/com.st.stm32cube.ide.mcu.externaltools.gnu-tools-for-stm32.9-2020-q2-update.linux64_1.5.0.202011040924/tools/bin/../lib/gcc/arm-none-eabi/9.3.1/../../../../arm-none-eabi/lib/thumb/v7e-m+fp/hard/libc_nano.a(lib_a-init.o)
                              /home/max/ide/stm32cubeide_1.5.1/plugins/com.st.stm32cube.ide.mcu.externaltools.gnu-tools-for-stm32.9-2020-q2-update.linux64_1.5.0.202011040924/tools/bin/../lib/gcc/arm-none-eabi/9.3.1/../../../../arm-none-eabi/lib/thumb/v7e-m+fp/hard/crt0.o (__libc_init_array)
/home/max/ide/stm32cubeide_1.5.1/plugins/com.st.stm32cube.ide.mcu.externaltools.gnu-tools-for-stm32.9-2020-q2-update.linux64_1.5.0.202011040924/tools/bin/../lib/gcc/arm-none-eabi/9.3.1/../../../../arm-none-eabi/lib/thumb/v7e-m+fp/hard/libc_nano.a(lib_a-malloc.o)
                              Core/Src/main.o (malloc)
/home/max/ide/stm32cubeide_1.5.1/plugins/com.st.stm32cube.ide.mcu.externaltools.gnu-tools-for-stm32.9-2020-q2-update.linux64_1.5.0.202011040924/tools/bin/../lib/gcc/arm-none-eabi/9.3.1/../../../../arm-none-eabi/lib/thumb/v7e-m+fp/hard/libc_nano.a(lib_a-memcpy-stub.o)
                              Middlewares/Third_Party/FreeRTOS/Source/CMSIS_RTOS_V2/cmsis_os2.o (memcpy)
/home/max/ide/stm32cubeide_1.5.1/plugins/com.st.stm32cube.ide.mcu.externaltools.gnu-tools-for-stm32.9-2020-q2-update.linux64_1.5.0.202011040924/tools/bin/../lib/gcc/arm-none-eabi/9.3.1/../../../../arm-none-eabi/lib/thumb/v7e-m+fp/hard/libc_nano.a(lib_a-memset.o)
                              /home/max/ide/stm32cubeide_1.5.1/plugins/com.st.stm32cube.ide.mcu.externaltools.gnu-tools-for-stm32.9-2020-q2-update.linux64_1.5.0.202011040924/tools/bin/../lib/gcc/arm-none-eabi/9.3.1/../../../../arm-none-eabi/lib/thumb/v7e-m+fp/hard/crt0.o (memset)
/home/max/ide/stm32cubeide_1.5.1/plugins/com.st.stm32cube.ide.mcu.externaltools.gnu-tools-for-stm32.9-2020-q2-update.linux64_1.5.0.202011040924/tools/bin/../lib/gcc/arm-none-eabi/9.3.1/../../../../arm-none-eabi/lib/thumb/v7e-m+fp/hard/libc_nano.a(lib_a-nano-freer.o)
                              /home/max/ide/stm32cubeide_1.5.1/plugins/com.st.stm32cube.ide.mcu.externaltools.gnu-tools-for-stm32.9-2020-q2-update.linux64_1.5.0.202011040924/tools/bin/../lib/gcc/arm-none-eabi/9.3.1/../../../../arm-none-eabi/lib/thumb/v7e-m+fp/hard/libc_nano.a(lib_a-malloc.o) (_free_r)
/home/max/ide/stm32cubeide_1.5.1/plugins/com.st.stm32cube.ide.mcu.externaltools.gnu-tools-for-stm32.9-2020-q2-update.linux64_1.5.0.202011040924/tools/bin/../lib/gcc/arm-none-eabi/9.3.1/../../../../arm-none-eabi/lib/thumb/v7e-m+fp/hard/libc_nano.a(lib_a-nano-mallocr.o)
                              /home/max/ide/stm32cubeide_1.5.1/plugins/com.st.stm32cube.ide.mcu.externaltools.gnu-tools-for-stm32.9-2020-q2-update.linux64_1.5.0.202011040924/tools/bin/../lib/gcc/arm-none-eabi/9.3.1/../../../../arm-none-eabi/lib/thumb/v7e-m+fp/hard/libc_nano.a(lib_a-malloc.o) (_malloc_r)
/home/max/ide/stm32cubeide_1.5.1/plugins/com.st.stm32cube.ide.mcu.externaltools.gnu-tools-for-stm32.9-2020-q2-update.linux64_1.5.0.202011040924/tools/bin/../lib/gcc/arm-none-eabi/9.3.1/../../../../arm-none-eabi/lib/thumb/v7e-m+fp/hard/libc_nano.a(lib_a-printf.o)
                              Core/Src/main.o (printf)
[...]
Memory Configuration

Name             Origin             Length             Attributes
RAM              0x0000000020000000 0x0000000000050000 xrw
FLASH            0x0000000008000000 0x0000000000100000 xr
*default*        0x0000000000000000 0xffffffffffffffff

Linker script and memory map

LOAD /home/max/ide/stm32cubeide_1.5.1/plugins/com.st.stm32cube.ide.mcu.externaltools.gnu-tools-for-stm32.9-2020-q2-update.linux64_1.5.0.202011040924/tools/bin/../lib/gcc/arm-none-eabi/9.3.1/thumb/v7e-m+fp/hard/crti.o
LOAD /home/max/ide/stm32cubeide_1.5.1/plugins/com.st.stm32cube.ide.mcu.externaltools.gnu-tools-for-stm32.9-2020-q2-update.linux64_1.5.0.202011040924/tools/bin/../lib/gcc/arm-none-eabi/9.3.1/thumb/v7e-m+fp/hard/crtbegin.o
LOAD /home/max/ide/stm32cubeide_1.5.1/plugins/com.st.stm32cube.ide.mcu.externaltools.gnu-tools-for-stm32.9-2020-q2-update.linux64_1.5.0.202011040924/tools/bin/../lib/gcc/arm-none-eabi/9.3.1/../../../../arm-none-eabi/lib/thumb/v7e-m+fp/hard/crt0.o
LOAD Core/Src/freertos.o
LOAD Core/Src/main.o
LOAD Core/Src/stm32f7xx_hal_msp.o
LOAD Core/Src/stm32f7xx_hal_timebase_tim.o
LOAD Core/Src/stm32f7xx_it.o
LOAD Core/Src/syscalls.o
LOAD Core/Src/sysmem.o
LOAD Core/Src/system_stm32f7xx.o
LOAD Core/Startup/startup_stm32f746zgtx.o
LOAD Drivers/STM32F7xx_HAL_Driver/Src/stm32f7xx_hal.o
LOAD Drivers/STM32F7xx_HAL_Driver/Src/stm32f7xx_hal_cortex.o
LOAD Drivers/STM32F7xx_HAL_Driver/Src/stm32f7xx_hal_dma.o
LOAD Drivers/STM32F7xx_HAL_Driver/Src/stm32f7xx_hal_dma_ex.o
LOAD Drivers/STM32F7xx_HAL_Driver/Src/stm32f7xx_hal_eth.o
LOAD Drivers/STM32F7xx_HAL_Driver/Src/stm32f7xx_hal_exti.o
LOAD Drivers/STM32F7xx_HAL_Driver/Src/stm32f7xx_hal_flash.o
LOAD Drivers/STM32F7xx_HAL_Driver/Src/stm32f7xx_hal_flash_ex.o
LOAD Drivers/STM32F7xx_HAL_Driver/Src/stm32f7xx_hal_gpio.o
LOAD Drivers/STM32F7xx_HAL_Driver/Src/stm32f7xx_hal_i2c.o
LOAD Drivers/STM32F7xx_HAL_Driver/Src/stm32f7xx_hal_i2c_ex.o
LOAD Drivers/STM32F7xx_HAL_Driver/Src/stm32f7xx_hal_pcd.o
LOAD Drivers/STM32F7xx_HAL_Driver/Src/stm32f7xx_hal_pcd_ex.o
LOAD Drivers/STM32F7xx_HAL_Driver/Src/stm32f7xx_hal_pwr.o
LOAD Drivers/STM32F7xx_HAL_Driver/Src/stm32f7xx_hal_pwr_ex.o
LOAD Drivers/STM32F7xx_HAL_Driver/Src/stm32f7xx_hal_rcc.o
LOAD Drivers/STM32F7xx_HAL_Driver/Src/stm32f7xx_hal_rcc_ex.o
LOAD Drivers/STM32F7xx_HAL_Driver/Src/stm32f7xx_hal_tim.o
LOAD Drivers/STM32F7xx_HAL_Driver/Src/stm32f7xx_hal_tim_ex.o
LOAD Drivers/STM32F7xx_HAL_Driver/Src/stm32f7xx_hal_uart.o
LOAD Drivers/STM32F7xx_HAL_Driver/Src/stm32f7xx_hal_uart_ex.o
LOAD Drivers/STM32F7xx_HAL_Driver/Src/stm32f7xx_ll_usb.o
LOAD Middlewares/Third_Party/FreeRTOS/Source/CMSIS_RTOS_V2/cmsis_os2.o
LOAD Middlewares/Third_Party/FreeRTOS/Source/croutine.o
LOAD Middlewares/Third_Party/FreeRTOS/Source/event_groups.o
LOAD Middlewares/Third_Party/FreeRTOS/Source/list.o
LOAD Middlewares/Third_Party/FreeRTOS/Source/queue.o
LOAD Middlewares/Third_Party/FreeRTOS/Source/stream_buffer.o
LOAD Middlewares/Third_Party/FreeRTOS/Source/tasks.o
LOAD Middlewares/Third_Party/FreeRTOS/Source/timers.o
LOAD Middlewares/Third_Party/FreeRTOS/Source/portable/GCC/ARM_CM7/r0p1/port.o
LOAD Middlewares/Third_Party/FreeRTOS/Source/portable/MemMang/heap_4.o
START GROUP
LOAD /home/max/ide/stm32cubeide_1.5.1/plugins/com.st.stm32cube.ide.mcu.externaltools.gnu-tools-for-stm32.9-2020-q2-update.linux64_1.5.0.202011040924/tools/bin/../lib/gcc/arm-none-eabi/9.3.1/../../../../arm-none-eabi/lib/thumb/v7e-m+fp/hard/libc_nano.a
LOAD /home/max/ide/stm32cubeide_1.5.1/plugins/com.st.stm32cube.ide.mcu.externaltools.gnu-tools-for-stm32.9-2020-q2-update.linux64_1.5.0.202011040924/tools/bin/../lib/gcc/arm-none-eabi/9.3.1/../../../../arm-none-eabi/lib/thumb/v7e-m+fp/hard/libm.a
END GROUP
START GROUP
LOAD /home/max/ide/stm32cubeide_1.5.1/plugins/com.st.stm32cube.ide.mcu.externaltools.gnu-tools-for-stm32.9-2020-q2-update.linux64_1.5.0.202011040924/tools/bin/../lib/gcc/arm-none-eabi/9.3.1/thumb/v7e-m+fp/hard/libgcc.a
LOAD /home/max/ide/stm32cubeide_1.5.1/plugins/com.st.stm32cube.ide.mcu.externaltools.gnu-tools-for-stm32.9-2020-q2-update.linux64_1.5.0.202011040924/tools/bin/../lib/gcc/arm-none-eabi/9.3.1/../../../../arm-none-eabi/lib/thumb/v7e-m+fp/hard/libc_nano.a
END GROUP
START GROUP
LOAD /home/max/ide/stm32cubeide_1.5.1/plugins/com.st.stm32cube.ide.mcu.externaltools.gnu-tools-for-stm32.9-2020-q2-update.linux64_1.5.0.202011040924/tools/bin/../lib/gcc/arm-none-eabi/9.3.1/thumb/v7e-m+fp/hard/libgcc.a
LOAD /home/max/ide/stm32cubeide_1.5.1/plugins/com.st.stm32cube.ide.mcu.externaltools.gnu-tools-for-stm32.9-2020-q2-update.linux64_1.5.0.202011040924/tools/bin/../lib/gcc/arm-none-eabi/9.3.1/../../../../arm-none-eabi/lib/thumb/v7e-m+fp/hard/libc_nano.a
LOAD /home/max/ide/stm32cubeide_1.5.1/plugins/com.st.stm32cube.ide.mcu.externaltools.gnu-tools-for-stm32.9-2020-q2-update.linux64_1.5.0.202011040924/tools/bin/../lib/gcc/arm-none-eabi/9.3.1/../../../../arm-none-eabi/lib/thumb/v7e-m+fp/hard/libnosys.a
END GROUP
START GROUP
LOAD /home/max/ide/stm32cubeide_1.5.1/plugins/com.st.stm32cube.ide.mcu.externaltools.gnu-tools-for-stm32.9-2020-q2-update.linux64_1.5.0.202011040924/tools/bin/../lib/gcc/arm-none-eabi/9.3.1/thumb/v7e-m+fp/hard/libgcc.a
LOAD /home/max/ide/stm32cubeide_1.5.1/plugins/com.st.stm32cube.ide.mcu.externaltools.gnu-tools-for-stm32.9-2020-q2-update.linux64_1.5.0.202011040924/tools/bin/../lib/gcc/arm-none-eabi/9.3.1/../../../../arm-none-eabi/lib/thumb/v7e-m+fp/hard/libc_nano.a
LOAD /home/max/ide/stm32cubeide_1.5.1/plugins/com.st.stm32cube.ide.mcu.externaltools.gnu-tools-for-stm32.9-2020-q2-update.linux64_1.5.0.202011040924/tools/bin/../lib/gcc/arm-none-eabi/9.3.1/../../../../arm-none-eabi/lib/thumb/v7e-m+fp/hard/libnosys.a
END GROUP
LOAD /home/max/ide/stm32cubeide_1.5.1/plugins/com.st.stm32cube.ide.mcu.externaltools.gnu-tools-for-stm32.9-2020-q2-update.linux64_1.5.0.202011040924/tools/bin/../lib/gcc/arm-none-eabi/9.3.1/thumb/v7e-m+fp/hard/crtend.o
LOAD /home/max/ide/stm32cubeide_1.5.1/plugins/com.st.stm32cube.ide.mcu.externaltools.gnu-tools-for-stm32.9-2020-q2-update.linux64_1.5.0.202011040924/tools/bin/../lib/gcc/arm-none-eabi/9.3.1/thumb/v7e-m+fp/hard/crtn.o
                0x0000000020050000                _estack = (ORIGIN (RAM) + LENGTH (RAM))
                0x0000000000000200                _Min_Heap_Size = 0x200
                0x0000000000000400                _Min_Stack_Size = 0x400

.isr_vector     0x0000000008000000      0x1c8
                0x0000000008000000                . = ALIGN (0x4)
 *(.isr_vector)
 .isr_vector    0x0000000008000000      0x1c8 Core/Startup/startup_stm32f746zgtx.o
                0x0000000008000000                g_pfnVectors
                0x00000000080001c8                . = ALIGN (0x4)

.text           0x00000000080001d0     0x99ac
                0x00000000080001d0                . = ALIGN (0x4)
 *(.text)
 .text          0x00000000080001d0       0x40 /home/max/ide/stm32cubeide_1.5.1/plugins/com.st.stm32cube.ide.mcu.externaltools.gnu-tools-for-stm32.9-2020-q2-update.linux64_1.5.0.202011040924/tools/bin/../lib/gcc/arm-none-eabi/9.3.1/thumb/v7e-m+fp/hard/crtbegin.o
 .text          0x0000000008000210       0xa0 /home/max/ide/stm32cubeide_1.5.1/plugins/com.st.stm32cube.ide.mcu.externaltools.gnu-tools-for-stm32.9-2020-q2-update.linux64_1.5.0.202011040924/tools/bin/../lib/gcc/arm-none-eabi/9.3.1/../../../../arm-none-eabi/lib/thumb/v7e-m+fp/hard/libc_nano.a(lib_a-memchr.o)
                0x0000000008000210                memchr
 .text          0x00000000080002b0       0x30 /home/max/ide/stm32cubeide_1.5.1/plugins/com.st.stm32cube.ide.mcu.externaltools.gnu-tools-for-stm32.9-2020-q2-update.linux64_1.5.0.202011040924/tools/bin/../lib/gcc/arm-none-eabi/9.3.1/thumb/v7e-m+fp/hard/libgcc.a(_aeabi_uldivmod.o)
                0x00000000080002b0                __aeabi_uldivmod
 .text          0x00000000080002e0      0x2c4 /home/max/ide/stm32cubeide_1.5.1/plugins/com.st.stm32cube.ide.mcu.externaltools.gnu-tools-for-stm32.9-2020-q2-update.linux64_1.5.0.202011040924/tools/bin/../lib/gcc/arm-none-eabi/9.3.1/thumb/v7e-m+fp/hard/libgcc.a(_udivmoddi4.o)
                0x00000000080002e0                __udivmoddi4
 .text          0x00000000080005a4        0x4 /home/max/ide/stm32cubeide_1.5.1/plugins/com.st.stm32cube.ide.mcu.externaltools.gnu-tools-for-stm32.9-2020-q2-update.linux64_1.5.0.202011040924/tools/bin/../lib/gcc/arm-none-eabi/9.3.1/thumb/v7e-m+fp/hard/libgcc.a(_dvmd_tls.o)
                0x00000000080005a4                __aeabi_ldiv0
                0x00000000080005a4                __aeabi_idiv0
 *(.text*)
 .text.main     0x00000000080005a8      0x198 Core/Src/main.o
                0x00000000080005a8                main
 .text.SystemClock_Config
                0x0000000008000740      0x120 Core/Src/main.o
                0x0000000008000740                SystemClock_Config
 .text.MX_ETH_Init
                0x0000000008000860       0x90 Core/Src/main.o
 .text.MX_USART3_UART_Init
                0x00000000080008f0       0x60 Core/Src/main.o
 .text.MX_USB_OTG_FS_PCD_Init
                0x0000000008000950       0x5c Core/Src/main.o
 .text.MX_GPIO_Init
                0x00000000080009ac      0x144 Core/Src/main.o
 .text.serviceTask
                0x0000000008000af0       0xe8 Core/Src/main.o
                0x0000000008000af0                serviceTask
 .text.teamTask
                0x0000000008000bd8       0x6c Core/Src/main.o
                0x0000000008000bd8                teamTask
 .text.StartDefaultTask
                0x0000000008000c44       0xc0 Core/Src/main.o
                0x0000000008000c44                StartDefaultTask
 .text.dispatch
                0x0000000008000d04       0xa8 Core/Src/main.o
                0x0000000008000d04                dispatch
 .text.HAL_TIM_PeriodElapsedCallback
                0x0000000008000dac       0x24 Core/Src/main.o
                0x0000000008000dac                HAL_TIM_PeriodElapsedCallback
 .text.Error_Handler
                0x0000000008000dd0        0xa Core/Src/main.o
                0x0000000008000dd0                Error_Handler
 *fill*         0x0000000008000dda        0x2 
 .text.HAL_MspInit
                0x0000000008000ddc       0x50 Core/Src/stm32f7xx_hal_msp.o
                0x0000000008000ddc                HAL_MspInit
 .text.HAL_ETH_MspInit
                0x0000000008000e2c      0x170 Core/Src/stm32f7xx_hal_msp.o
                0x0000000008000e2c                HAL_ETH_MspInit
 .text.HAL_UART_MspInit
                0x0000000008000f9c       0x88 Core/Src/stm32f7xx_hal_msp.o
                0x0000000008000f9c                HAL_UART_MspInit
 .text.HAL_PCD_MspInit
                0x0000000008001024       0xb8 Core/Src/stm32f7xx_hal_msp.o
                0x0000000008001024                HAL_PCD_MspInit
 .text.HAL_InitTick
                0x00000000080010dc       0xac Core/Src/stm32f7xx_hal_timebase_tim.o
                0x00000000080010dc                HAL_InitTick
 .text.NMI_Handler
                0x0000000008001188        0x6 Core/Src/stm32f7xx_it.o
                0x0000000008001188                NMI_Handler
 .text.HardFault_Handler
                0x000000000800118e        0x6 Core/Src/stm32f7xx_it.o
                0x000000000800118e                HardFault_Handler
 .text.MemManage_Handler
                0x0000000008001194        0x6 Core/Src/stm32f7xx_it.o
                0x0000000008001194                MemManage_Handler
 .text.BusFault_Handler
                0x000000000800119a        0x6 Core/Src/stm32f7xx_it.o
                0x000000000800119a                BusFault_Handler
 .text.UsageFault_Handler
                0x00000000080011a0        0x6 Core/Src/stm32f7xx_it.o
                0x00000000080011a0                UsageFault_Handler
 .text.DebugMon_Handler
                0x00000000080011a6        0xe Core/Src/stm32f7xx_it.o
                0x00000000080011a6                DebugMon_Handler
 .text.TIM1_UP_TIM10_IRQHandler
                0x00000000080011b4       0x14 Core/Src/stm32f7xx_it.o
                0x00000000080011b4                TIM1_UP_TIM10_IRQHandler
 .text._getpid  0x00000000080011c8       0x10 Core/Src/syscalls.o
                0x00000000080011c8                _getpid
 .text._kill    0x00000000080011d8       0x20 Core/Src/syscalls.o
                0x00000000080011d8                _kill
 .text._exit    0x00000000080011f8       0x14 Core/Src/syscalls.o
                0x00000000080011f8                _exit
 .text._read    0x000000000800120c       0x3a Core/Src/syscalls.o
                0x000000000800120c                _read
 .text._write   0x0000000008001246       0x38 Core/Src/syscalls.o
                0x0000000008001246                _write
 .text._close   0x000000000800127e       0x18 Core/Src/syscalls.o
                0x000000000800127e                _close
 .text._fstat   0x0000000008001296       0x20 Core/Src/syscalls.o
                0x0000000008001296                _fstat
 .text._isatty  0x00000000080012b6       0x16 Core/Src/syscalls.o
                0x00000000080012b6                _isatty
 .text._lseek   0x00000000080012cc       0x1a Core/Src/syscalls.o
                0x00000000080012cc                _lseek
 *fill*         0x00000000080012e6        0x2 
 .text._sbrk    0x00000000080012e8       0x6c Core/Src/sysmem.o
                0x00000000080012e8                _sbrk
 .text.SystemInit
                0x0000000008001354       0x24 Core/Src/system_stm32f7xx.o
                0x0000000008001354                SystemInit
 .text.Reset_Handler
                0x0000000008001378       0x50 Core/Startup/startup_stm32f746zgtx.o
                0x0000000008001378                Reset_Handler
 .text.Default_Handler
                0x00000000080013c8        0x2 Core/Startup/startup_stm32f746zgtx.o
                0x00000000080013c8                RTC_Alarm_IRQHandler
                0x00000000080013c8                EXTI2_IRQHandler
                0x00000000080013c8                TIM8_CC_IRQHandler
                0x00000000080013c8                UART8_IRQHandler
                0x00000000080013c8                SPI4_IRQHandler
                0x00000000080013c8                TIM1_CC_IRQHandler
                0x00000000080013c8                DMA2_Stream5_IRQHandler
                0x00000000080013c8                DMA1_Stream5_IRQHandler
                0x00000000080013c8                PVD_IRQHandler
                0x00000000080013c8                TAMP_STAMP_IRQHandler
                0x00000000080013c8                CAN2_RX1_IRQHandler
                0x00000000080013c8                EXTI3_IRQHandler
                0x00000000080013c8                TIM8_TRG_COM_TIM14_IRQHandler
                0x00000000080013c8                TIM8_UP_TIM13_IRQHandler
                0x00000000080013c8                I2C3_ER_IRQHandler
                0x00000000080013c8                EXTI0_IRQHandler
                0x00000000080013c8                I2C2_EV_IRQHandler
                0x00000000080013c8                DMA1_Stream2_IRQHandler
                0x00000000080013c8                CAN1_RX0_IRQHandler
                0x00000000080013c8                FPU_IRQHandler
                0x00000000080013c8                OTG_HS_WKUP_IRQHandler
                0x00000000080013c8                LTDC_ER_IRQHandler
                0x00000000080013c8                CAN2_SCE_IRQHandler
                0x00000000080013c8                DMA2_Stream2_IRQHandler
                0x00000000080013c8                SPI1_IRQHandler
                0x00000000080013c8                TIM6_DAC_IRQHandler
                0x00000000080013c8                TIM1_BRK_TIM9_IRQHandler
                0x00000000080013c8                DCMI_IRQHandler
                0x00000000080013c8                CAN2_RX0_IRQHandler
                0x00000000080013c8                DMA2_Stream3_IRQHandler
                0x00000000080013c8                SAI2_IRQHandler
                0x00000000080013c8                USART6_IRQHandler
                0x00000000080013c8                USART3_IRQHandler
                0x00000000080013c8                CAN1_RX1_IRQHandler
                0x00000000080013c8                UART5_IRQHandler
                0x00000000080013c8                DMA2_Stream0_IRQHandler
                0x00000000080013c8                TIM4_IRQHandler
                0x00000000080013c8                QUADSPI_IRQHandler
                0x00000000080013c8                I2C1_EV_IRQHandler
                0x00000000080013c8                DMA1_Stream6_IRQHandler
                0x00000000080013c8                DMA1_Stream1_IRQHandler
                0x00000000080013c8                UART4_IRQHandler
                0x00000000080013c8                TIM3_IRQHandler
                0x00000000080013c8                RCC_IRQHandler
                0x00000000080013c8                TIM8_BRK_TIM12_IRQHandler
                0x00000000080013c8                Default_Handler
                0x00000000080013c8                CEC_IRQHandler
                0x00000000080013c8                EXTI15_10_IRQHandler
                0x00000000080013c8                ADC_IRQHandler
                0x00000000080013c8                DMA1_Stream7_IRQHandler
                0x00000000080013c8                SPI5_IRQHandler
                0x00000000080013c8                TIM7_IRQHandler
                0x00000000080013c8                SDMMC1_IRQHandler
                0x00000000080013c8                CAN2_TX_IRQHandler
                0x00000000080013c8                TIM5_IRQHandler
                0x00000000080013c8                DMA2_Stream7_IRQHandler
                0x00000000080013c8                I2C3_EV_IRQHandler
                0x00000000080013c8                EXTI9_5_IRQHandler
                0x00000000080013c8                RTC_WKUP_IRQHandler
                0x00000000080013c8                LTDC_IRQHandler
                0x00000000080013c8                ETH_WKUP_IRQHandler
                0x00000000080013c8                SPDIF_RX_IRQHandler
                0x00000000080013c8                SPI2_IRQHandler
                0x00000000080013c8                OTG_HS_EP1_IN_IRQHandler
                0x00000000080013c8                DMA1_Stream0_IRQHandler
                0x00000000080013c8                CAN1_TX_IRQHandler
                0x00000000080013c8                EXTI4_IRQHandler
                0x00000000080013c8                RNG_IRQHandler
                0x00000000080013c8                ETH_IRQHandler
                0x00000000080013c8                OTG_HS_EP1_OUT_IRQHandler
                0x00000000080013c8                WWDG_IRQHandler
                0x00000000080013c8                SPI6_IRQHandler
                0x00000000080013c8                I2C4_EV_IRQHandler
                0x00000000080013c8                TIM2_IRQHandler
                0x00000000080013c8                OTG_FS_WKUP_IRQHandler
                0x00000000080013c8                TIM1_TRG_COM_TIM11_IRQHandler
                0x00000000080013c8                OTG_HS_IRQHandler
                0x00000000080013c8                DMA2D_IRQHandler
                0x00000000080013c8                EXTI1_IRQHandler
                0x00000000080013c8                UART7_IRQHandler
                0x00000000080013c8                USART2_IRQHandler
                0x00000000080013c8                I2C2_ER_IRQHandler
                0x00000000080013c8                DMA2_Stream1_IRQHandler
                0x00000000080013c8                CAN1_SCE_IRQHandler
                0x00000000080013c8                FLASH_IRQHandler
                0x00000000080013c8                DMA2_Stream4_IRQHandler
                0x00000000080013c8                USART1_IRQHandler
                0x00000000080013c8                OTG_FS_IRQHandler
                0x00000000080013c8                SPI3_IRQHandler
                0x00000000080013c8                DMA1_Stream4_IRQHandler
                0x00000000080013c8                I2C1_ER_IRQHandler
                0x00000000080013c8                FMC_IRQHandler
                0x00000000080013c8                LPTIM1_IRQHandler
                0x00000000080013c8                I2C4_ER_IRQHandler
                0x00000000080013c8                DMA2_Stream6_IRQHandler
                0x00000000080013c8                SAI1_IRQHandler
                0x00000000080013c8                DMA1_Stream3_IRQHandler
 .text.HAL_Init
                0x00000000080013ca       0x1a Drivers/STM32F7xx_HAL_Driver/Src/stm32f7xx_hal.o
                0x00000000080013ca                HAL_Init
 .text.HAL_IncTick
                0x00000000080013e4       0x28 Drivers/STM32F7xx_HAL_Driver/Src/stm32f7xx_hal.o
                0x00000000080013e4                HAL_IncTick
 .text.HAL_GetTick
                0x000000000800140c       0x18 Drivers/STM32F7xx_HAL_Driver/Src/stm32f7xx_hal.o
                0x000000000800140c                HAL_GetTick
 .text.HAL_Delay
                0x0000000008001424       0x48 Drivers/STM32F7xx_HAL_Driver/Src/stm32f7xx_hal.o
                0x0000000008001424                HAL_Delay
 .text.__NVIC_SetPriorityGrouping
                0x000000000800146c       0x48 Drivers/STM32F7xx_HAL_Driver/Src/stm32f7xx_hal_cortex.o
 .text.__NVIC_GetPriorityGrouping
                0x00000000080014b4       0x1c Drivers/STM32F7xx_HAL_Driver/Src/stm32f7xx_hal_cortex.o
 .text.__NVIC_EnableIRQ
                0x00000000080014d0       0x3c Drivers/STM32F7xx_HAL_Driver/Src/stm32f7xx_hal_cortex.o
 .text.__NVIC_SetPriority
                0x000000000800150c       0x54 Drivers/STM32F7xx_HAL_Driver/Src/stm32f7xx_hal_cortex.o
 .text.NVIC_EncodePriority
                0x0000000008001560       0x66 Drivers/STM32F7xx_HAL_Driver/Src/stm32f7xx_hal_cortex.o
 .text.HAL_NVIC_SetPriorityGrouping
                0x00000000080015c6       0x16 Drivers/STM32F7xx_HAL_Driver/Src/stm32f7xx_hal_cortex.o
                0x00000000080015c6                HAL_NVIC_SetPriorityGrouping
 .text.HAL_NVIC_SetPriority
                0x00000000080015dc       0x38 Drivers/STM32F7xx_HAL_Driver/Src/stm32f7xx_hal_cortex.o
                0x00000000080015dc                HAL_NVIC_SetPriority
 .text.HAL_NVIC_EnableIRQ
                0x0000000008001614       0x1c Drivers/STM32F7xx_HAL_Driver/Src/stm32f7xx_hal_cortex.o
                0x0000000008001614                HAL_NVIC_EnableIRQ
 .text.HAL_ETH_Init
                0x0000000008001630      0x334 Drivers/STM32F7xx_HAL_Driver/Src/stm32f7xx_hal_eth.o
                0x0000000008001630                HAL_ETH_Init
 .text.HAL_ETH_ReadPHYRegister
                0x0000000008001964       0xd0 Drivers/STM32F7xx_HAL_Driver/Src/stm32f7xx_hal_eth.o
                0x0000000008001964                HAL_ETH_ReadPHYRegister
 .text.HAL_ETH_WritePHYRegister
                0x0000000008001a34       0xcc Drivers/STM32F7xx_HAL_Driver/Src/stm32f7xx_hal_eth.o
                0x0000000008001a34                HAL_ETH_WritePHYRegister
 .text.ETH_MACDMAConfig
                0x0000000008001b00      0x394 Drivers/STM32F7xx_HAL_Driver/Src/stm32f7xx_hal_eth.o
 .text.ETH_MACAddressConfig
                0x0000000008001e94       0x70 Drivers/STM32F7xx_HAL_Driver/Src/stm32f7xx_hal_eth.o
 .text.HAL_GPIO_Init
                0x0000000008001f04      0x358 Drivers/STM32F7xx_HAL_Driver/Src/stm32f7xx_hal_gpio.o
                0x0000000008001f04                HAL_GPIO_Init
 .text.HAL_GPIO_WritePin
                0x000000000800225c       0x32 Drivers/STM32F7xx_HAL_Driver/Src/stm32f7xx_hal_gpio.o
                0x000000000800225c                HAL_GPIO_WritePin
 .text.HAL_PCD_Init
                0x000000000800228e      0x248 Drivers/STM32F7xx_HAL_Driver/Src/stm32f7xx_hal_pcd.o
                0x000000000800228e                HAL_PCD_Init
 *fill*         0x00000000080024d6        0x2 
 .text.HAL_PCDEx_ActivateLPM
                0x00000000080024d8       0x48 Drivers/STM32F7xx_HAL_Driver/Src/stm32f7xx_hal_pcd_ex.o
                0x00000000080024d8                HAL_PCDEx_ActivateLPM
 .text.HAL_PWR_EnableBkUpAccess
                0x0000000008002520       0x20 Drivers/STM32F7xx_HAL_Driver/Src/stm32f7xx_hal_pwr.o
                0x0000000008002520                HAL_PWR_EnableBkUpAccess
 .text.HAL_RCC_OscConfig
                0x0000000008002540      0x548 Drivers/STM32F7xx_HAL_Driver/Src/stm32f7xx_hal_rcc.o
                0x0000000008002540                HAL_RCC_OscConfig
 .text.HAL_RCC_ClockConfig
                0x0000000008002a88      0x1d8 Drivers/STM32F7xx_HAL_Driver/Src/stm32f7xx_hal_rcc.o
                0x0000000008002a88                HAL_RCC_ClockConfig
 .text.HAL_RCC_GetSysClockFreq
                0x0000000008002c60      0x1c4 Drivers/STM32F7xx_HAL_Driver/Src/stm32f7xx_hal_rcc.o
                0x0000000008002c60                HAL_RCC_GetSysClockFreq
 .text.HAL_RCC_GetHCLKFreq
                0x0000000008002e24       0x18 Drivers/STM32F7xx_HAL_Driver/Src/stm32f7xx_hal_rcc.o
                0x0000000008002e24                HAL_RCC_GetHCLKFreq
 .text.HAL_RCC_GetPCLK1Freq
                0x0000000008002e3c       0x28 Drivers/STM32F7xx_HAL_Driver/Src/stm32f7xx_hal_rcc.o
                0x0000000008002e3c                HAL_RCC_GetPCLK1Freq
 .text.HAL_RCC_GetPCLK2Freq
                0x0000000008002e64       0x28 Drivers/STM32F7xx_HAL_Driver/Src/stm32f7xx_hal_rcc.o
                0x0000000008002e64                HAL_RCC_GetPCLK2Freq
 .text.HAL_RCC_GetClockConfig
                0x0000000008002e8c       0x64 Drivers/STM32F7xx_HAL_Driver/Src/stm32f7xx_hal_rcc.o
                0x0000000008002e8c                HAL_RCC_GetClockConfig
 .text.HAL_RCCEx_PeriphCLKConfig
                0x0000000008002ef0      0x7e0 Drivers/STM32F7xx_HAL_Driver/Src/stm32f7xx_hal_rcc_ex.o
                0x0000000008002ef0                HAL_RCCEx_PeriphCLKConfig
 .text.HAL_TIM_Base_Init
                0x00000000080036d0       0xae Drivers/STM32F7xx_HAL_Driver/Src/stm32f7xx_hal_tim.o
                0x00000000080036d0                HAL_TIM_Base_Init
 .text.HAL_TIM_Base_MspInit
                0x000000000800377e       0x14 Drivers/STM32F7xx_HAL_Driver/Src/stm32f7xx_hal_tim.o
                0x000000000800377e                HAL_TIM_Base_MspInit
 *fill*         0x0000000008003792        0x2 
 .text.HAL_TIM_Base_Start_IT
                0x0000000008003794       0xf0 Drivers/STM32F7xx_HAL_Driver/Src/stm32f7xx_hal_tim.o
                0x0000000008003794                HAL_TIM_Base_Start_IT
 .text.HAL_TIM_IRQHandler
                0x0000000008003884      0x23e Drivers/STM32F7xx_HAL_Driver/Src/stm32f7xx_hal_tim.o
                0x0000000008003884                HAL_TIM_IRQHandler
 .text.HAL_TIM_OC_DelayElapsedCallback
                0x0000000008003ac2       0x14 Drivers/STM32F7xx_HAL_Driver/Src/stm32f7xx_hal_tim.o
                0x0000000008003ac2                HAL_TIM_OC_DelayElapsedCallback
 .text.HAL_TIM_IC_CaptureCallback
                0x0000000008003ad6       0x14 Drivers/STM32F7xx_HAL_Driver/Src/stm32f7xx_hal_tim.o
                0x0000000008003ad6                HAL_TIM_IC_CaptureCallback
 .text.HAL_TIM_PWM_PulseFinishedCallback
                0x0000000008003aea       0x14 Drivers/STM32F7xx_HAL_Driver/Src/stm32f7xx_hal_tim.o
                0x0000000008003aea                HAL_TIM_PWM_PulseFinishedCallback
 .text.HAL_TIM_TriggerCallback
                0x0000000008003afe       0x14 Drivers/STM32F7xx_HAL_Driver/Src/stm32f7xx_hal_tim.o
                0x0000000008003afe                HAL_TIM_TriggerCallback
 *fill*         0x0000000008003b12        0x2 
 .text.TIM_Base_SetConfig
                0x0000000008003b14      0x140 Drivers/STM32F7xx_HAL_Driver/Src/stm32f7xx_hal_tim.o
                0x0000000008003b14                TIM_Base_SetConfig
 .text.HAL_TIMEx_CommutCallback
                0x0000000008003c54       0x14 Drivers/STM32F7xx_HAL_Driver/Src/stm32f7xx_hal_tim_ex.o
                0x0000000008003c54                HAL_TIMEx_CommutCallback
 .text.HAL_TIMEx_BreakCallback
                0x0000000008003c68       0x14 Drivers/STM32F7xx_HAL_Driver/Src/stm32f7xx_hal_tim_ex.o
                0x0000000008003c68                HAL_TIMEx_BreakCallback
 .text.HAL_TIMEx_Break2Callback
                0x0000000008003c7c       0x14 Drivers/STM32F7xx_HAL_Driver/Src/stm32f7xx_hal_tim_ex.o
                0x0000000008003c7c                HAL_TIMEx_Break2Callback
 .text.HAL_UART_Init
                0x0000000008003c90       0x9c Drivers/STM32F7xx_HAL_Driver/Src/stm32f7xx_hal_uart.o
                0x0000000008003c90                HAL_UART_Init
 .text.UART_SetConfig
                0x0000000008003d2c      0x4c4 Drivers/STM32F7xx_HAL_Driver/Src/stm32f7xx_hal_uart.o
                0x0000000008003d2c                UART_SetConfig
 .text.UART_AdvFeatureConfig
                0x00000000080041f0      0x144 Drivers/STM32F7xx_HAL_Driver/Src/stm32f7xx_hal_uart.o
                0x00000000080041f0                UART_AdvFeatureConfig
 .text.UART_CheckIdleState
                0x0000000008004334       0x66 Drivers/STM32F7xx_HAL_Driver/Src/stm32f7xx_hal_uart.o
                0x0000000008004334                UART_CheckIdleState
 .text.UART_WaitOnFlagUntilTimeout
                0x000000000800439a       0xf8 Drivers/STM32F7xx_HAL_Driver/Src/stm32f7xx_hal_uart.o
                0x000000000800439a                UART_WaitOnFlagUntilTimeout
 *fill*         0x0000000008004492        0x2 
 .text.USB_CoreInit
                0x0000000008004494       0xb0 Drivers/STM32F7xx_HAL_Driver/Src/stm32f7xx_ll_usb.o
                0x0000000008004494                USB_CoreInit
 .text.USB_DisableGlobalInt
                0x0000000008004544       0x22 Drivers/STM32F7xx_HAL_Driver/Src/stm32f7xx_ll_usb.o
                0x0000000008004544                USB_DisableGlobalInt
 .text.USB_SetCurrentMode
                0x0000000008004566       0x54 Drivers/STM32F7xx_HAL_Driver/Src/stm32f7xx_ll_usb.o
                0x0000000008004566                USB_SetCurrentMode
 *fill*         0x00000000080045ba        0x2 
 .text.USB_DevInit
                0x00000000080045bc      0x2dc Drivers/STM32F7xx_HAL_Driver/Src/stm32f7xx_ll_usb.o
                0x00000000080045bc                USB_DevInit
 .text.USB_FlushTxFifo
                0x0000000008004898       0x4c Drivers/STM32F7xx_HAL_Driver/Src/stm32f7xx_ll_usb.o
                0x0000000008004898                USB_FlushTxFifo
 .text.USB_FlushRxFifo
                0x00000000080048e4       0x44 Drivers/STM32F7xx_HAL_Driver/Src/stm32f7xx_ll_usb.o
                0x00000000080048e4                USB_FlushRxFifo
 .text.USB_SetDevSpeed
                0x0000000008004928       0x32 Drivers/STM32F7xx_HAL_Driver/Src/stm32f7xx_ll_usb.o
                0x0000000008004928                USB_SetDevSpeed
 .text.USB_DevDisconnect
                0x000000000800495a       0x42 Drivers/STM32F7xx_HAL_Driver/Src/stm32f7xx_ll_usb.o
                0x000000000800495a                USB_DevDisconnect
 .text.USB_CoreReset
                0x000000000800499c       0x68 Drivers/STM32F7xx_HAL_Driver/Src/stm32f7xx_ll_usb.o
 .text.SVC_Setup
                0x0000000008004a04        0xe Middlewares/Third_Party/FreeRTOS/Source/CMSIS_RTOS_V2/cmsis_os2.o
 *fill*         0x0000000008004a12        0x2 
 .text.osKernelInitialize
                0x0000000008004a14       0x68 Middlewares/Third_Party/FreeRTOS/Source/CMSIS_RTOS_V2/cmsis_os2.o
                0x0000000008004a14                osKernelInitialize
 .text.osKernelStart
                0x0000000008004a7c       0x6c Middlewares/Third_Party/FreeRTOS/Source/CMSIS_RTOS_V2/cmsis_os2.o
                0x0000000008004a7c                osKernelStart
 .text.osThreadNew
                0x0000000008004ae8      0x14c Middlewares/Third_Party/FreeRTOS/Source/CMSIS_RTOS_V2/cmsis_os2.o
                0x0000000008004ae8                osThreadNew
 .text.osThreadExit
                0x0000000008004c34        0xc Middlewares/Third_Party/FreeRTOS/Source/CMSIS_RTOS_V2/cmsis_os2.o
                0x0000000008004c34                osThreadExit
 .text.osDelay  0x0000000008004c40       0x5c Middlewares/Third_Party/FreeRTOS/Source/CMSIS_RTOS_V2/cmsis_os2.o
                0x0000000008004c40                osDelay
 .text.osMutexNew
                0x0000000008004c9c      0x134 Middlewares/Third_Party/FreeRTOS/Source/CMSIS_RTOS_V2/cmsis_os2.o
                0x0000000008004c9c                osMutexNew
 .text.osMutexAcquire
                0x0000000008004dd0       0xbc Middlewares/Third_Party/FreeRTOS/Source/CMSIS_RTOS_V2/cmsis_os2.o
                0x0000000008004dd0                osMutexAcquire
 .text.osMutexRelease
                0x0000000008004e8c       0xa0 Middlewares/Third_Party/FreeRTOS/Source/CMSIS_RTOS_V2/cmsis_os2.o
                0x0000000008004e8c                osMutexRelease
 .text.osSemaphoreNew
                0x0000000008004f2c      0x138 Middlewares/Third_Party/FreeRTOS/Source/CMSIS_RTOS_V2/cmsis_os2.o
                0x0000000008004f2c                osSemaphoreNew
 .text.osSemaphoreAcquire
                0x0000000008005064       0xcc Middlewares/Third_Party/FreeRTOS/Source/CMSIS_RTOS_V2/cmsis_os2.o
                0x0000000008005064                osSemaphoreAcquire
 .text.osSemaphoreRelease
                0x0000000008005130       0xb0 Middlewares/Third_Party/FreeRTOS/Source/CMSIS_RTOS_V2/cmsis_os2.o
                0x0000000008005130                osSemaphoreRelease
 .text.osMessageQueueNew
                0x00000000080051e0      0x10c Middlewares/Third_Party/FreeRTOS/Source/CMSIS_RTOS_V2/cmsis_os2.o
                0x00000000080051e0                osMessageQueueNew
 .text.osMessageQueuePut
                0x00000000080052ec       0xe8 Middlewares/Third_Party/FreeRTOS/Source/CMSIS_RTOS_V2/cmsis_os2.o
                0x00000000080052ec                osMessageQueuePut
 .text.osMessageQueueGet
                0x00000000080053d4       0xe4 Middlewares/Third_Party/FreeRTOS/Source/CMSIS_RTOS_V2/cmsis_os2.o
                0x00000000080053d4                osMessageQueueGet
 .text.vApplicationGetIdleTaskMemory
                0x00000000080054b8       0x34 Middlewares/Third_Party/FreeRTOS/Source/CMSIS_RTOS_V2/cmsis_os2.o
                0x00000000080054b8                vApplicationGetIdleTaskMemory
 .text.vApplicationGetTimerTaskMemory
                0x00000000080054ec       0x34 Middlewares/Third_Party/FreeRTOS/Source/CMSIS_RTOS_V2/cmsis_os2.o
                0x00000000080054ec                vApplicationGetTimerTaskMemory
 .text.vListInitialise
                0x0000000008005520       0x40 Middlewares/Third_Party/FreeRTOS/Source/list.o
                0x0000000008005520                vListInitialise
 .text.vListInitialiseItem
                0x0000000008005560       0x1a Middlewares/Third_Party/FreeRTOS/Source/list.o
                0x0000000008005560                vListInitialiseItem
 .text.vListInsertEnd
                0x000000000800557a       0x48 Middlewares/Third_Party/FreeRTOS/Source/list.o
                0x000000000800557a                vListInsertEnd
 .text.vListInsert
                0x00000000080055c2       0x72 Middlewares/Third_Party/FreeRTOS/Source/list.o
                0x00000000080055c2                vListInsert
 .text.uxListRemove
                0x0000000008005634       0x54 Middlewares/Third_Party/FreeRTOS/Source/list.o
                0x0000000008005634                uxListRemove
 .text.xQueueGenericReset
                0x0000000008005688       0xd4 Middlewares/Third_Party/FreeRTOS/Source/queue.o
                0x0000000008005688                xQueueGenericReset
 .text.xQueueGenericCreateStatic
                0x000000000800575c      0x104 Middlewares/Third_Party/FreeRTOS/Source/queue.o
                0x000000000800575c                xQueueGenericCreateStatic
 .text.xQueueGenericCreate
                0x0000000008005860       0x84 Middlewares/Third_Party/FreeRTOS/Source/queue.o
                0x0000000008005860                xQueueGenericCreate
 .text.prvInitialiseNewQueue
                0x00000000080058e4       0x46 Middlewares/Third_Party/FreeRTOS/Source/queue.o
 .text.prvInitialiseMutex
                0x000000000800592a       0x34 Middlewares/Third_Party/FreeRTOS/Source/queue.o
 .text.xQueueCreateMutex
                0x000000000800595e       0x30 Middlewares/Third_Party/FreeRTOS/Source/queue.o
                0x000000000800595e                xQueueCreateMutex
 .text.xQueueCreateMutexStatic
                0x000000000800598e       0x36 Middlewares/Third_Party/FreeRTOS/Source/queue.o
                0x000000000800598e                xQueueCreateMutexStatic
 .text.xQueueGiveMutexRecursive
                0x00000000080059c4       0x6c Middlewares/Third_Party/FreeRTOS/Source/queue.o
                0x00000000080059c4                xQueueGiveMutexRecursive
 .text.xQueueTakeMutexRecursive
                0x0000000008005a30       0x70 Middlewares/Third_Party/FreeRTOS/Source/queue.o
                0x0000000008005a30                xQueueTakeMutexRecursive
 .text.xQueueCreateCountingSemaphoreStatic
                0x0000000008005aa0       0x76 Middlewares/Third_Party/FreeRTOS/Source/queue.o
                0x0000000008005aa0                xQueueCreateCountingSemaphoreStatic
 .text.xQueueCreateCountingSemaphore
                0x0000000008005b16       0x6e Middlewares/Third_Party/FreeRTOS/Source/queue.o
                0x0000000008005b16                xQueueCreateCountingSemaphore
 .text.xQueueGenericSend
                0x0000000008005b84      0x20c Middlewares/Third_Party/FreeRTOS/Source/queue.o
                0x0000000008005b84                xQueueGenericSend
 .text.xQueueGenericSendFromISR
                0x0000000008005d90      0x140 Middlewares/Third_Party/FreeRTOS/Source/queue.o
                0x0000000008005d90                xQueueGenericSendFromISR
 .text.xQueueGiveFromISR
                0x0000000008005ed0      0x12a Middlewares/Third_Party/FreeRTOS/Source/queue.o
                0x0000000008005ed0                xQueueGiveFromISR
 *fill*         0x0000000008005ffa        0x2 
 .text.xQueueReceive
                0x0000000008005ffc      0x1cc Middlewares/Third_Party/FreeRTOS/Source/queue.o
                0x0000000008005ffc                xQueueReceive
 .text.xQueueSemaphoreTake
                0x00000000080061c8      0x228 Middlewares/Third_Party/FreeRTOS/Source/queue.o
                0x00000000080061c8                xQueueSemaphoreTake
 .text.xQueueReceiveFromISR
                0x00000000080063f0      0x10c Middlewares/Third_Party/FreeRTOS/Source/queue.o
                0x00000000080063f0                xQueueReceiveFromISR
 .text.vQueueDelete
                0x00000000080064fc       0x4a Middlewares/Third_Party/FreeRTOS/Source/queue.o
                0x00000000080064fc                vQueueDelete
 .text.prvGetDisinheritPriorityAfterTimeout
                0x0000000008006546       0x30 Middlewares/Third_Party/FreeRTOS/Source/queue.o
 .text.prvCopyDataToQueue
                0x0000000008006576       0xd4 Middlewares/Third_Party/FreeRTOS/Source/queue.o
 .text.prvCopyDataFromQueue
                0x000000000800664a       0x4c Middlewares/Third_Party/FreeRTOS/Source/queue.o
 .text.prvUnlockQueue
                0x0000000008006696       0xa4 Middlewares/Third_Party/FreeRTOS/Source/queue.o
 .text.prvIsQueueEmpty
                0x000000000800673a       0x2c Middlewares/Third_Party/FreeRTOS/Source/queue.o
 .text.prvIsQueueFull
                0x0000000008006766       0x30 Middlewares/Third_Party/FreeRTOS/Source/queue.o
 *fill*         0x0000000008006796        0x2 
 .text.vQueueAddToRegistry
                0x0000000008006798       0x54 Middlewares/Third_Party/FreeRTOS/Source/queue.o
                0x0000000008006798                vQueueAddToRegistry
 .text.vQueueUnregisterQueue
                0x00000000080067ec       0x54 Middlewares/Third_Party/FreeRTOS/Source/queue.o
                0x00000000080067ec                vQueueUnregisterQueue
 .text.vQueueWaitForMessageRestricted
                0x0000000008006840       0x68 Middlewares/Third_Party/FreeRTOS/Source/queue.o
                0x0000000008006840                vQueueWaitForMessageRestricted
 .text.xTaskCreateStatic
                0x00000000080068a8       0xc6 Middlewares/Third_Party/FreeRTOS/Source/tasks.o
                0x00000000080068a8                xTaskCreateStatic
 .text.xTaskCreate
                0x000000000800696e       0x8a Middlewares/Third_Party/FreeRTOS/Source/tasks.o
                0x000000000800696e                xTaskCreate
 .text.prvInitialiseNewTask
                0x00000000080069f8      0x122 Middlewares/Third_Party/FreeRTOS/Source/tasks.o
 *fill*         0x0000000008006b1a        0x2 
 .text.prvAddNewTaskToReadyList
                0x0000000008006b1c       0xe0 Middlewares/Third_Party/FreeRTOS/Source/tasks.o
 .text.vTaskDelete
                0x0000000008006bfc       0xe8 Middlewares/Third_Party/FreeRTOS/Source/tasks.o
                0x0000000008006bfc                vTaskDelete
 .text.vTaskDelay
                0x0000000008006ce4       0x6c Middlewares/Third_Party/FreeRTOS/Source/tasks.o
                0x0000000008006ce4                vTaskDelay
 .text.vTaskStartScheduler
                0x0000000008006d50       0xd4 Middlewares/Third_Party/FreeRTOS/Source/tasks.o
                0x0000000008006d50                vTaskStartScheduler
 .text.vTaskSuspendAll
                0x0000000008006e24       0x1c Middlewares/Third_Party/FreeRTOS/Source/tasks.o
                0x0000000008006e24                vTaskSuspendAll
 .text.xTaskResumeAll
                0x0000000008006e40      0x140 Middlewares/Third_Party/FreeRTOS/Source/tasks.o
                0x0000000008006e40                xTaskResumeAll
 .text.xTaskGetTickCount
                0x0000000008006f80       0x20 Middlewares/Third_Party/FreeRTOS/Source/tasks.o
                0x0000000008006f80                xTaskGetTickCount
 .text.xTaskIncrementTick
                0x0000000008006fa0      0x178 Middlewares/Third_Party/FreeRTOS/Source/tasks.o
                0x0000000008006fa0                xTaskIncrementTick
 .text.vTaskSwitchContext
                0x0000000008007118       0xc0 Middlewares/Third_Party/FreeRTOS/Source/tasks.o
                0x0000000008007118                vTaskSwitchContext
 .text.vTaskPlaceOnEventList
                0x00000000080071d8       0x4c Middlewares/Third_Party/FreeRTOS/Source/tasks.o
                0x00000000080071d8                vTaskPlaceOnEventList
 .text.vTaskPlaceOnEventListRestricted
                0x0000000008007224       0x5c Middlewares/Third_Party/FreeRTOS/Source/tasks.o
                0x0000000008007224                vTaskPlaceOnEventListRestricted
 .text.xTaskRemoveFromEventList
                0x0000000008007280       0xcc Middlewares/Third_Party/FreeRTOS/Source/tasks.o
                0x0000000008007280                xTaskRemoveFromEventList
 .text.vTaskInternalSetTimeOutState
                0x000000000800734c       0x2c Middlewares/Third_Party/FreeRTOS/Source/tasks.o
                0x000000000800734c                vTaskInternalSetTimeOutState
 .text.xTaskCheckForTimeOut
                0x0000000008007378       0xcc Middlewares/Third_Party/FreeRTOS/Source/tasks.o
                0x0000000008007378                xTaskCheckForTimeOut
 .text.vTaskMissedYield
                0x0000000008007444       0x18 Middlewares/Third_Party/FreeRTOS/Source/tasks.o
                0x0000000008007444                vTaskMissedYield
 .text.prvIdleTask
                0x000000000800745c       0x30 Middlewares/Third_Party/FreeRTOS/Source/tasks.o
 .text.prvInitialiseTaskLists
                0x000000000800748c       0x80 Middlewares/Third_Party/FreeRTOS/Source/tasks.o
 .text.prvCheckTasksWaitingTermination
                0x000000000800750c       0x5c Middlewares/Third_Party/FreeRTOS/Source/tasks.o
 .text.prvDeleteTCB
                0x0000000008007568       0x62 Middlewares/Third_Party/FreeRTOS/Source/tasks.o
 *fill*         0x00000000080075ca        0x2 
 .text.prvResetNextTaskUnblockTime
                0x00000000080075cc       0x40 Middlewares/Third_Party/FreeRTOS/Source/tasks.o
 .text.xTaskGetCurrentTaskHandle
                0x000000000800760c       0x20 Middlewares/Third_Party/FreeRTOS/Source/tasks.o
                0x000000000800760c                xTaskGetCurrentTaskHandle
 .text.xTaskGetSchedulerState
                0x000000000800762c       0x3c Middlewares/Third_Party/FreeRTOS/Source/tasks.o
                0x000000000800762c                xTaskGetSchedulerState
 .text.xTaskPriorityInherit
                0x0000000008007668       0xd0 Middlewares/Third_Party/FreeRTOS/Source/tasks.o
                0x0000000008007668                xTaskPriorityInherit
 .text.xTaskPriorityDisinherit
                0x0000000008007738       0xe4 Middlewares/Third_Party/FreeRTOS/Source/tasks.o
                0x0000000008007738                xTaskPriorityDisinherit
 .text.vTaskPriorityDisinheritAfterTimeout
                0x000000000800781c      0x10c Middlewares/Third_Party/FreeRTOS/Source/tasks.o
                0x000000000800781c                vTaskPriorityDisinheritAfterTimeout
 .text.pvTaskIncrementMutexHeldCount
                0x0000000008007928       0x28 Middlewares/Third_Party/FreeRTOS/Source/tasks.o
                0x0000000008007928                pvTaskIncrementMutexHeldCount
 .text.prvAddCurrentTaskToDelayedList
                0x0000000008007950       0xa8 Middlewares/Third_Party/FreeRTOS/Source/tasks.o
 .text.xTimerCreateTimerTask
                0x00000000080079f8       0x94 Middlewares/Third_Party/FreeRTOS/Source/timers.o
                0x00000000080079f8                xTimerCreateTimerTask
 .text.xTimerGenericCommand
                0x0000000008007a8c       0xa0 Middlewares/Third_Party/FreeRTOS/Source/timers.o
                0x0000000008007a8c                xTimerGenericCommand
 .text.prvProcessExpiredTimer
                0x0000000008007b2c       0x9c Middlewares/Third_Party/FreeRTOS/Source/timers.o
 .text.prvTimerTask
                0x0000000008007bc8       0x24 Middlewares/Third_Party/FreeRTOS/Source/timers.o
 .text.prvProcessTimerOrBlockTask
                0x0000000008007bec       0x9c Middlewares/Third_Party/FreeRTOS/Source/timers.o
 .text.prvGetNextExpireTime
                0x0000000008007c88       0x48 Middlewares/Third_Party/FreeRTOS/Source/timers.o
 .text.prvSampleTimeNow
                0x0000000008007cd0       0x40 Middlewares/Third_Party/FreeRTOS/Source/timers.o
 .text.prvInsertTimerInActiveList
                0x0000000008007d10       0x84 Middlewares/Third_Party/FreeRTOS/Source/timers.o
 .text.prvProcessReceivedCommands
                0x0000000008007d94      0x1d0 Middlewares/Third_Party/FreeRTOS/Source/timers.o
 .text.prvSwitchTimerLists
                0x0000000008007f64       0xcc Middlewares/Third_Party/FreeRTOS/Source/timers.o
 .text.prvCheckForValidListAndQueue
                0x0000000008008030       0x80 Middlewares/Third_Party/FreeRTOS/Source/timers.o
 .text.pxPortInitialiseStack
                0x00000000080080b0       0x68 Middlewares/Third_Party/FreeRTOS/Source/portable/GCC/ARM_CM7/r0p1/port.o
                0x00000000080080b0                pxPortInitialiseStack
 .text.prvTaskExitError
                0x0000000008008118       0x60 Middlewares/Third_Party/FreeRTOS/Source/portable/GCC/ARM_CM7/r0p1/port.o
 *fill*         0x0000000008008178        0x8 
 .text.SVC_Handler
                0x0000000008008180       0x28 Middlewares/Third_Party/FreeRTOS/Source/portable/GCC/ARM_CM7/r0p1/port.o
                0x0000000008008180                SVC_Handler
 .text.prvPortStartFirstTask
                0x00000000080081a8       0x28 Middlewares/Third_Party/FreeRTOS/Source/portable/GCC/ARM_CM7/r0p1/port.o
 .text.xPortStartScheduler
                0x00000000080081d0       0xfc Middlewares/Third_Party/FreeRTOS/Source/portable/GCC/ARM_CM7/r0p1/port.o
                0x00000000080081d0                xPortStartScheduler
 .text.vPortEnterCritical
                0x00000000080082cc       0x68 Middlewares/Third_Party/FreeRTOS/Source/portable/GCC/ARM_CM7/r0p1/port.o
                0x00000000080082cc                vPortEnterCritical
 .text.vPortExitCritical
                0x0000000008008334       0x58 Middlewares/Third_Party/FreeRTOS/Source/portable/GCC/ARM_CM7/r0p1/port.o
                0x0000000008008334                vPortExitCritical
 *fill*         0x000000000800838c        0x4 
 .text.PendSV_Handler
                0x0000000008008390       0x68 Middlewares/Third_Party/FreeRTOS/Source/portable/GCC/ARM_CM7/r0p1/port.o
                0x0000000008008390                PendSV_Handler
 .text.SysTick_Handler
                0x00000000080083f8       0x48 Middlewares/Third_Party/FreeRTOS/Source/portable/GCC/ARM_CM7/r0p1/port.o
                0x00000000080083f8                SysTick_Handler
 .text.vPortSetupTimerInterrupt
                0x0000000008008440       0x48 Middlewares/Third_Party/FreeRTOS/Source/portable/GCC/ARM_CM7/r0p1/port.o
                0x0000000008008440                vPortSetupTimerInterrupt
 .text.vPortEnableVFP
                0x0000000008008488       0x14 Middlewares/Third_Party/FreeRTOS/Source/portable/GCC/ARM_CM7/r0p1/port.o
 .text.vPortValidateInterruptPriority
                0x000000000800849c       0x88 Middlewares/Third_Party/FreeRTOS/Source/portable/GCC/ARM_CM7/r0p1/port.o
                0x000000000800849c                vPortValidateInterruptPriority
 .text.pvPortMalloc
                0x0000000008008524      0x194 Middlewares/Third_Party/FreeRTOS/Source/portable/MemMang/heap_4.o
                0x0000000008008524                pvPortMalloc
 .text.vPortFree
                0x00000000080086b8       0xbc Middlewares/Third_Party/FreeRTOS/Source/portable/MemMang/heap_4.o
                0x00000000080086b8                vPortFree
 .text.prvHeapInit
                0x0000000008008774       0xc4 Middlewares/Third_Party/FreeRTOS/Source/portable/MemMang/heap_4.o
 .text.prvInsertBlockIntoFreeList
                0x0000000008008838       0xb4 Middlewares/Third_Party/FreeRTOS/Source/portable/MemMang/heap_4.o
 .text.__errno  0x00000000080088ec        0xc /home/max/ide/stm32cubeide_1.5.1/plugins/com.st.stm32cube.ide.mcu.externaltools.gnu-tools-for-stm32.9-2020-q2-update.linux64_1.5.0.202011040924/tools/bin/../lib/gcc/arm-none-eabi/9.3.1/../../../../arm-none-eabi/lib/thumb/v7e-m+fp/hard/libc_nano.a(lib_a-errno.o)
                0x00000000080088ec                __errno
 .text.__libc_init_array
                0x00000000080088f8       0x48 /home/max/ide/stm32cubeide_1.5.1/plugins/com.st.stm32cube.ide.mcu.externaltools.gnu-tools-for-stm32.9-2020-q2-update.linux64_1.5.0.202011040924/tools/bin/../lib/gcc/arm-none-eabi/9.3.1/../../../../arm-none-eabi/lib/thumb/v7e-m+fp/hard/libc_nano.a(lib_a-init.o)
                0x00000000080088f8                __libc_init_array
 .text.malloc   0x0000000008008940       0x10 /home/max/ide/stm32cubeide_1.5.1/plugins/com.st.stm32cube.ide.mcu.externaltools.gnu-tools-for-stm32.9-2020-q2-update.linux64_1.5.0.202011040924/tools/bin/../lib/gcc/arm-none-eabi/9.3.1/../../../../arm-none-eabi/lib/thumb/v7e-m+fp/hard/libc_nano.a(lib_a-malloc.o)
                0x0000000008008940                malloc
 .text.free     0x0000000008008950       0x10 /home/max/ide/stm32cubeide_1.5.1/plugins/com.st.stm32cube.ide.mcu.externaltools.gnu-tools-for-stm32.9-2020-q2-update.linux64_1.5.0.202011040924/tools/bin/../lib/gcc/arm-none-eabi/9.3.1/../../../../arm-none-eabi/lib/thumb/v7e-m+fp/hard/libc_nano.a(lib_a-malloc.o)
                0x0000000008008950                free
 .text.memcpy   0x0000000008008960       0x1c /home/max/ide/stm32cubeide_1.5.1/plugins/com.st.stm32cube.ide.mcu.externaltools.gnu-tools-for-stm32.9-2020-q2-update.linux64_1.5.0.202011040924/tools/bin/../lib/gcc/arm-none-eabi/9.3.1/../../../../arm-none-eabi/lib/thumb/v7e-m+fp/hard/libc_nano.a(lib_a-memcpy-stub.o)
                0x0000000008008960                memcpy
 .text.memset   0x000000000800897c       0x10 /home/max/ide/stm32cubeide_1.5.1/plugins/com.st.stm32cube.ide.mcu.externaltools.gnu-tools-for-stm32.9-2020-q2-update.linux64_1.5.0.202011040924/tools/bin/../lib/gcc/arm-none-eabi/9.3.1/../../../../arm-none-eabi/lib/thumb/v7e-m+fp/hard/libc_nano.a(lib_a-memset.o)
                0x000000000800897c                memset
 .text._free_r  0x000000000800898c       0xa0 /home/max/ide/stm32cubeide_1.5.1/plugins/com.st.stm32cube.ide.mcu.externaltools.gnu-tools-for-stm32.9-2020-q2-update.linux64_1.5.0.202011040924/tools/bin/../lib/gcc/arm-none-eabi/9.3.1/../../../../arm-none-eabi/lib/thumb/v7e-m+fp/hard/libc_nano.a(lib_a-nano-freer.o)
                0x000000000800898c                _free_r
 .text._malloc_r
                0x0000000008008a2c       0xb4 /home/max/ide/stm32cubeide_1.5.1/plugins/com.st.stm32cube.ide.mcu.externaltools.gnu-tools-for-stm32.9-2020-q2-update.linux64_1.5.0.202011040924/tools/bin/../lib/gcc/arm-none-eabi/9.3.1/../../../../arm-none-eabi/lib/thumb/v7e-m+fp/hard/libc_nano.a(lib_a-nano-mallocr.o)
                0x0000000008008a2c                _malloc_r
 .text.printf   0x0000000008008ae0       0x30 /home/max/ide/stm32cubeide_1.5.1/plugins/com.st.stm32cube.ide.mcu.externaltools.gnu-tools-for-stm32.9-2020-q2-update.linux64_1.5.0.202011040924/tools/bin/../lib/gcc/arm-none-eabi/9.3.1/../../../../arm-none-eabi/lib/thumb/v7e-m+fp/hard/libc_nano.a(lib_a-printf.o)
                0x0000000008008ae0                printf
                0x0000000008008ae0                iprintf
 .text._puts_r  0x0000000008008b10       0xdc /home/max/ide/stm32cubeide_1.5.1/plugins/com.st.stm32cube.ide.mcu.externaltools.gnu-tools-for-stm32.9-2020-q2-update.linux64_1.5.0.202011040924/tools/bin/../lib/gcc/arm-none-eabi/9.3.1/../../../../arm-none-eabi/lib/thumb/v7e-m+fp/hard/libc_nano.a(lib_a-puts.o)
                0x0000000008008b10                _puts_r
 .text.puts     0x0000000008008bec       0x10 /home/max/ide/stm32cubeide_1.5.1/plugins/com.st.stm32cube.ide.mcu.externaltools.gnu-tools-for-stm32.9-2020-q2-update.linux64_1.5.0.202011040924/tools/bin/../lib/gcc/arm-none-eabi/9.3.1/../../../../arm-none-eabi/lib/thumb/v7e-m+fp/hard/libc_nano.a(lib_a-puts.o)
                0x0000000008008bec                puts
 .text.srand    0x0000000008008bfc       0x5c /home/max/ide/stm32cubeide_1.5.1/plugins/com.st.stm32cube.ide.mcu.externaltools.gnu-tools-for-stm32.9-2020-q2-update.linux64_1.5.0.202011040924/tools/bin/../lib/gcc/arm-none-eabi/9.3.1/../../../../arm-none-eabi/lib/thumb/v7e-m+fp/hard/libc_nano.a(lib_a-rand.o)
                0x0000000008008bfc                srand
 .text.rand     0x0000000008008c58       0x80 /home/max/ide/stm32cubeide_1.5.1/plugins/com.st.stm32cube.ide.mcu.externaltools.gnu-tools-for-stm32.9-2020-q2-update.linux64_1.5.0.202011040924/tools/bin/../lib/gcc/arm-none-eabi/9.3.1/../../../../arm-none-eabi/lib/thumb/v7e-m+fp/hard/libc_nano.a(lib_a-rand.o)
                0x0000000008008c58                rand
 .text._sbrk_r  0x0000000008008cd8       0x20 /home/max/ide/stm32cubeide_1.5.1/plugins/com.st.stm32cube.ide.mcu.externaltools.gnu-tools-for-stm32.9-2020-q2-update.linux64_1.5.0.202011040924/tools/bin/../lib/gcc/arm-none-eabi/9.3.1/../../../../arm-none-eabi/lib/thumb/v7e-m+fp/hard/libc_nano.a(lib_a-sbrkr.o)
                0x0000000008008cd8                _sbrk_r
 .text.time     0x0000000008008cf8       0x34 /home/max/ide/stm32cubeide_1.5.1/plugins/com.st.stm32cube.ide.mcu.externaltools.gnu-tools-for-stm32.9-2020-q2-update.linux64_1.5.0.202011040924/tools/bin/../lib/gcc/arm-none-eabi/9.3.1/../../../../arm-none-eabi/lib/thumb/v7e-m+fp/hard/libc_nano.a(lib_a-time.o)
                0x0000000008008cf8                time
 .text.__swbuf_r
                0x0000000008008d2c       0xa4 /home/max/ide/stm32cubeide_1.5.1/plugins/com.st.stm32cube.ide.mcu.externaltools.gnu-tools-for-stm32.9-2020-q2-update.linux64_1.5.0.202011040924/tools/bin/../lib/gcc/arm-none-eabi/9.3.1/../../../../arm-none-eabi/lib/thumb/v7e-m+fp/hard/libc_nano.a(lib_a-wbuf.o)
                0x0000000008008d2c                __swbuf_r
 .text.__swsetup_r
                0x0000000008008dd0       0xdc /home/max/ide/stm32cubeide_1.5.1/plugins/com.st.stm32cube.ide.mcu.externaltools.gnu-tools-for-stm32.9-2020-q2-update.linux64_1.5.0.202011040924/tools/bin/../lib/gcc/arm-none-eabi/9.3.1/../../../../arm-none-eabi/lib/thumb/v7e-m+fp/hard/libc_nano.a(lib_a-wsetup.o)
                0x0000000008008dd0                __swsetup_r
 .text.__assert_func
                0x0000000008008eac       0x3c /home/max/ide/stm32cubeide_1.5.1/plugins/com.st.stm32cube.ide.mcu.externaltools.gnu-tools-for-stm32.9-2020-q2-update.linux64_1.5.0.202011040924/tools/bin/../lib/gcc/arm-none-eabi/9.3.1/../../../../arm-none-eabi/lib/thumb/v7e-m+fp/hard/libc_nano.a(lib_a-assert.o)
                0x0000000008008eac                __assert_func
 .text.__sflush_r
                0x0000000008008ee8      0x10c /home/max/ide/stm32cubeide_1.5.1/plugins/com.st.stm32cube.ide.mcu.externaltools.gnu-tools-for-stm32.9-2020-q2-update.linux64_1.5.0.202011040924/tools/bin/../lib/gcc/arm-none-eabi/9.3.1/../../../../arm-none-eabi/lib/thumb/v7e-m+fp/hard/libc_nano.a(lib_a-fflush.o)
                0x0000000008008ee8                __sflush_r
 .text._fflush_r
                0x0000000008008ff4       0x78 /home/max/ide/stm32cubeide_1.5.1/plugins/com.st.stm32cube.ide.mcu.externaltools.gnu-tools-for-stm32.9-2020-q2-update.linux64_1.5.0.202011040924/tools/bin/../lib/gcc/arm-none-eabi/9.3.1/../../../../arm-none-eabi/lib/thumb/v7e-m+fp/hard/libc_nano.a(lib_a-fflush.o)
                0x0000000008008ff4                _fflush_r
 .text.std      0x000000000800906c       0x48 /home/max/ide/stm32cubeide_1.5.1/plugins/com.st.stm32cube.ide.mcu.externaltools.gnu-tools-for-stm32.9-2020-q2-update.linux64_1.5.0.202011040924/tools/bin/../lib/gcc/arm-none-eabi/9.3.1/../../../../arm-none-eabi/lib/thumb/v7e-m+fp/hard/libc_nano.a(lib_a-findfp.o)
 .text._cleanup_r
                0x00000000080090b4        0xc /home/max/ide/stm32cubeide_1.5.1/plugins/com.st.stm32cube.ide.mcu.externaltools.gnu-tools-for-stm32.9-2020-q2-update.linux64_1.5.0.202011040924/tools/bin/../lib/gcc/arm-none-eabi/9.3.1/../../../../arm-none-eabi/lib/thumb/v7e-m+fp/hard/libc_nano.a(lib_a-findfp.o)
                0x00000000080090b4                _cleanup_r
 .text.__sfmoreglue
                0x00000000080090c0       0x2c /home/max/ide/stm32cubeide_1.5.1/plugins/com.st.stm32cube.ide.mcu.externaltools.gnu-tools-for-stm32.9-2020-q2-update.linux64_1.5.0.202011040924/tools/bin/../lib/gcc/arm-none-eabi/9.3.1/../../../../arm-none-eabi/lib/thumb/v7e-m+fp/hard/libc_nano.a(lib_a-findfp.o)
                0x00000000080090c0                __sfmoreglue
 .text.__sfp_lock_acquire
                0x00000000080090ec        0xc /home/max/ide/stm32cubeide_1.5.1/plugins/com.st.stm32cube.ide.mcu.externaltools.gnu-tools-for-stm32.9-2020-q2-update.linux64_1.5.0.202011040924/tools/bin/../lib/gcc/arm-none-eabi/9.3.1/../../../../arm-none-eabi/lib/thumb/v7e-m+fp/hard/libc_nano.a(lib_a-findfp.o)
                0x00000000080090ec                __sfp_lock_acquire
 .text.__sfp_lock_release
                0x00000000080090f8        0xc /home/max/ide/stm32cubeide_1.5.1/plugins/com.st.stm32cube.ide.mcu.externaltools.gnu-tools-for-stm32.9-2020-q2-update.linux64_1.5.0.202011040924/tools/bin/../lib/gcc/arm-none-eabi/9.3.1/../../../../arm-none-eabi/lib/thumb/v7e-m+fp/hard/libc_nano.a(lib_a-findfp.o)
                0x00000000080090f8                __sfp_lock_release
 .text.__sinit_lock_acquire
                0x0000000008009104        0xc /home/max/ide/stm32cubeide_1.5.1/plugins/com.st.stm32cube.ide.mcu.externaltools.gnu-tools-for-stm32.9-2020-q2-update.linux64_1.5.0.202011040924/tools/bin/../lib/gcc/arm-none-eabi/9.3.1/../../../../arm-none-eabi/lib/thumb/v7e-m+fp/hard/libc_nano.a(lib_a-findfp.o)
                0x0000000008009104                __sinit_lock_acquire
 .text.__sinit_lock_release
                0x0000000008009110        0xc /home/max/ide/stm32cubeide_1.5.1/plugins/com.st.stm32cube.ide.mcu.externaltools.gnu-tools-for-stm32.9-2020-q2-update.linux64_1.5.0.202011040924/tools/bin/../lib/gcc/arm-none-eabi/9.3.1/../../../../arm-none-eabi/lib/thumb/v7e-m+fp/hard/libc_nano.a(lib_a-findfp.o)
                0x0000000008009110                __sinit_lock_release
 .text.__sinit  0x000000000800911c       0x70 /home/max/ide/stm32cubeide_1.5.1/plugins/com.st.stm32cube.ide.mcu.externaltools.gnu-tools-for-stm32.9-2020-q2-update.linux64_1.5.0.202011040924/tools/bin/../lib/gcc/arm-none-eabi/9.3.1/../../../../arm-none-eabi/lib/thumb/v7e-m+fp/hard/libc_nano.a(lib_a-findfp.o)
                0x000000000800911c                __sinit
 .text.__sfp    0x000000000800918c       0x8c /home/max/ide/stm32cubeide_1.5.1/plugins/com.st.stm32cube.ide.mcu.externaltools.gnu-tools-for-stm32.9-2020-q2-update.linux64_1.5.0.202011040924/tools/bin/../lib/gcc/arm-none-eabi/9.3.1/../../../../arm-none-eabi/lib/thumb/v7e-m+fp/hard/libc_nano.a(lib_a-findfp.o)
                0x000000000800918c                __sfp
 .text.fprintf  0x0000000008009218       0x24 /home/max/ide/stm32cubeide_1.5.1/plugins/com.st.stm32cube.ide.mcu.externaltools.gnu-tools-for-stm32.9-2020-q2-update.linux64_1.5.0.202011040924/tools/bin/../lib/gcc/arm-none-eabi/9.3.1/../../../../arm-none-eabi/lib/thumb/v7e-m+fp/hard/libc_nano.a(lib_a-fprintf.o)
                0x0000000008009218                fprintf
                0x0000000008009218                fiprintf
 .text._fwalk_reent
                0x000000000800923c       0x3e /home/max/ide/stm32cubeide_1.5.1/plugins/com.st.stm32cube.ide.mcu.externaltools.gnu-tools-for-stm32.9-2020-q2-update.linux64_1.5.0.202011040924/tools/bin/../lib/gcc/arm-none-eabi/9.3.1/../../../../arm-none-eabi/lib/thumb/v7e-m+fp/hard/libc_nano.a(lib_a-fwalk.o)
                0x000000000800923c                _fwalk_reent
 *fill*         0x000000000800927a        0x2 
 .text._gettimeofday_r
                0x000000000800927c       0x24 /home/max/ide/stm32cubeide_1.5.1/plugins/com.st.stm32cube.ide.mcu.externaltools.gnu-tools-for-stm32.9-2020-q2-update.linux64_1.5.0.202011040924/tools/bin/../lib/gcc/arm-none-eabi/9.3.1/../../../../arm-none-eabi/lib/thumb/v7e-m+fp/hard/libc_nano.a(lib_a-gettimeofdayr.o)
                0x000000000800927c                _gettimeofday_r
 .text.__retarget_lock_init_recursive
                0x00000000080092a0        0x2 /home/max/ide/stm32cubeide_1.5.1/plugins/com.st.stm32cube.ide.mcu.externaltools.gnu-tools-for-stm32.9-2020-q2-update.linux64_1.5.0.202011040924/tools/bin/../lib/gcc/arm-none-eabi/9.3.1/../../../../arm-none-eabi/lib/thumb/v7e-m+fp/hard/libc_nano.a(lib_a-lock.o)
                0x00000000080092a0                __retarget_lock_init_recursive
 .text.__retarget_lock_acquire_recursive
                0x00000000080092a2        0x2 /home/max/ide/stm32cubeide_1.5.1/plugins/com.st.stm32cube.ide.mcu.externaltools.gnu-tools-for-stm32.9-2020-q2-update.linux64_1.5.0.202011040924/tools/bin/../lib/gcc/arm-none-eabi/9.3.1/../../../../arm-none-eabi/lib/thumb/v7e-m+fp/hard/libc_nano.a(lib_a-lock.o)
                0x00000000080092a2                __retarget_lock_acquire_recursive
 .text.__retarget_lock_release_recursive
                0x00000000080092a4        0x2 /home/max/ide/stm32cubeide_1.5.1/plugins/com.st.stm32cube.ide.mcu.externaltools.gnu-tools-for-stm32.9-2020-q2-update.linux64_1.5.0.202011040924/tools/bin/../lib/gcc/arm-none-eabi/9.3.1/../../../../arm-none-eabi/lib/thumb/v7e-m+fp/hard/libc_nano.a(lib_a-lock.o)
                0x00000000080092a4                __retarget_lock_release_recursive
 .text.__swhatbuf_r
                0x00000000080092a6       0x48 /home/max/ide/stm32cubeide_1.5.1/plugins/com.st.stm32cube.ide.mcu.externaltools.gnu-tools-for-stm32.9-2020-q2-update.linux64_1.5.0.202011040924/tools/bin/../lib/gcc/arm-none-eabi/9.3.1/../../../../arm-none-eabi/lib/thumb/v7e-m+fp/hard/libc_nano.a(lib_a-makebuf.o)
                0x00000000080092a6                __swhatbuf_r
 *fill*         0x00000000080092ee        0x2 
 .text.__smakebuf_r
                0x00000000080092f0       0x80 /home/max/ide/stm32cubeide_1.5.1/plugins/com.st.stm32cube.ide.mcu.externaltools.gnu-tools-for-stm32.9-2020-q2-update.linux64_1.5.0.202011040924/tools/bin/../lib/gcc/arm-none-eabi/9.3.1/../../../../arm-none-eabi/lib/thumb/v7e-m+fp/hard/libc_nano.a(lib_a-makebuf.o)
                0x00000000080092f0                __smakebuf_r
 .text.__malloc_lock
                0x0000000008009370        0xc /home/max/ide/stm32cubeide_1.5.1/plugins/com.st.stm32cube.ide.mcu.externaltools.gnu-tools-for-stm32.9-2020-q2-update.linux64_1.5.0.202011040924/tools/bin/../lib/gcc/arm-none-eabi/9.3.1/../../../../arm-none-eabi/lib/thumb/v7e-m+fp/hard/libc_nano.a(lib_a-mlock.o)
                0x0000000008009370                __malloc_lock
 .text.__malloc_unlock
                0x000000000800937c        0xc /home/max/ide/stm32cubeide_1.5.1/plugins/com.st.stm32cube.ide.mcu.externaltools.gnu-tools-for-stm32.9-2020-q2-update.linux64_1.5.0.202011040924/tools/bin/../lib/gcc/arm-none-eabi/9.3.1/../../../../arm-none-eabi/lib/thumb/v7e-m+fp/hard/libc_nano.a(lib_a-mlock.o)
                0x000000000800937c                __malloc_unlock
 .text.__sfputc_r
                0x0000000008009388       0x2e /home/max/ide/stm32cubeide_1.5.1/plugins/com.st.stm32cube.ide.mcu.externaltools.gnu-tools-for-stm32.9-2020-q2-update.linux64_1.5.0.202011040924/tools/bin/../lib/gcc/arm-none-eabi/9.3.1/../../../../arm-none-eabi/lib/thumb/v7e-m+fp/hard/libc_nano.a(lib_a-nano-vfprintf.o)
 .text.__sfputs_r
                0x00000000080093b6       0x24 /home/max/ide/stm32cubeide_1.5.1/plugins/com.st.stm32cube.ide.mcu.externaltools.gnu-tools-for-stm32.9-2020-q2-update.linux64_1.5.0.202011040924/tools/bin/../lib/gcc/arm-none-eabi/9.3.1/../../../../arm-none-eabi/lib/thumb/v7e-m+fp/hard/libc_nano.a(lib_a-nano-vfprintf.o)
                0x00000000080093b6                __sfputs_r
 *fill*         0x00000000080093da        0x2 
 .text._vfprintf_r
                0x00000000080093dc      0x260 /home/max/ide/stm32cubeide_1.5.1/plugins/com.st.stm32cube.ide.mcu.externaltools.gnu-tools-for-stm32.9-2020-q2-update.linux64_1.5.0.202011040924/tools/bin/../lib/gcc/arm-none-eabi/9.3.1/../../../../arm-none-eabi/lib/thumb/v7e-m+fp/hard/libc_nano.a(lib_a-nano-vfprintf.o)
                0x00000000080093dc                _vfiprintf_r
                0x00000000080093dc                _vfprintf_r
 .text._printf_common
                0x000000000800963c       0xda /home/max/ide/stm32cubeide_1.5.1/plugins/com.st.stm32cube.ide.mcu.externaltools.gnu-tools-for-stm32.9-2020-q2-update.linux64_1.5.0.202011040924/tools/bin/../lib/gcc/arm-none-eabi/9.3.1/../../../../arm-none-eabi/lib/thumb/v7e-m+fp/hard/libc_nano.a(lib_a-nano-vfprintf_i.o)
                0x000000000800963c                _printf_common
 *fill*         0x0000000008009716        0x2 
 .text._printf_i
                0x0000000008009718      0x24c /home/max/ide/stm32cubeide_1.5.1/plugins/com.st.stm32cube.ide.mcu.externaltools.gnu-tools-for-stm32.9-2020-q2-update.linux64_1.5.0.202011040924/tools/bin/../lib/gcc/arm-none-eabi/9.3.1/../../../../arm-none-eabi/lib/thumb/v7e-m+fp/hard/libc_nano.a(lib_a-nano-vfprintf_i.o)
                0x0000000008009718                _printf_i
 .text.__sread  0x0000000008009964       0x22 /home/max/ide/stm32cubeide_1.5.1/plugins/com.st.stm32cube.ide.mcu.externaltools.gnu-tools-for-stm32.9-2020-q2-update.linux64_1.5.0.202011040924/tools/bin/../lib/gcc/arm-none-eabi/9.3.1/../../../../arm-none-eabi/lib/thumb/v7e-m+fp/hard/libc_nano.a(lib_a-stdio.o)
                0x0000000008009964                __sread
 .text.__swrite
                0x0000000008009986       0x38 /home/max/ide/stm32cubeide_1.5.1/plugins/com.st.stm32cube.ide.mcu.externaltools.gnu-tools-for-stm32.9-2020-q2-update.linux64_1.5.0.202011040924/tools/bin/../lib/gcc/arm-none-eabi/9.3.1/../../../../arm-none-eabi/lib/thumb/v7e-m+fp/hard/libc_nano.a(lib_a-stdio.o)
                0x0000000008009986                __swrite
 .text.__sseek  0x00000000080099be       0x24 /home/max/ide/stm32cubeide_1.5.1/plugins/com.st.stm32cube.ide.mcu.externaltools.gnu-tools-for-stm32.9-2020-q2-update.linux64_1.5.0.202011040924/tools/bin/../lib/gcc/arm-none-eabi/9.3.1/../../../../arm-none-eabi/lib/thumb/v7e-m+fp/hard/libc_nano.a(lib_a-stdio.o)
                0x00000000080099be                __sseek
 .text.__sclose
                0x00000000080099e2        0x8 /home/max/ide/stm32cubeide_1.5.1/plugins/com.st.stm32cube.ide.mcu.externaltools.gnu-tools-for-stm32.9-2020-q2-update.linux64_1.5.0.202011040924/tools/bin/../lib/gcc/arm-none-eabi/9.3.1/../../../../arm-none-eabi/lib/thumb/v7e-m+fp/hard/libc_nano.a(lib_a-stdio.o)
                0x00000000080099e2                __sclose
 *fill*         0x00000000080099ea        0x2 
 .text._write_r
                0x00000000080099ec       0x24 /home/max/ide/stm32cubeide_1.5.1/plugins/com.st.stm32cube.ide.mcu.externaltools.gnu-tools-for-stm32.9-2020-q2-update.linux64_1.5.0.202011040924/tools/bin/../lib/gcc/arm-none-eabi/9.3.1/../../../../arm-none-eabi/lib/thumb/v7e-m+fp/hard/libc_nano.a(lib_a-writer.o)
                0x00000000080099ec                _write_r
 .text.abort    0x0000000008009a10        0xe /home/max/ide/stm32cubeide_1.5.1/plugins/com.st.stm32cube.ide.mcu.externaltools.gnu-tools-for-stm32.9-2020-q2-update.linux64_1.5.0.202011040924/tools/bin/../lib/gcc/arm-none-eabi/9.3.1/../../../../arm-none-eabi/lib/thumb/v7e-m+fp/hard/libc_nano.a(lib_a-abort.o)
                0x0000000008009a10                abort
 *fill*         0x0000000008009a1e        0x2 
 .text._close_r
                0x0000000008009a20       0x20 /home/max/ide/stm32cubeide_1.5.1/plugins/com.st.stm32cube.ide.mcu.externaltools.gnu-tools-for-stm32.9-2020-q2-update.linux64_1.5.0.202011040924/tools/bin/../lib/gcc/arm-none-eabi/9.3.1/../../../../arm-none-eabi/lib/thumb/v7e-m+fp/hard/libc_nano.a(lib_a-closer.o)
                0x0000000008009a20                _close_r
 .text._fstat_r
                0x0000000008009a40       0x24 /home/max/ide/stm32cubeide_1.5.1/plugins/com.st.stm32cube.ide.mcu.externaltools.gnu-tools-for-stm32.9-2020-q2-update.linux64_1.5.0.202011040924/tools/bin/../lib/gcc/arm-none-eabi/9.3.1/../../../../arm-none-eabi/lib/thumb/v7e-m+fp/hard/libc_nano.a(lib_a-fstatr.o)
                0x0000000008009a40                _fstat_r
 .text._isatty_r
                0x0000000008009a64       0x20 /home/max/ide/stm32cubeide_1.5.1/plugins/com.st.stm32cube.ide.mcu.externaltools.gnu-tools-for-stm32.9-2020-q2-update.linux64_1.5.0.202011040924/tools/bin/../lib/gcc/arm-none-eabi/9.3.1/../../../../arm-none-eabi/lib/thumb/v7e-m+fp/hard/libc_nano.a(lib_a-isattyr.o)
                0x0000000008009a64                _isatty_r
 .text._lseek_r
                0x0000000008009a84       0x24 /home/max/ide/stm32cubeide_1.5.1/plugins/com.st.stm32cube.ide.mcu.externaltools.gnu-tools-for-stm32.9-2020-q2-update.linux64_1.5.0.202011040924/tools/bin/../lib/gcc/arm-none-eabi/9.3.1/../../../../arm-none-eabi/lib/thumb/v7e-m+fp/hard/libc_nano.a(lib_a-lseekr.o)
                0x0000000008009a84                _lseek_r
 .text._read_r  0x0000000008009aa8       0x24 /home/max/ide/stm32cubeide_1.5.1/plugins/com.st.stm32cube.ide.mcu.externaltools.gnu-tools-for-stm32.9-2020-q2-update.linux64_1.5.0.202011040924/tools/bin/../lib/gcc/arm-none-eabi/9.3.1/../../../../arm-none-eabi/lib/thumb/v7e-m+fp/hard/libc_nano.a(lib_a-readr.o)
                0x0000000008009aa8                _read_r
 .text._raise_r
                0x0000000008009acc       0x50 /home/max/ide/stm32cubeide_1.5.1/plugins/com.st.stm32cube.ide.mcu.externaltools.gnu-tools-for-stm32.9-2020-q2-update.linux64_1.5.0.202011040924/tools/bin/../lib/gcc/arm-none-eabi/9.3.1/../../../../arm-none-eabi/lib/thumb/v7e-m+fp/hard/libc_nano.a(lib_a-signal.o)
                0x0000000008009acc                _raise_r
 .text.raise    0x0000000008009b1c       0x10 /home/max/ide/stm32cubeide_1.5.1/plugins/com.st.stm32cube.ide.mcu.externaltools.gnu-tools-for-stm32.9-2020-q2-update.linux64_1.5.0.202011040924/tools/bin/../lib/gcc/arm-none-eabi/9.3.1/../../../../arm-none-eabi/lib/thumb/v7e-m+fp/hard/libc_nano.a(lib_a-signal.o)
                0x0000000008009b1c                raise
 .text._kill_r  0x0000000008009b2c       0x24 /home/max/ide/stm32cubeide_1.5.1/plugins/com.st.stm32cube.ide.mcu.externaltools.gnu-tools-for-stm32.9-2020-q2-update.linux64_1.5.0.202011040924/tools/bin/../lib/gcc/arm-none-eabi/9.3.1/../../../../arm-none-eabi/lib/thumb/v7e-m+fp/hard/libc_nano.a(lib_a-signalr.o)
                0x0000000008009b2c                _kill_r
 .text._getpid_r
                0x0000000008009b50        0x4 /home/max/ide/stm32cubeide_1.5.1/plugins/com.st.stm32cube.ide.mcu.externaltools.gnu-tools-for-stm32.9-2020-q2-update.linux64_1.5.0.202011040924/tools/bin/../lib/gcc/arm-none-eabi/9.3.1/../../../../arm-none-eabi/lib/thumb/v7e-m+fp/hard/libc_nano.a(lib_a-signalr.o)
                0x0000000008009b50                _getpid_r
 .text._gettimeofday
                0x0000000008009b54       0x10 /home/max/ide/stm32cubeide_1.5.1/plugins/com.st.stm32cube.ide.mcu.externaltools.gnu-tools-for-stm32.9-2020-q2-update.linux64_1.5.0.202011040924/tools/bin/../lib/gcc/arm-none-eabi/9.3.1/../../../../arm-none-eabi/lib/thumb/v7e-m+fp/hard/libnosys.a(gettod.o)
                0x0000000008009b54                _gettimeofday
 *(.glue_7)
 .glue_7        0x0000000008009b64        0x0 linker stubs
 *(.glue_7t)
 .glue_7t       0x0000000008009b64        0x0 linker stubs
 *(.eh_frame)
 .eh_frame      0x0000000008009b64        0x0 /home/max/ide/stm32cubeide_1.5.1/plugins/com.st.stm32cube.ide.mcu.externaltools.gnu-tools-for-stm32.9-2020-q2-update.linux64_1.5.0.202011040924/tools/bin/../lib/gcc/arm-none-eabi/9.3.1/thumb/v7e-m+fp/hard/crtbegin.o
 *(.init)
 .init          0x0000000008009b64        0x4 /home/max/ide/stm32cubeide_1.5.1/plugins/com.st.stm32cube.ide.mcu.externaltools.gnu-tools-for-stm32.9-2020-q2-update.linux64_1.5.0.202011040924/tools/bin/../lib/gcc/arm-none-eabi/9.3.1/thumb/v7e-m+fp/hard/crti.o
                0x0000000008009b64                _init
 .init          0x0000000008009b68        0x8 /home/max/ide/stm32cubeide_1.5.1/plugins/com.st.stm32cube.ide.mcu.externaltools.gnu-tools-for-stm32.9-2020-q2-update.linux64_1.5.0.202011040924/tools/bin/../lib/gcc/arm-none-eabi/9.3.1/thumb/v7e-m+fp/hard/crtn.o
 *(.fini)
 .fini          0x0000000008009b70        0x4 /home/max/ide/stm32cubeide_1.5.1/plugins/com.st.stm32cube.ide.mcu.externaltools.gnu-tools-for-stm32.9-2020-q2-update.linux64_1.5.0.202011040924/tools/bin/../lib/gcc/arm-none-eabi/9.3.1/thumb/v7e-m+fp/hard/crti.o
                0x0000000008009b70                _fini
 .fini          0x0000000008009b74        0x8 /home/max/ide/stm32cubeide_1.5.1/plugins/com.st.stm32cube.ide.mcu.externaltools.gnu-tools-for-stm32.9-2020-q2-update.linux64_1.5.0.202011040924/tools/bin/../lib/gcc/arm-none-eabi/9.3.1/thumb/v7e-m+fp/hard/crtn.o
                0x0000000008009b7c                . = ALIGN (0x4)
                0x0000000008009b7c                _etext = .

.vfp11_veneer   0x0000000008009b7c        0x0
 .vfp11_veneer  0x0000000008009b7c        0x0 linker stubs

.v4_bx          0x0000000008009b7c        0x0
 .v4_bx         0x0000000008009b7c        0x0 linker stubs

.iplt           0x0000000008009b7c        0x0
 .iplt          0x0000000008009b7c        0x0 /home/max/ide/stm32cubeide_1.5.1/plugins/com.st.stm32cube.ide.mcu.externaltools.gnu-tools-for-stm32.9-2020-q2-update.linux64_1.5.0.202011040924/tools/bin/../lib/gcc/arm-none-eabi/9.3.1/thumb/v7e-m+fp/hard/crtbegin.o

.rodata         0x0000000008009b7c      0x398
                0x0000000008009b7c                . = ALIGN (0x4)
 *(.rodata)
 .rodata        0x0000000008009b7c      0x1ad Core/Src/main.o
 *fill*         0x0000000008009d29        0x3 
 .rodata        0x0000000008009d2c        0x5 Middlewares/Third_Party/FreeRTOS/Source/tasks.o
 *fill*         0x0000000008009d31        0x3 
 .rodata        0x0000000008009d34        0xd Middlewares/Third_Party/FreeRTOS/Source/timers.o
 *(.rodata*)
 *fill*         0x0000000008009d41        0x3 
 .rodata.teams  0x0000000008009d44        0xc Core/Src/main.o
                0x0000000008009d44                teams
 .rodata.defaultTask_attributes
                0x0000000008009d50       0x24 Core/Src/main.o
                0x0000000008009d50                defaultTask_attributes
 .rodata.dispatcher_attributes
                0x0000000008009d74       0x24 Core/Src/main.o
                0x0000000008009d74                dispatcher_attributes
 .rodata.dispatcherQueue_attributes
                0x0000000008009d98       0x18 Core/Src/main.o
                0x0000000008009d98                dispatcherQueue_attributes
 .rodata.AHBPrescTable
                0x0000000008009db0       0x10 Core/Src/system_stm32f7xx.o
                0x0000000008009db0                AHBPrescTable
 .rodata.APBPrescTable
                0x0000000008009dc0        0x8 Core/Src/system_stm32f7xx.o
                0x0000000008009dc0                APBPrescTable
 .rodata._global_impure_ptr
                0x0000000008009dc8        0x4 /home/max/ide/stm32cubeide_1.5.1/plugins/com.st.stm32cube.ide.mcu.externaltools.gnu-tools-for-stm32.9-2020-q2-update.linux64_1.5.0.202011040924/tools/bin/../lib/gcc/arm-none-eabi/9.3.1/../../../../arm-none-eabi/lib/thumb/v7e-m+fp/hard/libc_nano.a(lib_a-impure.o)
                0x0000000008009dc8                _global_impure_ptr
 .rodata.srand.str1.1
                0x0000000008009dcc       0x76 /home/max/ide/stm32cubeide_1.5.1/plugins/com.st.stm32cube.ide.mcu.externaltools.gnu-tools-for-stm32.9-2020-q2-update.linux64_1.5.0.202011040924/tools/bin/../lib/gcc/arm-none-eabi/9.3.1/../../../../arm-none-eabi/lib/thumb/v7e-m+fp/hard/libc_nano.a(lib_a-rand.o)
 .rodata.__assert_func.str1.1
                0x0000000008009e42       0x3c /home/max/ide/stm32cubeide_1.5.1/plugins/com.st.stm32cube.ide.mcu.externaltools.gnu-tools-for-stm32.9-2020-q2-update.linux64_1.5.0.202011040924/tools/bin/../lib/gcc/arm-none-eabi/9.3.1/../../../../arm-none-eabi/lib/thumb/v7e-m+fp/hard/libc_nano.a(lib_a-assert.o)
                                         0x3d (size before relaxing)
 *fill*         0x0000000008009e7e        0x2 
 .rodata.__sf_fake_stderr
                0x0000000008009e80       0x20 /home/max/ide/stm32cubeide_1.5.1/plugins/com.st.stm32cube.ide.mcu.externaltools.gnu-tools-for-stm32.9-2020-q2-update.linux64_1.5.0.202011040924/tools/bin/../lib/gcc/arm-none-eabi/9.3.1/../../../../arm-none-eabi/lib/thumb/v7e-m+fp/hard/libc_nano.a(lib_a-findfp.o)
                0x0000000008009e80                __sf_fake_stderr
 .rodata.__sf_fake_stdin
                0x0000000008009ea0       0x20 /home/max/ide/stm32cubeide_1.5.1/plugins/com.st.stm32cube.ide.mcu.externaltools.gnu-tools-for-stm32.9-2020-q2-update.linux64_1.5.0.202011040924/tools/bin/../lib/gcc/arm-none-eabi/9.3.1/../../../../arm-none-eabi/lib/thumb/v7e-m+fp/hard/libc_nano.a(lib_a-findfp.o)
                0x0000000008009ea0                __sf_fake_stdin
 .rodata.__sf_fake_stdout
                0x0000000008009ec0       0x20 /home/max/ide/stm32cubeide_1.5.1/plugins/com.st.stm32cube.ide.mcu.externaltools.gnu-tools-for-stm32.9-2020-q2-update.linux64_1.5.0.202011040924/tools/bin/../lib/gcc/arm-none-eabi/9.3.1/../../../../arm-none-eabi/lib/thumb/v7e-m+fp/hard/libc_nano.a(lib_a-findfp.o)
                0x0000000008009ec0                __sf_fake_stdout
 .rodata._vfprintf_r.str1.1
                0x0000000008009ee0       0x11 /home/max/ide/stm32cubeide_1.5.1/plugins/com.st.stm32cube.ide.mcu.externaltools.gnu-tools-for-stm32.9-2020-q2-update.linux64_1.5.0.202011040924/tools/bin/../lib/gcc/arm-none-eabi/9.3.1/../../../../arm-none-eabi/lib/thumb/v7e-m+fp/hard/libc_nano.a(lib_a-nano-vfprintf.o)
 .rodata._printf_i.str1.1
                0x0000000008009ef1       0x22 /home/max/ide/stm32cubeide_1.5.1/plugins/com.st.stm32cube.ide.mcu.externaltools.gnu-tools-for-stm32.9-2020-q2-update.linux64_1.5.0.202011040924/tools/bin/../lib/gcc/arm-none-eabi/9.3.1/../../../../arm-none-eabi/lib/thumb/v7e-m+fp/hard/libc_nano.a(lib_a-nano-vfprintf_i.o)
                0x0000000008009f14                . = ALIGN (0x4)
 *fill*         0x0000000008009f13        0x1 

.ARM.extab      0x0000000008009f14        0x0
                0x0000000008009f14                . = ALIGN (0x4)
 *(.ARM.extab* .gnu.linkonce.armextab.*)
                0x0000000008009f14                . = ALIGN (0x4)

.ARM            0x0000000008009f14        0x8
                0x0000000008009f14                . = ALIGN (0x4)
                0x0000000008009f14                __exidx_start = .
 *(.ARM.exidx*)
 .ARM.exidx     0x0000000008009f14        0x8 /home/max/ide/stm32cubeide_1.5.1/plugins/com.st.stm32cube.ide.mcu.externaltools.gnu-tools-for-stm32.9-2020-q2-update.linux64_1.5.0.202011040924/tools/bin/../lib/gcc/arm-none-eabi/9.3.1/thumb/v7e-m+fp/hard/libgcc.a(_udivmoddi4.o)
                0x0000000008009f1c                __exidx_end = .
                0x0000000008009f1c                . = ALIGN (0x4)

.rel.dyn        0x0000000008009f1c        0x0
 .rel.iplt      0x0000000008009f1c        0x0 /home/max/ide/stm32cubeide_1.5.1/plugins/com.st.stm32cube.ide.mcu.externaltools.gnu-tools-for-stm32.9-2020-q2-update.linux64_1.5.0.202011040924/tools/bin/../lib/gcc/arm-none-eabi/9.3.1/thumb/v7e-m+fp/hard/crtbegin.o

.preinit_array  0x0000000008009f1c        0x0
                0x0000000008009f1c                . = ALIGN (0x4)
                0x0000000008009f1c                PROVIDE (__preinit_array_start = .)
 *(.preinit_array*)
                0x0000000008009f1c                PROVIDE (__preinit_array_end = .)
                0x0000000008009f1c                . = ALIGN (0x4)

.init_array     0x0000000008009f1c        0x4
                0x0000000008009f1c                . = ALIGN (0x4)
                0x0000000008009f1c                PROVIDE (__init_array_start = .)
 *(SORT_BY_NAME(.init_array.*))
 *(.init_array*)
 .init_array    0x0000000008009f1c        0x4 /home/max/ide/stm32cubeide_1.5.1/plugins/com.st.stm32cube.ide.mcu.externaltools.gnu-tools-for-stm32.9-2020-q2-update.linux64_1.5.0.202011040924/tools/bin/../lib/gcc/arm-none-eabi/9.3.1/thumb/v7e-m+fp/hard/crtbegin.o
                0x0000000008009f20                PROVIDE (__init_array_end = .)
                0x0000000008009f20                . = ALIGN (0x4)

.fini_array     0x0000000008009f20        0x4
                0x0000000008009f20                . = ALIGN (0x4)
                [!provide]                        PROVIDE (__fini_array_start = .)
 *(SORT_BY_NAME(.fini_array.*))
 *(.fini_array*)
 .fini_array    0x0000000008009f20        0x4 /home/max/ide/stm32cubeide_1.5.1/plugins/com.st.stm32cube.ide.mcu.externaltools.gnu-tools-for-stm32.9-2020-q2-update.linux64_1.5.0.202011040924/tools/bin/../lib/gcc/arm-none-eabi/9.3.1/thumb/v7e-m+fp/hard/crtbegin.o
                [!provide]                        PROVIDE (__fini_array_end = .)
                0x0000000008009f24                . = ALIGN (0x4)
                0x0000000008009f24                _sidata = LOADADDR (.data)

.data           0x0000000020000000       0x80 load address 0x0000000008009f24
                0x0000000020000000                . = ALIGN (0x4)
                0x0000000020000000                _sdata = .
 *(.data)
 *(.data*)
 .data.names    0x0000000020000000        0xc Core/Src/main.o
                0x0000000020000000                names
 .data.SystemCoreClock
                0x000000002000000c        0x4 Core/Src/system_stm32f7xx.o
                0x000000002000000c                SystemCoreClock
 .data.uwTickPrio
                0x0000000020000010        0x4 Drivers/STM32F7xx_HAL_Driver/Src/stm32f7xx_hal.o
                0x0000000020000010                uwTickPrio
 .data.uwTickFreq
                0x0000000020000014        0x1 Drivers/STM32F7xx_HAL_Driver/Src/stm32f7xx_hal.o
                0x0000000020000014                uwTickFreq
 *fill*         0x0000000020000015        0x3 
 .data.uxCriticalNesting
                0x0000000020000018        0x4 Middlewares/Third_Party/FreeRTOS/Source/portable/GCC/ARM_CM7/r0p1/port.o
 .data._impure_ptr
                0x000000002000001c        0x4 /home/max/ide/stm32cubeide_1.5.1/plugins/com.st.stm32cube.ide.mcu.externaltools.gnu-tools-for-stm32.9-2020-q2-update.linux64_1.5.0.202011040924/tools/bin/../lib/gcc/arm-none-eabi/9.3.1/../../../../arm-none-eabi/lib/thumb/v7e-m+fp/hard/libc_nano.a(lib_a-impure.o)
                0x000000002000001c                _impure_ptr
 .data.impure_data
                0x0000000020000020       0x60 /home/max/ide/stm32cubeide_1.5.1/plugins/com.st.stm32cube.ide.mcu.externaltools.gnu-tools-for-stm32.9-2020-q2-update.linux64_1.5.0.202011040924/tools/bin/../lib/gcc/arm-none-eabi/9.3.1/../../../../arm-none-eabi/lib/thumb/v7e-m+fp/hard/libc_nano.a(lib_a-impure.o)
 *(.RamFunc)
 *(.RamFunc*)
                0x0000000020000080                . = ALIGN (0x4)
                0x0000000020000080                _edata = .

.igot.plt       0x0000000020000080        0x0 load address 0x0000000008009fa4
 .igot.plt      0x0000000020000080        0x0 /home/max/ide/stm32cubeide_1.5.1/plugins/com.st.stm32cube.ide.mcu.externaltools.gnu-tools-for-stm32.9-2020-q2-update.linux64_1.5.0.202011040924/tools/bin/../lib/gcc/arm-none-eabi/9.3.1/thumb/v7e-m+fp/hard/crtbegin.o
                0x0000000020000080                . = ALIGN (0x4)

.bss            0x0000000020000080     0x4ee8 load address 0x0000000008009fa4
                0x0000000020000080                _sbss = .
                0x0000000020000080                __bss_start__ = _sbss
 *(.bss)
 .bss           0x0000000020000080       0x1c /home/max/ide/stm32cubeide_1.5.1/plugins/com.st.stm32cube.ide.mcu.externaltools.gnu-tools-for-stm32.9-2020-q2-update.linux64_1.5.0.202011040924/tools/bin/../lib/gcc/arm-none-eabi/9.3.1/thumb/v7e-m+fp/hard/crtbegin.o
 *(.bss*)
 .bss.__sbrk_heap_end
                0x000000002000009c        0x4 Core/Src/sysmem.o
 .bss.KernelState
                0x00000000200000a0        0x4 Middlewares/Third_Party/FreeRTOS/Source/CMSIS_RTOS_V2/cmsis_os2.o
 .bss.Idle_TCB  0x00000000200000a4       0x5c Middlewares/Third_Party/FreeRTOS/Source/CMSIS_RTOS_V2/cmsis_os2.o
 .bss.Idle_Stack
                0x0000000020000100      0x200 Middlewares/Third_Party/FreeRTOS/Source/CMSIS_RTOS_V2/cmsis_os2.o
 .bss.Timer_TCB
                0x0000000020000300       0x5c Middlewares/Third_Party/FreeRTOS/Source/CMSIS_RTOS_V2/cmsis_os2.o
 .bss.Timer_Stack
                0x000000002000035c      0x400 Middlewares/Third_Party/FreeRTOS/Source/CMSIS_RTOS_V2/cmsis_os2.o
 .bss.pxCurrentTCB
                0x000000002000075c        0x4 Middlewares/Third_Party/FreeRTOS/Source/tasks.o
                0x000000002000075c                pxCurrentTCB
 .bss.pxReadyTasksLists
                0x0000000020000760      0x460 Middlewares/Third_Party/FreeRTOS/Source/tasks.o
 .bss.xDelayedTaskList1
                0x0000000020000bc0       0x14 Middlewares/Third_Party/FreeRTOS/Source/tasks.o
 .bss.xDelayedTaskList2
                0x0000000020000bd4       0x14 Middlewares/Third_Party/FreeRTOS/Source/tasks.o
 .bss.pxDelayedTaskList
                0x0000000020000be8        0x4 Middlewares/Third_Party/FreeRTOS/Source/tasks.o
 .bss.pxOverflowDelayedTaskList
                0x0000000020000bec        0x4 Middlewares/Third_Party/FreeRTOS/Source/tasks.o
 .bss.xPendingReadyList
                0x0000000020000bf0       0x14 Middlewares/Third_Party/FreeRTOS/Source/tasks.o
 .bss.xTasksWaitingTermination
                0x0000000020000c04       0x14 Middlewares/Third_Party/FreeRTOS/Source/tasks.o
 .bss.uxDeletedTasksWaitingCleanUp
                0x0000000020000c18        0x4 Middlewares/Third_Party/FreeRTOS/Source/tasks.o
 .bss.xSuspendedTaskList
                0x0000000020000c1c       0x14 Middlewares/Third_Party/FreeRTOS/Source/tasks.o
 .bss.uxCurrentNumberOfTasks
                0x0000000020000c30        0x4 Middlewares/Third_Party/FreeRTOS/Source/tasks.o
 .bss.xTickCount
                0x0000000020000c34        0x4 Middlewares/Third_Party/FreeRTOS/Source/tasks.o
 .bss.uxTopReadyPriority
                0x0000000020000c38        0x4 Middlewares/Third_Party/FreeRTOS/Source/tasks.o
 .bss.xSchedulerRunning
                0x0000000020000c3c        0x4 Middlewares/Third_Party/FreeRTOS/Source/tasks.o
 .bss.uxPendedTicks
                0x0000000020000c40        0x4 Middlewares/Third_Party/FreeRTOS/Source/tasks.o
 .bss.xYieldPending
                0x0000000020000c44        0x4 Middlewares/Third_Party/FreeRTOS/Source/tasks.o
 .bss.xNumOfOverflows
                0x0000000020000c48        0x4 Middlewares/Third_Party/FreeRTOS/Source/tasks.o
 .bss.uxTaskNumber
                0x0000000020000c4c        0x4 Middlewares/Third_Party/FreeRTOS/Source/tasks.o
 .bss.xNextTaskUnblockTime
                0x0000000020000c50        0x4 Middlewares/Third_Party/FreeRTOS/Source/tasks.o
 .bss.xIdleTaskHandle
                0x0000000020000c54        0x4 Middlewares/Third_Party/FreeRTOS/Source/tasks.o
 .bss.uxSchedulerSuspended
                0x0000000020000c58        0x4 Middlewares/Third_Party/FreeRTOS/Source/tasks.o
 .bss.xActiveTimerList1
                0x0000000020000c5c       0x14 Middlewares/Third_Party/FreeRTOS/Source/timers.o
 .bss.xActiveTimerList2
                0x0000000020000c70       0x14 Middlewares/Third_Party/FreeRTOS/Source/timers.o
 .bss.pxCurrentTimerList
                0x0000000020000c84        0x4 Middlewares/Third_Party/FreeRTOS/Source/timers.o
 .bss.pxOverflowTimerList
                0x0000000020000c88        0x4 Middlewares/Third_Party/FreeRTOS/Source/timers.o
 .bss.xTimerQueue
                0x0000000020000c8c        0x4 Middlewares/Third_Party/FreeRTOS/Source/timers.o
 .bss.xTimerTaskHandle
                0x0000000020000c90        0x4 Middlewares/Third_Party/FreeRTOS/Source/timers.o
 .bss.xLastTime.6901
                0x0000000020000c94        0x4 Middlewares/Third_Party/FreeRTOS/Source/timers.o
 .bss.ucStaticTimerQueueStorage.6952
                0x0000000020000c98       0xa0 Middlewares/Third_Party/FreeRTOS/Source/timers.o
 .bss.xStaticTimerQueue.6951
                0x0000000020000d38       0x50 Middlewares/Third_Party/FreeRTOS/Source/timers.o
 .bss.ucMaxSysCallPriority
                0x0000000020000d88        0x1 Middlewares/Third_Party/FreeRTOS/Source/portable/GCC/ARM_CM7/r0p1/port.o
 *fill*         0x0000000020000d89        0x3 
 .bss.ulMaxPRIGROUPValue
                0x0000000020000d8c        0x4 Middlewares/Third_Party/FreeRTOS/Source/portable/GCC/ARM_CM7/r0p1/port.o
 .bss.ucHeap    0x0000000020000d90     0x3c00 Middlewares/Third_Party/FreeRTOS/Source/portable/MemMang/heap_4.o
 .bss.xStart    0x0000000020004990        0x8 Middlewares/Third_Party/FreeRTOS/Source/portable/MemMang/heap_4.o
 .bss.pxEnd     0x0000000020004998        0x4 Middlewares/Third_Party/FreeRTOS/Source/portable/MemMang/heap_4.o
 .bss.xFreeBytesRemaining
                0x000000002000499c        0x4 Middlewares/Third_Party/FreeRTOS/Source/portable/MemMang/heap_4.o
 .bss.xMinimumEverFreeBytesRemaining
                0x00000000200049a0        0x4 Middlewares/Third_Party/FreeRTOS/Source/portable/MemMang/heap_4.o
 .bss.xBlockAllocatedBit
                0x00000000200049a4        0x4 Middlewares/Third_Party/FreeRTOS/Source/portable/MemMang/heap_4.o
 .bss.__malloc_free_list
                0x00000000200049a8        0x4 /home/max/ide/stm32cubeide_1.5.1/plugins/com.st.stm32cube.ide.mcu.externaltools.gnu-tools-for-stm32.9-2020-q2-update.linux64_1.5.0.202011040924/tools/bin/../lib/gcc/arm-none-eabi/9.3.1/../../../../arm-none-eabi/lib/thumb/v7e-m+fp/hard/libc_nano.a(lib_a-nano-mallocr.o)
                0x00000000200049a8                __malloc_free_list
 .bss.__malloc_sbrk_start
                0x00000000200049ac        0x4 /home/max/ide/stm32cubeide_1.5.1/plugins/com.st.stm32cube.ide.mcu.externaltools.gnu-tools-for-stm32.9-2020-q2-update.linux64_1.5.0.202011040924/tools/bin/../lib/gcc/arm-none-eabi/9.3.1/../../../../arm-none-eabi/lib/thumb/v7e-m+fp/hard/libc_nano.a(lib_a-nano-mallocr.o)
                0x00000000200049ac                __malloc_sbrk_start
 *(COMMON)
 COMMON         0x00000000200049b0      0x518 Core/Src/main.o
                0x00000000200049b0                defaultTaskHandle
                0x00000000200049b4                huart3
                0x0000000020004a38                hpcd_USB_OTG_FS
                0x0000000020004e3c                services
                0x0000000020004e78                dispatcherHandle
                0x0000000020004e7c                heth
                0x0000000020004ec4                dispatcherQueueHandle
 COMMON         0x0000000020004ec8       0x4c Core/Src/stm32f7xx_hal_timebase_tim.o
                0x0000000020004ec8                htim1
 COMMON         0x0000000020004f14        0x4 Drivers/STM32F7xx_HAL_Driver/Src/stm32f7xx_hal.o
                0x0000000020004f14                uwTick
 COMMON         0x0000000020004f18       0x40 Middlewares/Third_Party/FreeRTOS/Source/queue.o
                0x0000000020004f18                xQueueRegistry
 COMMON         0x0000000020004f58        0x9 /home/max/ide/stm32cubeide_1.5.1/plugins/com.st.stm32cube.ide.mcu.externaltools.gnu-tools-for-stm32.9-2020-q2-update.linux64_1.5.0.202011040924/tools/bin/../lib/gcc/arm-none-eabi/9.3.1/../../../../arm-none-eabi/lib/thumb/v7e-m+fp/hard/libc_nano.a(lib_a-lock.o)
                0x0000000020004f58                __lock___atexit_recursive_mutex
                0x0000000020004f59                __lock___arc4random_mutex
                0x0000000020004f5a                __lock___env_recursive_mutex
                0x0000000020004f5b                __lock___sinit_recursive_mutex
                0x0000000020004f5c                __lock___malloc_recursive_mutex
                0x0000000020004f5d                __lock___at_quick_exit_mutex
                0x0000000020004f5e                __lock___dd_hash_mutex
                0x0000000020004f5f                __lock___tz_mutex
                0x0000000020004f60                __lock___sfp_recursive_mutex
 *fill*         0x0000000020004f61        0x3 
 COMMON         0x0000000020004f64        0x4 /home/max/ide/stm32cubeide_1.5.1/plugins/com.st.stm32cube.ide.mcu.externaltools.gnu-tools-for-stm32.9-2020-q2-update.linux64_1.5.0.202011040924/tools/bin/../lib/gcc/arm-none-eabi/9.3.1/../../../../arm-none-eabi/lib/thumb/v7e-m+fp/hard/libc_nano.a(lib_a-reent.o)
                0x0000000020004f64                errno
                0x0000000020004f68                . = ALIGN (0x4)