main.c:88:1:__io_putchar	16	static
main.c:121:5:main	56	static
main.c:250:6:SystemClock_Config	216	static
main.c:305:13:MX_ETH_Init	8	static
main.c:349:13:MX_USART3_UART_Init	8	static
main.c:384:13:MX_USB_OTG_FS_PCD_Init	8	static
main.c:419:13:MX_GPIO_Init	56	static
main.c:466:6:serviceTask	56	static
main.c:503:6:teamTask	24	static
main.c:525:6:StartDefaultTask	48	static
main.c:557:6:dispatch	72	static
main.c:593:6:HAL_TIM_PeriodElapsedCallback	16	static
main.c:610:6:Error_Handler	4	static,ignoring_inline_asm
